<!doctype html public "-//w3c//dtd html 4.0 transitional//en">
<html><head>
<title>Static Call Graph - [.\output\Project.axf]</title></head>
<body><HR>
<H1>Static Call Graph for image .\output\Project.axf</H1><HR>
<BR><P>#&#060CALLGRAPH&#062# ARM Linker, 5060960: Last Updated: Tue Dec 19 16:12:40 2023
<BR><P>
<H3>Maximum Stack Usage =       1100 bytes + Unknown(Cycles, Untraceable Function Pointers)</H3><H3>
Call chain for Maximum Stack Depth:</H3>
Task4GSend &rArr; HY_SendQueryRateAck &rArr; HYFreamSend &rArr; ModuleSIM7600_SendData &rArr; Send_AT_CIPSEND &rArr; UART_4GWrite &rArr; rt_thread_mdelay &rArr; rt_thread_sleep &rArr; rt_timer_start &rArr; rt_schedule &rArr; _rt_scheduler_stack_check &rArr; rt_kprintf &rArr; rt_vsnprintf &rArr; print_number
<P>
<H3>
Mutually Recursive functions
</H3> <LI><a href="#[20e]">rt_assert_handler</a>&nbsp;&nbsp;&nbsp;&rArr;&nbsp;&nbsp;&nbsp;<a href="#[197]">rt_kprintf</a><BR>
 <LI><a href="#[95]">ADC0_1_IRQHandler</a>&nbsp;&nbsp;&nbsp;&rArr;&nbsp;&nbsp;&nbsp;<a href="#[95]">ADC0_1_IRQHandler</a><BR>
</UL>
<P>
<H3>
Function Pointers
</H3><UL>
 <LI><a href="#[95]">ADC0_1_IRQHandler</a> from startup_gd32f10x_xd.o(.text) referenced from startup_gd32f10x_xd.o(RESET)
 <LI><a href="#[b2]">ADC2_IRQHandler</a> from startup_gd32f10x_xd.o(.text) referenced from startup_gd32f10x_xd.o(RESET)
 <LI><a href="#[d]">AP_RecvB16OFFLineRco</a> from apframe.o(i.AP_RecvB16OFFLineRco) referenced 2 times from apframe.o(.data)
 <LI><a href="#[b]">AP_RecvB17CardWL</a> from apframe.o(i.AP_RecvB17CardWL) referenced 2 times from apframe.o(.data)
 <LI><a href="#[c]">AP_RecvB21VINCardRes</a> from apframe.o(i.AP_RecvB21VINCardRes) referenced 2 times from apframe.o(.data)
 <LI><a href="#[7]">AP_RecvB54BillAck</a> from apframe.o(i.AP_RecvB54BillAck) referenced 2 times from apframe.o(.data)
 <LI><a href="#[9]">AP_RecvCardB7</a> from apframe.o(i.AP_RecvCardB7) referenced 2 times from apframe.o(.data)
 <LI><a href="#[a]">AP_RecvCardVinStartB11</a> from apframe.o(i.AP_RecvCardVinStartB11) referenced 2 times from apframe.o(.data)
 <LI><a href="#[4]">AP_RecvHearAck</a> from apframe.o(i.AP_RecvHearAck) referenced 2 times from apframe.o(.data)
 <LI><a href="#[6]">AP_RecvOnlineBillAck</a> from apframe.o(i.AP_RecvOnlineBillAck) referenced 2 times from apframe.o(.data)
 <LI><a href="#[1]">AP_RecvPricB2</a> from apframe.o(i.AP_RecvPricB2) referenced 2 times from apframe.o(.data)
 <LI><a href="#[2]">AP_RecvPricB47</a> from apframe.o(i.AP_RecvPricB47) referenced 2 times from apframe.o(.data)
 <LI><a href="#[8]">AP_RecvSTCmd</a> from apframe.o(i.AP_RecvSTCmd) referenced 2 times from apframe.o(.data)
 <LI><a href="#[3]">AP_RecvStartAppAck</a> from apframe.o(i.AP_RecvStartAppAck) referenced 2 times from apframe.o(.data)
 <LI><a href="#[5]">AP_RecvTime</a> from apframe.o(i.AP_RecvTime) referenced 2 times from apframe.o(.data)
 <LI><a href="#[0]">AP_RegisteeAck</a> from apframe.o(i.AP_RegisteeAck) referenced 2 times from apframe.o(.data)
 <LI><a href="#[13]">AP_SendCarInfoA</a> from apframe.o(i.AP_SendCarInfoA) referenced 2 times from apframe.o(.data)
 <LI><a href="#[14]">AP_SendCarInfoB</a> from apframe.o(i.AP_SendCarInfoB) referenced 2 times from apframe.o(.data)
 <LI><a href="#[11]">AP_SendChargeInfoA</a> from apframe.o(i.AP_SendChargeInfoA) referenced 2 times from apframe.o(.data)
 <LI><a href="#[12]">AP_SendChargeInfoB</a> from apframe.o(i.AP_SendChargeInfoB) referenced 2 times from apframe.o(.data)
 <LI><a href="#[f]">AP_SendHear</a> from apframe.o(i.AP_SendHear) referenced 2 times from apframe.o(.data)
 <LI><a href="#[10]">AP_SendRegister</a> from apframe.o(i.AP_SendRegister) referenced 2 times from apframe.o(.data)
 <LI><a href="#[e]">AP_SendStartApp</a> from apframe.o(i.AP_SendStartApp) referenced 2 times from apframe.o(.data)
 <LI><a href="#[123]">Amount_charging</a> from dwin_com_pro.o(i.Amount_charging) referenced from dwin_com_pro.o(.constdata)
 <LI><a href="#[7d]">BusFault_Handler</a> from gd32f10x_it.o(i.BusFault_Handler) referenced from startup_gd32f10x_xd.o(RESET)
 <LI><a href="#[99]">CAN0_EWMC_IRQHandler</a> from startup_gd32f10x_xd.o(.text) referenced from startup_gd32f10x_xd.o(RESET)
 <LI><a href="#[98]">CAN0_RX1_IRQHandler</a> from startup_gd32f10x_xd.o(.text) referenced from startup_gd32f10x_xd.o(RESET)
 <LI><a href="#[120]">Company_code</a> from dwin_com_pro.o(i.Company_code) referenced from dwin_com_pro.o(.constdata)
 <LI><a href="#[8e]">DMA0_Channel0_IRQHandler</a> from startup_gd32f10x_xd.o(.text) referenced from startup_gd32f10x_xd.o(RESET)
 <LI><a href="#[8f]">DMA0_Channel1_IRQHandler</a> from startup_gd32f10x_xd.o(.text) referenced from startup_gd32f10x_xd.o(RESET)
 <LI><a href="#[90]">DMA0_Channel2_IRQHandler</a> from startup_gd32f10x_xd.o(.text) referenced from startup_gd32f10x_xd.o(RESET)
 <LI><a href="#[91]">DMA0_Channel3_IRQHandler</a> from startup_gd32f10x_xd.o(.text) referenced from startup_gd32f10x_xd.o(RESET)
 <LI><a href="#[92]">DMA0_Channel4_IRQHandler</a> from startup_gd32f10x_xd.o(.text) referenced from startup_gd32f10x_xd.o(RESET)
 <LI><a href="#[93]">DMA0_Channel5_IRQHandler</a> from startup_gd32f10x_xd.o(.text) referenced from startup_gd32f10x_xd.o(RESET)
 <LI><a href="#[94]">DMA0_Channel6_IRQHandler</a> from startup_gd32f10x_xd.o(.text) referenced from startup_gd32f10x_xd.o(RESET)
 <LI><a href="#[bb]">DMA1_Channel0_IRQHandler</a> from startup_gd32f10x_xd.o(.text) referenced from startup_gd32f10x_xd.o(RESET)
 <LI><a href="#[bc]">DMA1_Channel1_IRQHandler</a> from startup_gd32f10x_xd.o(.text) referenced from startup_gd32f10x_xd.o(RESET)
 <LI><a href="#[bd]">DMA1_Channel2_IRQHandler</a> from startup_gd32f10x_xd.o(.text) referenced from startup_gd32f10x_xd.o(RESET)
 <LI><a href="#[be]">DMA1_Channel3_4_IRQHandler</a> from startup_gd32f10x_xd.o(.text) referenced from startup_gd32f10x_xd.o(RESET)
 <LI><a href="#[80]">DebugMon_Handler</a> from gd32f10x_it.o(i.DebugMon_Handler) referenced from startup_gd32f10x_xd.o(RESET)
 <LI><a href="#[b3]">EXMC_IRQHandler</a> from startup_gd32f10x_xd.o(.text) referenced from startup_gd32f10x_xd.o(RESET)
 <LI><a href="#[89]">EXTI0_IRQHandler</a> from drv_gpio.o(i.EXTI0_IRQHandler) referenced from startup_gd32f10x_xd.o(RESET)
 <LI><a href="#[ab]">EXTI10_15_IRQHandler</a> from drv_gpio.o(i.EXTI10_15_IRQHandler) referenced from startup_gd32f10x_xd.o(RESET)
 <LI><a href="#[8a]">EXTI1_IRQHandler</a> from drv_gpio.o(i.EXTI1_IRQHandler) referenced from startup_gd32f10x_xd.o(RESET)
 <LI><a href="#[8b]">EXTI2_IRQHandler</a> from drv_gpio.o(i.EXTI2_IRQHandler) referenced from startup_gd32f10x_xd.o(RESET)
 <LI><a href="#[8c]">EXTI3_IRQHandler</a> from drv_gpio.o(i.EXTI3_IRQHandler) referenced from startup_gd32f10x_xd.o(RESET)
 <LI><a href="#[8d]">EXTI4_IRQHandler</a> from drv_gpio.o(i.EXTI4_IRQHandler) referenced from startup_gd32f10x_xd.o(RESET)
 <LI><a href="#[9a]">EXTI5_9_IRQHandler</a> from drv_gpio.o(i.EXTI5_9_IRQHandler) referenced from startup_gd32f10x_xd.o(RESET)
 <LI><a href="#[122]">Electric_charing</a> from dwin_com_pro.o(i.Electric_charing) referenced from dwin_com_pro.o(.constdata)
 <LI><a href="#[87]">FMC_IRQHandler</a> from startup_gd32f10x_xd.o(.text) referenced from startup_gd32f10x_xd.o(RESET)
 <LI><a href="#[2e]">HYDisplayMenu1</a> from dispkeyfunction.o(i.HYDisplayMenu1) referenced 2 times from menudisp .o(.data)
 <LI><a href="#[40]">HYDisplayMenu10</a> from dispkeyfunction.o(i.HYDisplayMenu10) referenced 2 times from menudisp .o(.data)
 <LI><a href="#[42]">HYDisplayMenu11</a> from dispkeyfunction.o(i.HYDisplayMenu11) referenced 2 times from menudisp .o(.data)
 <LI><a href="#[44]">HYDisplayMenu12</a> from dispkeyfunction.o(i.HYDisplayMenu12) referenced 2 times from menudisp .o(.data)
 <LI><a href="#[46]">HYDisplayMenu13</a> from dispkeyfunction.o(i.HYDisplayMenu13) referenced 2 times from menudisp .o(.data)
 <LI><a href="#[48]">HYDisplayMenu14</a> from dispkeyfunction.o(i.HYDisplayMenu14) referenced 2 times from menudisp .o(.data)
 <LI><a href="#[4a]">HYDisplayMenu15</a> from dispkeyfunction.o(i.HYDisplayMenu15) referenced 2 times from menudisp .o(.data)
 <LI><a href="#[4c]">HYDisplayMenu16</a> from dispkeyfunction.o(i.HYDisplayMenu16) referenced 2 times from menudisp .o(.data)
 <LI><a href="#[4e]">HYDisplayMenu17</a> from dispkeyfunction.o(i.HYDisplayMenu17) referenced 2 times from menudisp .o(.data)
 <LI><a href="#[50]">HYDisplayMenu18</a> from dispkeyfunction.o(i.HYDisplayMenu18) referenced 2 times from menudisp .o(.data)
 <LI><a href="#[52]">HYDisplayMenu19</a> from dispkeyfunction.o(i.HYDisplayMenu19) referenced 2 times from menudisp .o(.data)
 <LI><a href="#[30]">HYDisplayMenu2</a> from dispkeyfunction.o(i.HYDisplayMenu2) referenced 2 times from menudisp .o(.data)
 <LI><a href="#[54]">HYDisplayMenu20</a> from dispkeyfunction.o(i.HYDisplayMenu20) referenced 2 times from menudisp .o(.data)
 <LI><a href="#[56]">HYDisplayMenu21</a> from dispkeyfunction.o(i.HYDisplayMenu21) referenced 2 times from menudisp .o(.data)
 <LI><a href="#[58]">HYDisplayMenu22</a> from dispkeyfunction.o(i.HYDisplayMenu22) referenced 2 times from menudisp .o(.data)
 <LI><a href="#[5a]">HYDisplayMenu23</a> from dispkeyfunction.o(i.HYDisplayMenu23) referenced 2 times from menudisp .o(.data)
 <LI><a href="#[5c]">HYDisplayMenu24</a> from dispkeyfunction.o(i.HYDisplayMenu24) referenced 2 times from menudisp .o(.data)
 <LI><a href="#[2c]">HYDisplayMenu25</a> from dispkeyfunction.o(i.HYDisplayMenu25) referenced 2 times from menudisp .o(.data)
 <LI><a href="#[5e]">HYDisplayMenu26</a> from dispkeyfunction.o(i.HYDisplayMenu26) referenced 2 times from menudisp .o(.data)
 <LI><a href="#[60]">HYDisplayMenu27</a> from dispkeyfunction.o(i.HYDisplayMenu27) referenced 2 times from menudisp .o(.data)
 <LI><a href="#[62]">HYDisplayMenu28</a> from dispkeyfunction.o(i.HYDisplayMenu28) referenced 2 times from menudisp .o(.data)
 <LI><a href="#[32]">HYDisplayMenu3</a> from dispkeyfunction.o(i.HYDisplayMenu3) referenced 2 times from menudisp .o(.data)
 <LI><a href="#[64]">HYDisplayMenu30</a> from dispkeyfunction.o(i.HYDisplayMenu30) referenced 2 times from menudisp .o(.data)
 <LI><a href="#[66]">HYDisplayMenu31</a> from dispkeyfunction.o(i.HYDisplayMenu31) referenced 2 times from menudisp .o(.data)
 <LI><a href="#[68]">HYDisplayMenu32</a> from dispkeyfunction.o(i.HYDisplayMenu32) referenced 2 times from menudisp .o(.data)
 <LI><a href="#[6a]">HYDisplayMenu33</a> from dispkeyfunction.o(i.HYDisplayMenu33) referenced 2 times from menudisp .o(.data)
 <LI><a href="#[6c]">HYDisplayMenu34</a> from dispkeyfunction.o(i.HYDisplayMenu34) referenced 2 times from menudisp .o(.data)
 <LI><a href="#[6e]">HYDisplayMenu35</a> from dispkeyfunction.o(i.HYDisplayMenu35) referenced 2 times from menudisp .o(.data)
 <LI><a href="#[70]">HYDisplayMenu36</a> from dispkeyfunction.o(i.HYDisplayMenu36) referenced 2 times from menudisp .o(.data)
 <LI><a href="#[72]">HYDisplayMenu37</a> from dispkeyfunction.o(i.HYDisplayMenu37) referenced 2 times from menudisp .o(.data)
 <LI><a href="#[34]">HYDisplayMenu4</a> from dispkeyfunction.o(i.HYDisplayMenu4) referenced 2 times from menudisp .o(.data)
 <LI><a href="#[36]">HYDisplayMenu5</a> from dispkeyfunction.o(i.HYDisplayMenu5) referenced 2 times from menudisp .o(.data)
 <LI><a href="#[38]">HYDisplayMenu6</a> from dispkeyfunction.o(i.HYDisplayMenu6) referenced 2 times from menudisp .o(.data)
 <LI><a href="#[3a]">HYDisplayMenu7</a> from dispkeyfunction.o(i.HYDisplayMenu7) referenced 2 times from menudisp .o(.data)
 <LI><a href="#[3c]">HYDisplayMenu8</a> from dispkeyfunction.o(i.HYDisplayMenu8) referenced 2 times from menudisp .o(.data)
 <LI><a href="#[3e]">HYDisplayMenu9</a> from dispkeyfunction.o(i.HYDisplayMenu9) referenced 2 times from menudisp .o(.data)
 <LI><a href="#[2d]">HYKeyEvent1</a> from dispkey.o(i.HYKeyEvent1) referenced 2 times from menudisp .o(.data)
 <LI><a href="#[3f]">HYKeyEvent10</a> from dispkey.o(i.HYKeyEvent10) referenced 2 times from menudisp .o(.data)
 <LI><a href="#[41]">HYKeyEvent11</a> from dispkey.o(i.HYKeyEvent11) referenced 2 times from menudisp .o(.data)
 <LI><a href="#[43]">HYKeyEvent12</a> from dispkey.o(i.HYKeyEvent12) referenced 2 times from menudisp .o(.data)
 <LI><a href="#[45]">HYKeyEvent13</a> from dispkey.o(i.HYKeyEvent13) referenced 2 times from menudisp .o(.data)
 <LI><a href="#[47]">HYKeyEvent14</a> from dispkey.o(i.HYKeyEvent14) referenced 2 times from menudisp .o(.data)
 <LI><a href="#[49]">HYKeyEvent15</a> from dispkey.o(i.HYKeyEvent15) referenced 2 times from menudisp .o(.data)
 <LI><a href="#[4b]">HYKeyEvent16</a> from dispkey.o(i.HYKeyEvent16) referenced 2 times from menudisp .o(.data)
 <LI><a href="#[4d]">HYKeyEvent17</a> from dispkey.o(i.HYKeyEvent17) referenced 2 times from menudisp .o(.data)
 <LI><a href="#[4f]">HYKeyEvent18</a> from dispkey.o(i.HYKeyEvent18) referenced 2 times from menudisp .o(.data)
 <LI><a href="#[51]">HYKeyEvent19</a> from dispkey.o(i.HYKeyEvent19) referenced 2 times from menudisp .o(.data)
 <LI><a href="#[2f]">HYKeyEvent2</a> from dispkey.o(i.HYKeyEvent2) referenced 2 times from menudisp .o(.data)
 <LI><a href="#[53]">HYKeyEvent20</a> from dispkey.o(i.HYKeyEvent20) referenced 2 times from menudisp .o(.data)
 <LI><a href="#[55]">HYKeyEvent21</a> from dispkey.o(i.HYKeyEvent21) referenced 2 times from menudisp .o(.data)
 <LI><a href="#[57]">HYKeyEvent22</a> from dispkey.o(i.HYKeyEvent22) referenced 2 times from menudisp .o(.data)
 <LI><a href="#[59]">HYKeyEvent23</a> from dispkey.o(i.HYKeyEvent23) referenced 2 times from menudisp .o(.data)
 <LI><a href="#[5b]">HYKeyEvent24</a> from dispkey.o(i.HYKeyEvent24) referenced 2 times from menudisp .o(.data)
 <LI><a href="#[2b]">HYKeyEvent25</a> from dispkey.o(i.HYKeyEvent25) referenced 2 times from menudisp .o(.data)
 <LI><a href="#[5d]">HYKeyEvent26</a> from dispkey.o(i.HYKeyEvent26) referenced 2 times from menudisp .o(.data)
 <LI><a href="#[5f]">HYKeyEvent27</a> from dispkey.o(i.HYKeyEvent27) referenced 2 times from menudisp .o(.data)
 <LI><a href="#[61]">HYKeyEvent28</a> from dispkey.o(i.HYKeyEvent28) referenced 2 times from menudisp .o(.data)
 <LI><a href="#[31]">HYKeyEvent3</a> from dispkey.o(i.HYKeyEvent3) referenced 2 times from menudisp .o(.data)
 <LI><a href="#[63]">HYKeyEvent30</a> from dispkey.o(i.HYKeyEvent30) referenced 2 times from menudisp .o(.data)
 <LI><a href="#[65]">HYKeyEvent31</a> from dispkey.o(i.HYKeyEvent31) referenced 2 times from menudisp .o(.data)
 <LI><a href="#[67]">HYKeyEvent32</a> from dispkey.o(i.HYKeyEvent32) referenced 2 times from menudisp .o(.data)
 <LI><a href="#[69]">HYKeyEvent33</a> from dispkey.o(i.HYKeyEvent33) referenced 2 times from menudisp .o(.data)
 <LI><a href="#[6b]">HYKeyEvent34</a> from dispkey.o(i.HYKeyEvent34) referenced 2 times from menudisp .o(.data)
 <LI><a href="#[6d]">HYKeyEvent35</a> from dispkey.o(i.HYKeyEvent35) referenced 2 times from menudisp .o(.data)
 <LI><a href="#[6f]">HYKeyEvent36</a> from dispkey.o(i.HYKeyEvent36) referenced 2 times from menudisp .o(.data)
 <LI><a href="#[71]">HYKeyEvent37</a> from dispkey.o(i.HYKeyEvent37) referenced 2 times from menudisp .o(.data)
 <LI><a href="#[33]">HYKeyEvent4</a> from dispkey.o(i.HYKeyEvent4) referenced 2 times from menudisp .o(.data)
 <LI><a href="#[35]">HYKeyEvent5</a> from dispkey.o(i.HYKeyEvent5) referenced 2 times from menudisp .o(.data)
 <LI><a href="#[37]">HYKeyEvent6</a> from dispkey.o(i.HYKeyEvent6) referenced 2 times from menudisp .o(.data)
 <LI><a href="#[39]">HYKeyEvent7</a> from dispkey.o(i.HYKeyEvent7) referenced 2 times from menudisp .o(.data)
 <LI><a href="#[3b]">HYKeyEvent8</a> from dispkey.o(i.HYKeyEvent8) referenced 2 times from menudisp .o(.data)
 <LI><a href="#[3d]">HYKeyEvent9</a> from dispkey.o(i.HYKeyEvent9) referenced 2 times from menudisp .o(.data)
 <LI><a href="#[24]">HY_RecvCardStart</a> from hyframe.o(i.HY_RecvCardStart) referenced 2 times from hyframe.o(.data)
 <LI><a href="#[20]">HY_RecvDevFailAck</a> from hyframe.o(i.HY_RecvDevFailAck) referenced 2 times from hyframe.o(.data)
 <LI><a href="#[1c]">HY_RecvDevInfoAck</a> from hyframe.o(i.HY_RecvDevInfoAck) referenced 2 times from hyframe.o(.data)
 <LI><a href="#[1f]">HY_RecvDevStopAck</a> from hyframe.o(i.HY_RecvDevStopAck) referenced 2 times from hyframe.o(.data)
 <LI><a href="#[1b]">HY_RecvHearAck</a> from hyframe.o(i.HY_RecvHearAck) referenced 2 times from hyframe.o(.data)
 <LI><a href="#[22]">HY_RecvQueryBill</a> from hyframe.o(i.HY_RecvQueryBill) referenced 2 times from hyframe.o(.data)
 <LI><a href="#[23]">HY_RecvQueryRate</a> from hyframe.o(i.HY_RecvQueryRate) referenced 2 times from hyframe.o(.data)
 <LI><a href="#[21]">HY_RecvRateSet</a> from hyframe.o(i.HY_RecvRateSet) referenced 2 times from hyframe.o(.data)
 <LI><a href="#[1e]">HY_RecvRecordAck</a> from hyframe.o(i.HY_RecvRecordAck) referenced 2 times from hyframe.o(.data)
 <LI><a href="#[1d]">HY_RecvRegisterAck</a> from hyframe.o(i.HY_RecvRegisterAck) referenced 2 times from hyframe.o(.data)
 <LI><a href="#[19]">HY_RecvStartCharge</a> from hyframe.o(i.HY_RecvStartCharge) referenced 2 times from hyframe.o(.data)
 <LI><a href="#[1a]">HY_RecvStopCharge</a> from hyframe.o(i.HY_RecvStopCharge) referenced 2 times from hyframe.o(.data)
 <LI><a href="#[17]">HY_SendDevStateA</a> from hyframe.o(i.HY_SendDevStateA) referenced 2 times from hyframe.o(.data)
 <LI><a href="#[18]">HY_SendDevStateB</a> from hyframe.o(i.HY_SendDevStateB) referenced 2 times from hyframe.o(.data)
 <LI><a href="#[16]">HY_SendHear</a> from hyframe.o(i.HY_SendHear) referenced 2 times from hyframe.o(.data)
 <LI><a href="#[15]">HY_SendRegister</a> from hyframe.o(i.HY_SendRegister) referenced 2 times from hyframe.o(.data)
 <LI><a href="#[7b]">HardFault_Handler</a> from context_rvds.o(.text) referenced from startup_gd32f10x_xd.o(RESET)
 <LI><a href="#[a3]">I2C0_ER_IRQHandler</a> from startup_gd32f10x_xd.o(.text) referenced from startup_gd32f10x_xd.o(RESET)
 <LI><a href="#[a2]">I2C0_EV_IRQHandler</a> from startup_gd32f10x_xd.o(.text) referenced from startup_gd32f10x_xd.o(RESET)
 <LI><a href="#[a5]">I2C1_ER_IRQHandler</a> from startup_gd32f10x_xd.o(.text) referenced from startup_gd32f10x_xd.o(RESET)
 <LI><a href="#[a4]">I2C1_EV_IRQHandler</a> from startup_gd32f10x_xd.o(.text) referenced from startup_gd32f10x_xd.o(RESET)
 <LI><a href="#[84]">LVD_IRQHandler</a> from startup_gd32f10x_xd.o(.text) referenced from startup_gd32f10x_xd.o(RESET)
 <LI><a href="#[7c]">MemManage_Handler</a> from gd32f10x_it.o(i.MemManage_Handler) referenced from startup_gd32f10x_xd.o(RESET)
 <LI><a href="#[118]">Munu12_CodeDispose</a> from dwin_com_pro.o(i.Munu12_CodeDispose) referenced from dwin_com_pro.o(.constdata)
 <LI><a href="#[119]">Munu13_DevnumDispose</a> from dwin_com_pro.o(i.Munu13_DevnumDispose) referenced from dwin_com_pro.o(.constdata)
 <LI><a href="#[11b]">Munu13_IP1Sert</a> from dwin_com_pro.o(i.Munu13_IP1Sert) referenced from dwin_com_pro.o(.constdata)
 <LI><a href="#[11c]">Munu13_IP2Sert</a> from dwin_com_pro.o(i.Munu13_IP2Sert) referenced from dwin_com_pro.o(.constdata)
 <LI><a href="#[11d]">Munu13_IP3Sert</a> from dwin_com_pro.o(i.Munu13_IP3Sert) referenced from dwin_com_pro.o(.constdata)
 <LI><a href="#[11e]">Munu13_IP4Sert</a> from dwin_com_pro.o(i.Munu13_IP4Sert) referenced from dwin_com_pro.o(.constdata)
 <LI><a href="#[11a]">Munu13_PortSert</a> from dwin_com_pro.o(i.Munu13_PortSert) referenced from dwin_com_pro.o(.constdata)
 <LI><a href="#[7a]">NMI_Handler</a> from gd32f10x_it.o(i.NMI_Handler) referenced from startup_gd32f10x_xd.o(RESET)
 <LI><a href="#[81]">PendSV_Handler</a> from context_rvds.o(.text) referenced from startup_gd32f10x_xd.o(RESET)
 <LI><a href="#[88]">RCU_IRQHandler</a> from startup_gd32f10x_xd.o(.text) referenced from startup_gd32f10x_xd.o(RESET)
 <LI><a href="#[ac]">RTC_Alarm_IRQHandler</a> from startup_gd32f10x_xd.o(.text) referenced from startup_gd32f10x_xd.o(RESET)
 <LI><a href="#[86]">RTC_IRQHandler</a> from gd32f10x_it.o(i.RTC_IRQHandler) referenced from startup_gd32f10x_xd.o(RESET)
 <LI><a href="#[f9]">Recv_AT_CGDCONT_Ack</a> from modulea7680c.o(i.Recv_AT_CGDCONT_Ack) referenced from modulea7680c.o(.constdata)
 <LI><a href="#[f8]">Recv_AT_CIMI_Ack</a> from modulea7680c.o(i.Recv_AT_CIMI_Ack) referenced from modulea7680c.o(.constdata)
 <LI><a href="#[fa]">Recv_AT_CIPMODE_Ack</a> from modulea7680c.o(i.Recv_AT_CIPMODE_Ack) referenced from modulea7680c.o(.constdata)
 <LI><a href="#[f7]">Recv_AT_CSQ_Ack</a> from modulea7680c.o(i.Recv_AT_CSQ_Ack) referenced from modulea7680c.o(.constdata)
 <LI><a href="#[fc]">Recv_AT_ConnectServer0Cmd_Ack</a> from modulea7680c.o(i.Recv_AT_ConnectServer0Cmd_Ack) referenced from modulea7680c.o(.constdata)
 <LI><a href="#[fe]">Recv_AT_ConnectServer0_Ack</a> from modulea7680c.o(i.Recv_AT_ConnectServer0_Ack) referenced from modulea7680c.o(.constdata)
 <LI><a href="#[fd]">Recv_AT_ConnectServer1Cmd_Ack</a> from modulea7680c.o(i.Recv_AT_ConnectServer1Cmd_Ack) referenced from modulea7680c.o(.constdata)
 <LI><a href="#[ff]">Recv_AT_ConnectServer1_Ack</a> from modulea7680c.o(i.Recv_AT_ConnectServer1_Ack) referenced from modulea7680c.o(.constdata)
 <LI><a href="#[100]">Recv_AT_EnterATCmd_Ack</a> from modulea7680c.o(i.Recv_AT_EnterATCmd_Ack) referenced from modulea7680c.o(.constdata)
 <LI><a href="#[fb]">Recv_AT_NETOPEN_Ack</a> from modulea7680c.o(i.Recv_AT_NETOPEN_Ack) referenced from modulea7680c.o(.constdata)
 <LI><a href="#[103]">Recv_AT_ReRecv0Cmd_Ack</a> from modulea7680c.o(i.Recv_AT_ReRecv0Cmd_Ack) referenced from modulea7680c.o(.constdata)
 <LI><a href="#[104]">Recv_AT_ReRecv1Cmd_Ack</a> from modulea7680c.o(i.Recv_AT_ReRecv1Cmd_Ack) referenced from modulea7680c.o(.constdata)
 <LI><a href="#[101]">Recv_AT_SendAck0Cmd_Ack</a> from modulea7680c.o(i.Recv_AT_SendAck0Cmd_Ack) referenced from modulea7680c.o(.constdata)
 <LI><a href="#[102]">Recv_AT_SendAck1Cmd_Ack</a> from modulea7680c.o(i.Recv_AT_SendAck1Cmd_Ack) referenced from modulea7680c.o(.constdata)
 <LI><a href="#[105]">Recv_AT_SetReAct_Ack</a> from modulea7680c.o(i.Recv_AT_SetReAct_Ack) referenced from modulea7680c.o(.constdata)
 <LI><a href="#[106]">Recv_ActRecv0_Ack</a> from modulea7680c.o(i.Recv_ActRecv0_Ack) referenced from modulea7680c.o(.constdata)
 <LI><a href="#[107]">Recv_ActRecv1_Ack</a> from modulea7680c.o(i.Recv_ActRecv1_Ack) referenced from modulea7680c.o(.constdata)
 <LI><a href="#[109]">Recv_HttpConect_Ack</a> from modulea7680c.o(i.Recv_HttpConect_Ack) referenced from modulea7680c.o(.constdata)
 <LI><a href="#[10a]">Recv_HttpGet_Ack</a> from modulea7680c.o(i.Recv_HttpGet_Ack) referenced from modulea7680c.o(.constdata)
 <LI><a href="#[108]">Recv_HttpStart_Ack</a> from modulea7680c.o(i.Recv_HttpStart_Ack) referenced from modulea7680c.o(.constdata)
 <LI><a href="#[10c]">Recv_ReadData_Ack</a> from modulea7680c.o(i.Recv_ReadData_Ack) referenced from modulea7680c.o(.constdata)
 <LI><a href="#[10b]">Recv_ReadDone_Ack</a> from modulea7680c.o(i.Recv_ReadDone_Ack) referenced from modulea7680c.o(.constdata)
 <LI><a href="#[79]">Reset_Handler</a> from startup_gd32f10x_xd.o(.text) referenced from startup_gd32f10x_xd.o(RESET)
 <LI><a href="#[b4]">SDIO_IRQHandler</a> from startup_gd32f10x_xd.o(.text) referenced from startup_gd32f10x_xd.o(RESET)
 <LI><a href="#[a6]">SPI0_IRQHandler</a> from startup_gd32f10x_xd.o(.text) referenced from startup_gd32f10x_xd.o(RESET)
 <LI><a href="#[a7]">SPI1_IRQHandler</a> from startup_gd32f10x_xd.o(.text) referenced from startup_gd32f10x_xd.o(RESET)
 <LI><a href="#[b6]">SPI2_IRQHandler</a> from startup_gd32f10x_xd.o(.text) referenced from startup_gd32f10x_xd.o(RESET)
 <LI><a href="#[7f]">SVC_Handler</a> from gd32f10x_it.o(i.SVC_Handler) referenced from startup_gd32f10x_xd.o(RESET)
 <LI><a href="#[82]">SysTick_Handler</a> from board.o(i.SysTick_Handler) referenced from startup_gd32f10x_xd.o(RESET)
 <LI><a href="#[c0]">SystemInit</a> from system_gd32f10x.o(i.SystemInit) referenced from startup_gd32f10x_xd.o(.text)
 <LI><a href="#[85]">TAMPER_IRQHandler</a> from startup_gd32f10x_xd.o(.text) referenced from startup_gd32f10x_xd.o(RESET)
 <LI><a href="#[9b]">TIMER0_BRK_TIMER8_IRQHandler</a> from startup_gd32f10x_xd.o(.text) referenced from startup_gd32f10x_xd.o(RESET)
 <LI><a href="#[9e]">TIMER0_Channel_IRQHandler</a> from startup_gd32f10x_xd.o(.text) referenced from startup_gd32f10x_xd.o(RESET)
 <LI><a href="#[9d]">TIMER0_TRG_CMT_TIMER10_IRQHandler</a> from startup_gd32f10x_xd.o(.text) referenced from startup_gd32f10x_xd.o(RESET)
 <LI><a href="#[9c]">TIMER0_UP_TIMER9_IRQHandler</a> from startup_gd32f10x_xd.o(.text) referenced from startup_gd32f10x_xd.o(RESET)
 <LI><a href="#[9f]">TIMER1_IRQHandler</a> from startup_gd32f10x_xd.o(.text) referenced from startup_gd32f10x_xd.o(RESET)
 <LI><a href="#[a0]">TIMER2_IRQHandler</a> from startup_gd32f10x_xd.o(.text) referenced from startup_gd32f10x_xd.o(RESET)
 <LI><a href="#[a1]">TIMER3_IRQHandler</a> from startup_gd32f10x_xd.o(.text) referenced from startup_gd32f10x_xd.o(RESET)
 <LI><a href="#[b5]">TIMER4_IRQHandler</a> from startup_gd32f10x_xd.o(.text) referenced from startup_gd32f10x_xd.o(RESET)
 <LI><a href="#[b9]">TIMER5_IRQHandler</a> from startup_gd32f10x_xd.o(.text) referenced from startup_gd32f10x_xd.o(RESET)
 <LI><a href="#[ba]">TIMER6_IRQHandler</a> from startup_gd32f10x_xd.o(.text) referenced from startup_gd32f10x_xd.o(RESET)
 <LI><a href="#[ae]">TIMER7_BRK_TIMER11_IRQHandler</a> from startup_gd32f10x_xd.o(.text) referenced from startup_gd32f10x_xd.o(RESET)
 <LI><a href="#[b1]">TIMER7_Channel_IRQHandler</a> from startup_gd32f10x_xd.o(.text) referenced from startup_gd32f10x_xd.o(RESET)
 <LI><a href="#[b0]">TIMER7_TRG_CMT_TIMER13_IRQHandler</a> from startup_gd32f10x_xd.o(.text) referenced from startup_gd32f10x_xd.o(RESET)
 <LI><a href="#[af]">TIMER7_UP_TIMER12_IRQHandler</a> from startup_gd32f10x_xd.o(.text) referenced from startup_gd32f10x_xd.o(RESET)
 <LI><a href="#[c3]">Task4GMain</a> from 4gmain.o(i.Task4GMain) referenced from 4gmain.o(i._4G_main_init)
 <LI><a href="#[c4]">Task4GRecv</a> from 4grecv.o(i.Task4GRecv) referenced from 4grecv.o(i._4G_recv_init)
 <LI><a href="#[c5]">Task4GSend</a> from 4gsend.o(i.Task4GSend) referenced from 4gsend.o(i._4G_send_init)
 <LI><a href="#[124]">Time_charging</a> from dwin_com_pro.o(i.Time_charging) referenced from dwin_com_pro.o(.constdata)
 <LI><a href="#[125]">Timing_charging</a> from dwin_com_pro.o(i.Timing_charging) referenced from dwin_com_pro.o(.constdata)
 <LI><a href="#[b7]">UART3_IRQHandler</a> from drv_usart.o(i.UART3_IRQHandler) referenced from startup_gd32f10x_xd.o(RESET)
 <LI><a href="#[b8]">UART4_IRQHandler</a> from drv_usart.o(i.UART4_IRQHandler) referenced from startup_gd32f10x_xd.o(RESET)
 <LI><a href="#[a8]">USART0_IRQHandler</a> from drv_usart.o(i.USART0_IRQHandler) referenced from startup_gd32f10x_xd.o(RESET)
 <LI><a href="#[a9]">USART1_IRQHandler</a> from drv_usart.o(i.USART1_IRQHandler) referenced from startup_gd32f10x_xd.o(RESET)
 <LI><a href="#[aa]">USART2_IRQHandler</a> from drv_usart.o(i.USART2_IRQHandler) referenced from startup_gd32f10x_xd.o(RESET)
 <LI><a href="#[96]">USBD_HP_CAN0_TX_IRQHandler</a> from startup_gd32f10x_xd.o(.text) referenced from startup_gd32f10x_xd.o(RESET)
 <LI><a href="#[97]">USBD_LP_CAN0_RX0_IRQHandler</a> from startup_gd32f10x_xd.o(.text) referenced from startup_gd32f10x_xd.o(RESET)
 <LI><a href="#[ad]">USBD_WKUP_IRQHandler</a> from startup_gd32f10x_xd.o(.text) referenced from startup_gd32f10x_xd.o(RESET)
 <LI><a href="#[7e]">UsageFault_Handler</a> from gd32f10x_it.o(i.UsageFault_Handler) referenced from startup_gd32f10x_xd.o(RESET)
 <LI><a href="#[83]">WWDGT_IRQHandler</a> from startup_gd32f10x_xd.o(.text) referenced from startup_gd32f10x_xd.o(RESET)
 <LI><a href="#[13b]">_4G_main_init</a> from 4gmain.o(i._4G_main_init) referenced from 4gmain.o(.rti_fn.6)
 <LI><a href="#[13c]">_4G_recv_init</a> from 4grecv.o(i._4G_recv_init) referenced from 4grecv.o(.rti_fn.6)
 <LI><a href="#[13a]">_4G_send_init</a> from 4gsend.o(i._4G_send_init) referenced from 4gsend.o(.rti_fn.6)
 <LI><a href="#[c1]">__main</a> from entry.o(.ARM.Collect$$$$00000000) referenced from startup_gd32f10x_xd.o(.text)
 <LI><a href="#[14b]">__setenv</a> from ef_cmd.o(i.__setenv) referenced from ef_cmd.o(FSymTab)
 <LI><a href="#[110]">_pin_attach_irq</a> from drv_gpio.o(i._pin_attach_irq) referenced from drv_gpio.o(.constdata)
 <LI><a href="#[de]">_pin_control</a> from pin.o(i._pin_control) referenced from pin.o(i.rt_device_pin_register)
 <LI><a href="#[111]">_pin_detach_irq</a> from drv_gpio.o(i._pin_detach_irq) referenced from drv_gpio.o(.constdata)
 <LI><a href="#[112]">_pin_irq_enable</a> from drv_gpio.o(i._pin_irq_enable) referenced from drv_gpio.o(.constdata)
 <LI><a href="#[10d]">_pin_mode</a> from drv_gpio.o(i._pin_mode) referenced from drv_gpio.o(.constdata)
 <LI><a href="#[10f]">_pin_read</a> from drv_gpio.o(i._pin_read) referenced from drv_gpio.o(.constdata)
 <LI><a href="#[dc]">_pin_read</a> from pin.o(i._pin_read) referenced from pin.o(i.rt_device_pin_register)
 <LI><a href="#[10e]">_pin_write</a> from drv_gpio.o(i._pin_write) referenced from drv_gpio.o(.constdata)
 <LI><a href="#[dd]">_pin_write</a> from pin.o(i._pin_write) referenced from pin.o(i.rt_device_pin_register)
 <LI><a href="#[c6]">_snputc</a> from printf8.o(i._snputc) referenced from printf8.o(i.__0snprintf$8)
 <LI><a href="#[ee]">_spi_bus_device_control</a> from spi_dev.o(i._spi_bus_device_control) referenced from spi_dev.o(i.rt_spi_bus_device_init)
 <LI><a href="#[ec]">_spi_bus_device_read</a> from spi_dev.o(i._spi_bus_device_read) referenced from spi_dev.o(i.rt_spi_bus_device_init)
 <LI><a href="#[ed]">_spi_bus_device_write</a> from spi_dev.o(i._spi_bus_device_write) referenced from spi_dev.o(i.rt_spi_bus_device_init)
 <LI><a href="#[f1]">_spidev_device_control</a> from spi_dev.o(i._spidev_device_control) referenced from spi_dev.o(i.rt_spidev_device_init)
 <LI><a href="#[ef]">_spidev_device_read</a> from spi_dev.o(i._spidev_device_read) referenced from spi_dev.o(i.rt_spidev_device_init)
 <LI><a href="#[f0]">_spidev_device_write</a> from spi_dev.o(i._spidev_device_write) referenced from spi_dev.o(i.rt_spidev_device_init)
 <LI><a href="#[c7]">_thread_exit</a> from thread.o(i._thread_exit) referenced from thread.o(i._thread_init)
 <LI><a href="#[113]">_uart_configure</a> from drv_usart.o(i._uart_configure) referenced from drv_usart.o(.constdata)
 <LI><a href="#[114]">_uart_control</a> from drv_usart.o(i._uart_control) referenced from drv_usart.o(.constdata)
 <LI><a href="#[116]">_uart_getc</a> from drv_usart.o(i._uart_getc) referenced from drv_usart.o(.constdata)
 <LI><a href="#[115]">_uart_putc</a> from drv_usart.o(i._uart_putc) referenced from drv_usart.o(.constdata)
 <LI><a href="#[144]">adc</a> from adc.o(i.adc) referenced from adc.o(FSymTab)
 <LI><a href="#[c9]">agile_led_default_compelete_callback</a> from agile_led.o(i.agile_led_default_compelete_callback) referenced from agile_led.o(i.agile_led_create)
 <LI><a href="#[141]">agile_led_init</a> from agile_led.o(i.agile_led_init) referenced from agile_led.o(.rti_fn.6)
 <LI><a href="#[cc]">alloc_env_cb</a> from ef_env.o(i.alloc_env_cb) referenced from ef_env.o(i.alloc_env)
 <LI><a href="#[cd]">ch_thread_entry</a> from chtask.o(i.ch_thread_entry) referenced from chtask.o(i.ch_thread_init)
 <LI><a href="#[13d]">ch_thread_init</a> from chtask.o(i.ch_thread_init) referenced from chtask.o(.rti_fn.6)
 <LI><a href="#[164]">change_uid</a> from change_uid.o(i.change_uid) referenced from change_uid.o(FSymTab)
 <LI><a href="#[155]">clear</a> from cmd.o(i.clear) referenced from cmd.o(FSymTab)
 <LI><a href="#[153]">cmd_free</a> from msh.o(i.cmd_free) referenced from msh.o(FSymTab)
 <LI><a href="#[152]">cmd_ps</a> from msh.o(i.cmd_ps) referenced from msh.o(FSymTab)
 <LI><a href="#[29]">configure</a> from drv_spi.o(i.configure) referenced 2 times from drv_spi.o(.data)
 <LI><a href="#[149]">date</a> from rtc.o(i.date) referenced from rtc.o(FSymTab)
 <LI><a href="#[28]">dlt645_hw_read</a> from dlt645_port.o(i.dlt645_hw_read) referenced 2 times from dlt645_port.o(.data)
 <LI><a href="#[27]">dlt645_hw_write</a> from dlt645_port.o(i.dlt645_hw_write) referenced 2 times from dlt645_port.o(.data)
 <LI><a href="#[13e]">dlt645_port_init</a> from dlt645_port.o(i.dlt645_port_init) referenced from dlt645_port.o(.rti_fn.6)
 <LI><a href="#[d6]">do_gc</a> from ef_env.o(i.do_gc) referenced from ef_env.o(i.gc_collect)
 <LI><a href="#[161]">dump_info</a> from dunp_info.o(i.dump_info) referenced from dunp_info.o(FSymTab)
 <LI><a href="#[13f]">dwin_com_init</a> from dwin_com_pro.o(i.dwin_com_init) referenced from dwin_com_pro.o(.rti_fn.6)
 <LI><a href="#[74]">dwin_hw_read</a> from dwin_com_pro.o(i.dwin_hw_read) referenced 2 times from dwin_com_pro.o(.data)
 <LI><a href="#[73]">dwin_hw_write</a> from dwin_com_pro.o(i.dwin_hw_write) referenced 2 times from dwin_com_pro.o(.data)
 <LI><a href="#[12c]">erase</a> from fal_flash_gd32f10x_port.o(i.erase) referenced from fal_flash_gd32f10x_port.o(.constdata)
 <LI><a href="#[78]">erase</a> from fal_flash_sfud_port.o(i.erase) referenced 2 times from fal_flash_sfud_port.o(.data)
 <LI><a href="#[150]">fal</a> from fal_rtt.o(i.fal) referenced from fal_rtt.o(FSymTab)
 <LI><a href="#[d4]">find_env_cb</a> from ef_env.o(i.find_env_cb) referenced from ef_env.o(i.find_env_no_cache)
 <LI><a href="#[162]">firmware_check</a> from firmware_check.o(i.firmware_check) referenced from firmware_check.o(FSymTab)
 <LI><a href="#[160]">fix_brickeduid</a> from fix_brickeduid.o(i.fix_brickeduid) referenced from fix_brickeduid.o(FSymTab)
 <LI><a href="#[d5]">gc_check_cb</a> from ef_env.o(i.gc_check_cb) referenced from ef_env.o(i.gc_collect)
 <LI><a href="#[130]">gd32_hw_spi_init</a> from drv_spi.o(i.gd32_hw_spi_init) referenced from drv_spi.o(.rti_fn.1)
 <LI><a href="#[131]">gd32_hw_usart_init</a> from drv_usart.o(i.gd32_hw_usart_init) referenced from drv_usart.o(.rti_fn.1)
 <LI><a href="#[117]">gd32_i2c_xfer</a> from drv_i2c.o(i.gd32_i2c_xfer) referenced from drv_i2c.o(.constdata)
 <LI><a href="#[14e]">getvalue</a> from ef_cmd.o(i.getvalue) referenced from ef_cmd.o(FSymTab)
 <LI><a href="#[154]">hello</a> from cmd.o(i.hello) referenced from cmd.o(FSymTab)
 <LI><a href="#[26]">hy_hw_read</a> from 4grecv.o(i.hy_hw_read) referenced 2 times from 4grecv.o(.data)
 <LI><a href="#[25]">hy_hw_write</a> from 4grecv.o(i.hy_hw_write) referenced 2 times from 4grecv.o(.data)
 <LI><a href="#[e8]">i2c_bus_device_control</a> from i2c_dev.o(i.i2c_bus_device_control) referenced from i2c_dev.o(i.rt_i2c_bus_device_device_init)
 <LI><a href="#[e6]">i2c_bus_device_read</a> from i2c_dev.o(i.i2c_bus_device_read) referenced from i2c_dev.o(i.rt_i2c_bus_device_device_init)
 <LI><a href="#[e7]">i2c_bus_device_write</a> from i2c_dev.o(i.i2c_bus_device_write) referenced from i2c_dev.o(i.rt_i2c_bus_device_device_init)
 <LI><a href="#[129]">init</a> from fal_flash_gd32f10x_port.o(i.init) referenced from fal_flash_gd32f10x_port.o(.constdata)
 <LI><a href="#[75]">init</a> from fal_flash_sfud_port.o(i.init) referenced 2 times from fal_flash_sfud_port.o(.data)
 <LI><a href="#[d8]">input_io_period_check</a> from ch_in_io.o(i.input_io_period_check) referenced from ch_in_io.o(i.input_io_init)
 <LI><a href="#[165]">led_create</a> from example_agile_led.o(i.led_create) referenced from example_agile_led.o(FSymTab)
 <LI><a href="#[166]">led_delete</a> from example_agile_led.o(i.led_delete) referenced from example_agile_led.o(FSymTab)
 <LI><a href="#[ca]">led_process</a> from agile_led.o(i.led_process) referenced from agile_led.o(i.agile_led_init)
 <LI><a href="#[169]">led_set_mode</a> from example_agile_led.o(i.led_set_mode) referenced from example_agile_led.o(FSymTab)
 <LI><a href="#[167]">led_start</a> from example_agile_led.o(i.led_start) referenced from example_agile_led.o(FSymTab)
 <LI><a href="#[168]">led_stop</a> from example_agile_led.o(i.led_stop) referenced from example_agile_led.o(FSymTab)
 <LI><a href="#[d9]">led_thread_entry</a> from led_thread.o(i.led_thread_entry) referenced from led_thread.o(i.led_thread_init)
 <LI><a href="#[142]">led_thread_init</a> from led_thread.o(i.led_thread_init) referenced from led_thread.o(.rti_fn.6)
 <LI><a href="#[138]">libc_system_init</a> from libc.o(i.libc_system_init) referenced from libc.o(.rti_fn.4)
 <LI><a href="#[15f]">list_device</a> from cmd.o(i.list_device) referenced from cmd.o(FSymTab)
 <LI><a href="#[159]">list_event</a> from cmd.o(i.list_event) referenced from cmd.o(FSymTab)
 <LI><a href="#[15b]">list_mailbox</a> from cmd.o(i.list_mailbox) referenced from cmd.o(FSymTab)
 <LI><a href="#[15d]">list_mempool</a> from cmd.o(i.list_mempool) referenced from cmd.o(FSymTab)
 <LI><a href="#[15c]">list_msgqueue</a> from cmd.o(i.list_msgqueue) referenced from cmd.o(FSymTab)
 <LI><a href="#[15a]">list_mutex</a> from cmd.o(i.list_mutex) referenced from cmd.o(FSymTab)
 <LI><a href="#[158]">list_sem</a> from cmd.o(i.list_sem) referenced from cmd.o(FSymTab)
 <LI><a href="#[157]">list_thread</a> from cmd.o(i.list_thread) referenced from cmd.o(FSymTab)
 <LI><a href="#[15e]">list_timer</a> from cmd.o(i.list_timer) referenced from cmd.o(FSymTab)
 <LI><a href="#[bf]">main</a> from components.o(i.$Sub$$main) referenced from entry9a.o(.ARM.Collect$$$$0000000B)
 <LI><a href="#[db]">main_thread_entry</a> from components.o(i.main_thread_entry) referenced from components.o(i.rt_application_init)
 <LI><a href="#[163]">mifare_classic_value_block</a> from mifare_classic_value_block.o(i.mifare_classic_value_block) referenced from mifare_classic_value_block.o(FSymTab)
 <LI><a href="#[151]">msh_help</a> from msh.o(i.msh_help) referenced from msh.o(FSymTab)
 <LI><a href="#[128]">mtd_nor_dev_erase</a> from fal_rtt.o(i.mtd_nor_dev_erase) referenced from fal_rtt.o(.constdata)
 <LI><a href="#[126]">mtd_nor_dev_read</a> from fal_rtt.o(i.mtd_nor_dev_read) referenced from fal_rtt.o(.constdata)
 <LI><a href="#[127]">mtd_nor_dev_write</a> from fal_rtt.o(i.mtd_nor_dev_write) referenced from fal_rtt.o(.constdata)
 <LI><a href="#[121]">passwordmodify</a> from dwin_com_pro.o(i.passwordmodify) referenced from dwin_com_pro.o(.constdata)
 <LI><a href="#[d3]">print_env_cb</a> from ef_env.o(i.print_env_cb) referenced from ef_env.o(i.ef_print_env)
 <LI><a href="#[14c]">printenv</a> from ef_cmd.o(i.printenv) referenced from ef_cmd.o(FSymTab)
 <LI><a href="#[146]">pwm_disable</a> from rt_drv_pwm.o(i.pwm_disable) referenced from rt_drv_pwm.o(FSymTab)
 <LI><a href="#[145]">pwm_enable</a> from rt_drv_pwm.o(i.pwm_enable) referenced from rt_drv_pwm.o(FSymTab)
 <LI><a href="#[148]">pwm_get</a> from rt_drv_pwm.o(i.pwm_get) referenced from rt_drv_pwm.o(FSymTab)
 <LI><a href="#[147]">pwm_set</a> from rt_drv_pwm.o(i.pwm_set) referenced from rt_drv_pwm.o(FSymTab)
 <LI><a href="#[12a]">read</a> from fal_flash_gd32f10x_port.o(i.read) referenced from fal_flash_gd32f10x_port.o(.constdata)
 <LI><a href="#[76]">read</a> from fal_flash_sfud_port.o(i.read) referenced 2 times from fal_flash_sfud_port.o(.data)
 <LI><a href="#[da]">read_card_task</a> from read_nuid.o(i.read_card_task) referenced from read_nuid.o(i.read_nuid_init)
 <LI><a href="#[140]">read_nuid_init</a> from read_nuid.o(i.read_nuid_init) referenced from read_nuid.o(.rti_fn.6)
 <LI><a href="#[14f]">resetenv</a> from ef_cmd.o(i.resetenv) referenced from ef_cmd.o(FSymTab)
 <LI><a href="#[f6]">retry_delay_100us</a> from spi_flash_sfud.o(i.retry_delay_100us) referenced from spi_flash_sfud.o(i.sfud_spi_port_init)
 <LI><a href="#[cf]">rt_485_sendrecv_entry</a> from dlt645_port.o(i.rt_485_sendrecv_entry) referenced from dlt645_port.o(i.dlt645_port_init)
 <LI><a href="#[d1]">rt_dwin_period_entry</a> from dwin_com_pro.o(i.rt_dwin_period_entry) referenced from dwin_com_pro.o(i.dwin_com_init)
 <LI><a href="#[d0]">rt_dwin_thread_entry</a> from dwin_com_pro.o(i.rt_dwin_thread_entry) referenced from dwin_com_pro.o(i.dwin_com_init)
 <LI><a href="#[134]">rt_hw_gd25q40_init</a> from drv_spi_flash.o(i.rt_hw_gd25q40_init) referenced from drv_spi_flash.o(.rti_fn.3)
 <LI><a href="#[133]">rt_hw_i2c_init</a> from drv_i2c.o(i.rt_hw_i2c_init) referenced from drv_i2c.o(.rti_fn.3)
 <LI><a href="#[12f]">rt_hw_pin_init</a> from drv_gpio.o(i.rt_hw_pin_init) referenced from drv_gpio.o(.rti_fn.1)
 <LI><a href="#[135]">rt_hw_rtc_init</a> from drv_rtc.o(i.rt_hw_rtc_init) referenced from drv_rtc.o(.rti_fn.3)
 <LI><a href="#[137]">rt_hw_spi_flash_with_sfud_init</a> from drv_spi_flash.o(i.rt_hw_spi_flash_with_sfud_init) referenced from drv_spi_flash.o(.rti_fn.4)
 <LI><a href="#[139]">rt_hw_spi_rc522_init</a> from mfrc522_rtt_stm32_port.o(i.rt_hw_spi_rc522_init) referenced from mfrc522_rtt_stm32_port.o(.rti_fn.4)
 <LI><a href="#[136]">rt_i2c_core_init</a> from i2c_core.o(i.rt_i2c_core_init) referenced from i2c_core.o(.rti_fn.4)
 <LI><a href="#[df]">rt_rtc_control</a> from drv_rtc.o(i.rt_rtc_control) referenced from drv_rtc.o(i.rt_hw_rtc_register)
 <LI><a href="#[e2]">rt_serial_close</a> from serial.o(i.rt_serial_close) referenced from serial.o(i.rt_hw_serial_register)
 <LI><a href="#[e5]">rt_serial_control</a> from serial.o(i.rt_serial_control) referenced from serial.o(i.rt_hw_serial_register)
 <LI><a href="#[e0]">rt_serial_init</a> from serial.o(i.rt_serial_init) referenced from serial.o(i.rt_hw_serial_register)
 <LI><a href="#[e1]">rt_serial_open</a> from serial.o(i.rt_serial_open) referenced from serial.o(i.rt_hw_serial_register)
 <LI><a href="#[e3]">rt_serial_read</a> from serial.o(i.rt_serial_read) referenced from serial.o(i.rt_hw_serial_register)
 <LI><a href="#[e4]">rt_serial_write</a> from serial.o(i.rt_serial_write) referenced from serial.o(i.rt_hw_serial_register)
 <LI><a href="#[eb]">rt_sfud_control</a> from spi_flash_sfud.o(i.rt_sfud_control) referenced from spi_flash_sfud.o(i.rt_sfud_flash_probe_ex)
 <LI><a href="#[e9]">rt_sfud_read</a> from spi_flash_sfud.o(i.rt_sfud_read) referenced from spi_flash_sfud.o(i.rt_sfud_flash_probe_ex)
 <LI><a href="#[ea]">rt_sfud_write</a> from spi_flash_sfud.o(i.rt_sfud_write) referenced from spi_flash_sfud.o(i.rt_sfud_flash_probe_ex)
 <LI><a href="#[f2]">rt_thread_idle_entry</a> from idle.o(i.rt_thread_idle_entry) referenced from idle.o(i.rt_thread_idle_init)
 <LI><a href="#[c8]">rt_thread_timeout</a> from thread.o(i.rt_thread_timeout) referenced from thread.o(i._thread_init)
 <LI><a href="#[132]">rti_board_end</a> from components.o(i.rti_board_end) referenced from components.o(.rti_fn.1.end)
 <LI><a href="#[12e]">rti_board_start</a> from components.o(i.rti_board_start) referenced from components.o(.rti_fn.0.end)
 <LI><a href="#[143]">rti_end</a> from components.o(i.rti_end) referenced from components.o(.rti_fn.6.end)
 <LI><a href="#[12d]">rti_start</a> from components.o(i.rti_start) referenced from components.o(.rti_fn.0)
 <LI><a href="#[14d]">saveenv</a> from ef_cmd.o(i.saveenv) referenced from ef_cmd.o(FSymTab)
 <LI><a href="#[cb]">sector_statistics_cb</a> from ef_env.o(i.sector_statistics_cb) referenced from ef_env.o(i.alloc_env)
 <LI><a href="#[14a]">sf</a> from spi_flash_sfud.o(i.sf) referenced from spi_flash_sfud.o(FSymTab)
 <LI><a href="#[f4]">spi_lock</a> from spi_flash_sfud.o(i.spi_lock) referenced from spi_flash_sfud.o(i.sfud_spi_port_init)
 <LI><a href="#[f5]">spi_unlock</a> from spi_flash_sfud.o(i.spi_unlock) referenced from spi_flash_sfud.o(i.sfud_spi_port_init)
 <LI><a href="#[f3]">spi_write_read</a> from spi_flash_sfud.o(i.spi_write_read) referenced from spi_flash_sfud.o(i.sfud_spi_port_init)
 <LI><a href="#[11f]">timeSert</a> from dwin_com_pro.o(i.timeSert) referenced from dwin_com_pro.o(.constdata)
 <LI><a href="#[c2]">timerout</a> from mfrc522.o(i.timerout) referenced from mfrc522.o(i.PCD_Init)
 <LI><a href="#[ce]">uart1_handler</a> from dlt645_port.o(i.uart1_handler) referenced from dlt645_port.o(i.dlt645_port_init)
 <LI><a href="#[d7]">uart2_handler</a> from 4grecv.o(i.uart2_handler) referenced from 4grecv.o(i.hy4g_port_init)
 <LI><a href="#[d2]">uart4_handler</a> from dwin_com_pro.o(i.uart4_handler) referenced from dwin_com_pro.o(i.dwin_port_init)
 <LI><a href="#[156]">version</a> from cmd.o(i.version) referenced from cmd.o(FSymTab)
 <LI><a href="#[12b]">write</a> from fal_flash_gd32f10x_port.o(i.write) referenced from fal_flash_gd32f10x_port.o(.constdata)
 <LI><a href="#[77]">write</a> from fal_flash_sfud_port.o(i.write) referenced 2 times from fal_flash_sfud_port.o(.data)
 <LI><a href="#[2a]">xfer</a> from drv_spi.o(i.xfer) referenced 2 times from drv_spi.o(.data)
</UL>
<P>
<H3>
Global Symbols
</H3>
<P><STRONG><a name="[c1]"></a>__main</STRONG> (Thumb, 0 bytes, Stack size unknown bytes, entry.o(.ARM.Collect$$$$00000000))
<BR>[Address Reference Count : 1]<UL><LI> startup_gd32f10x_xd.o(.text)
</UL>
<P><STRONG><a name="[48d]"></a>_main_stk</STRONG> (Thumb, 0 bytes, Stack size unknown bytes, entry2.o(.ARM.Collect$$$$00000001))

<P><STRONG><a name="[16a]"></a>_main_scatterload</STRONG> (Thumb, 0 bytes, Stack size unknown bytes, entry5.o(.ARM.Collect$$$$00000004))
<BR><BR>[Calls]<UL><LI><a href="#[16b]">&gt;&gt;</a>&nbsp;&nbsp;&nbsp;__scatterload
</UL>

<P><STRONG><a name="[18c]"></a>__main_after_scatterload</STRONG> (Thumb, 0 bytes, Stack size unknown bytes, entry5.o(.ARM.Collect$$$$00000004))
<BR><BR>[Called By]<UL><LI><a href="#[16b]">&gt;&gt;</a>&nbsp;&nbsp;&nbsp;__scatterload
</UL>

<P><STRONG><a name="[48e]"></a>_main_clock</STRONG> (Thumb, 0 bytes, Stack size unknown bytes, entry7b.o(.ARM.Collect$$$$00000008))

<P><STRONG><a name="[48f]"></a>_main_cpp_init</STRONG> (Thumb, 0 bytes, Stack size unknown bytes, entry8b.o(.ARM.Collect$$$$0000000A))

<P><STRONG><a name="[490]"></a>_main_init</STRONG> (Thumb, 0 bytes, Stack size unknown bytes, entry9a.o(.ARM.Collect$$$$0000000B))

<P><STRONG><a name="[491]"></a>__rt_lib_shutdown_fini</STRONG> (Thumb, 0 bytes, Stack size unknown bytes, entry12b.o(.ARM.Collect$$$$0000000E))

<P><STRONG><a name="[492]"></a>__rt_final_cpp</STRONG> (Thumb, 0 bytes, Stack size unknown bytes, entry10a.o(.ARM.Collect$$$$0000000F))

<P><STRONG><a name="[493]"></a>__rt_final_exit</STRONG> (Thumb, 0 bytes, Stack size unknown bytes, entry11a.o(.ARM.Collect$$$$00000011))

<P><STRONG><a name="[2af]"></a>rt_hw_interrupt_disable</STRONG> (Thumb, 8 bytes, Stack size 0 bytes, context_rvds.o(.text))
<BR><BR>[Called By]<UL><LI><a href="#[28f]">&gt;&gt;</a>&nbsp;&nbsp;&nbsp;rt_mutex_take
<LI><a href="#[290]">&gt;&gt;</a>&nbsp;&nbsp;&nbsp;rt_mutex_release
<LI><a href="#[276]">&gt;&gt;</a>&nbsp;&nbsp;&nbsp;rt_mutex_create
<LI><a href="#[2a0]">&gt;&gt;</a>&nbsp;&nbsp;&nbsp;rt_thread_delete
<LI><a href="#[2cd]">&gt;&gt;</a>&nbsp;&nbsp;&nbsp;rt_data_queue_push
<LI><a href="#[424]">&gt;&gt;</a>&nbsp;&nbsp;&nbsp;rt_data_queue_pop
<LI><a href="#[423]">&gt;&gt;</a>&nbsp;&nbsp;&nbsp;rt_data_queue_peek
<LI><a href="#[41e]">&gt;&gt;</a>&nbsp;&nbsp;&nbsp;rt_data_queue_deinit
<LI><a href="#[2d1]">&gt;&gt;</a>&nbsp;&nbsp;&nbsp;rt_completion_wait
<LI><a href="#[41a]">&gt;&gt;</a>&nbsp;&nbsp;&nbsp;rt_completion_init
<LI><a href="#[418]">&gt;&gt;</a>&nbsp;&nbsp;&nbsp;rt_completion_done
<LI><a href="#[43b]">&gt;&gt;</a>&nbsp;&nbsp;&nbsp;rt_hw_serial_isr
<LI><a href="#[2cf]">&gt;&gt;</a>&nbsp;&nbsp;&nbsp;_serial_int_rx
<LI><a href="#[2cc]">&gt;&gt;</a>&nbsp;&nbsp;&nbsp;_serial_dma_tx
<LI><a href="#[2c7]">&gt;&gt;</a>&nbsp;&nbsp;&nbsp;_serial_dma_rx
<LI><a href="#[157]">&gt;&gt;</a>&nbsp;&nbsp;&nbsp;list_thread
<LI><a href="#[3f4]">&gt;&gt;</a>&nbsp;&nbsp;&nbsp;rt_mq_recv
<LI><a href="#[3f2]">&gt;&gt;</a>&nbsp;&nbsp;&nbsp;rt_mq_delete
<LI><a href="#[3f1]">&gt;&gt;</a>&nbsp;&nbsp;&nbsp;rt_mq_create
<LI><a href="#[243]">&gt;&gt;</a>&nbsp;&nbsp;&nbsp;rt_malloc
<LI><a href="#[241]">&gt;&gt;</a>&nbsp;&nbsp;&nbsp;rt_free
<LI><a href="#[3db]">&gt;&gt;</a>&nbsp;&nbsp;&nbsp;rt_timer_start
<LI><a href="#[379]">&gt;&gt;</a>&nbsp;&nbsp;&nbsp;rt_sem_take
<LI><a href="#[395]">&gt;&gt;</a>&nbsp;&nbsp;&nbsp;rt_sem_release
<LI><a href="#[268]">&gt;&gt;</a>&nbsp;&nbsp;&nbsp;rt_exit_critical
<LI><a href="#[267]">&gt;&gt;</a>&nbsp;&nbsp;&nbsp;rt_enter_critical
<LI><a href="#[466]">&gt;&gt;</a>&nbsp;&nbsp;&nbsp;rt_timer_stop
<LI><a href="#[2d8]">&gt;&gt;</a>&nbsp;&nbsp;&nbsp;rt_timer_detach
<LI><a href="#[41f]">&gt;&gt;</a>&nbsp;&nbsp;&nbsp;rt_data_queue_reset
<LI><a href="#[422]">&gt;&gt;</a>&nbsp;&nbsp;&nbsp;rt_data_queue_len
<LI><a href="#[41c]">&gt;&gt;</a>&nbsp;&nbsp;&nbsp;rt_timer_control
<LI><a href="#[2b3]">&gt;&gt;</a>&nbsp;&nbsp;&nbsp;rt_thread_suspend
<LI><a href="#[2ad]">&gt;&gt;</a>&nbsp;&nbsp;&nbsp;rt_thread_resume
<LI><a href="#[2dc]">&gt;&gt;</a>&nbsp;&nbsp;&nbsp;rt_schedule
<LI><a href="#[41b]">&gt;&gt;</a>&nbsp;&nbsp;&nbsp;rt_interrupt_get_nest
<LI><a href="#[272]">&gt;&gt;</a>&nbsp;&nbsp;&nbsp;rt_tick_increase
<LI><a href="#[435]">&gt;&gt;</a>&nbsp;&nbsp;&nbsp;rt_system_heap_init
<LI><a href="#[1f7]">&gt;&gt;</a>&nbsp;&nbsp;&nbsp;rt_interrupt_leave
<LI><a href="#[1f5]">&gt;&gt;</a>&nbsp;&nbsp;&nbsp;rt_interrupt_enter
<LI><a href="#[112]">&gt;&gt;</a>&nbsp;&nbsp;&nbsp;_pin_irq_enable
<LI><a href="#[111]">&gt;&gt;</a>&nbsp;&nbsp;&nbsp;_pin_detach_irq
<LI><a href="#[110]">&gt;&gt;</a>&nbsp;&nbsp;&nbsp;_pin_attach_irq
<LI><a href="#[15e]">&gt;&gt;</a>&nbsp;&nbsp;&nbsp;list_timer
<LI><a href="#[158]">&gt;&gt;</a>&nbsp;&nbsp;&nbsp;list_sem
<LI><a href="#[15a]">&gt;&gt;</a>&nbsp;&nbsp;&nbsp;list_mutex
<LI><a href="#[15c]">&gt;&gt;</a>&nbsp;&nbsp;&nbsp;list_msgqueue
<LI><a href="#[15d]">&gt;&gt;</a>&nbsp;&nbsp;&nbsp;list_mempool
<LI><a href="#[15b]">&gt;&gt;</a>&nbsp;&nbsp;&nbsp;list_mailbox
<LI><a href="#[159]">&gt;&gt;</a>&nbsp;&nbsp;&nbsp;list_event
<LI><a href="#[15f]">&gt;&gt;</a>&nbsp;&nbsp;&nbsp;list_device
<LI><a href="#[3e2]">&gt;&gt;</a>&nbsp;&nbsp;&nbsp;list_get_next
<LI><a href="#[2ae]">&gt;&gt;</a>&nbsp;&nbsp;&nbsp;_ipc_list_resume_all
<LI><a href="#[2d7]">&gt;&gt;</a>&nbsp;&nbsp;&nbsp;rt_schedule_remove_thread
<LI><a href="#[452]">&gt;&gt;</a>&nbsp;&nbsp;&nbsp;rt_schedule_insert_thread
<LI><a href="#[42b]">&gt;&gt;</a>&nbsp;&nbsp;&nbsp;rt_object_find
<LI><a href="#[c8]">&gt;&gt;</a>&nbsp;&nbsp;&nbsp;rt_thread_timeout
<LI><a href="#[462]">&gt;&gt;</a>&nbsp;&nbsp;&nbsp;rt_thread_sleep
<LI><a href="#[461]">&gt;&gt;</a>&nbsp;&nbsp;&nbsp;rt_thread_detach
<LI><a href="#[444]">&gt;&gt;</a>&nbsp;&nbsp;&nbsp;rt_thread_control
<LI><a href="#[c7]">&gt;&gt;</a>&nbsp;&nbsp;&nbsp;_thread_exit
<LI><a href="#[2d5]">&gt;&gt;</a>&nbsp;&nbsp;&nbsp;_thread_cleanup_execute
<LI><a href="#[42e]">&gt;&gt;</a>&nbsp;&nbsp;&nbsp;rt_object_init
<LI><a href="#[2da]">&gt;&gt;</a>&nbsp;&nbsp;&nbsp;rt_object_detach
<LI><a href="#[429]">&gt;&gt;</a>&nbsp;&nbsp;&nbsp;rt_object_delete
<LI><a href="#[441]">&gt;&gt;</a>&nbsp;&nbsp;&nbsp;rt_object_allocate
<LI><a href="#[467]">&gt;&gt;</a>&nbsp;&nbsp;&nbsp;rt_timer_check
<LI><a href="#[427]">&gt;&gt;</a>&nbsp;&nbsp;&nbsp;rt_defunct_execute
<LI><a href="#[18e]">&gt;&gt;</a>&nbsp;&nbsp;&nbsp;rtthread_startup
<LI><a href="#[2c3]">&gt;&gt;</a>&nbsp;&nbsp;&nbsp;_rt_scheduler_stack_check
<LI><a href="#[310]">&gt;&gt;</a>&nbsp;&nbsp;&nbsp;rt_mutex_delete
<LI><a href="#[442]">&gt;&gt;</a>&nbsp;&nbsp;&nbsp;rt_mq_send_wait
</UL>

<P><STRONG><a name="[2b0]"></a>rt_hw_interrupt_enable</STRONG> (Thumb, 6 bytes, Stack size 0 bytes, context_rvds.o(.text))
<BR><BR>[Called By]<UL><LI><a href="#[28f]">&gt;&gt;</a>&nbsp;&nbsp;&nbsp;rt_mutex_take
<LI><a href="#[290]">&gt;&gt;</a>&nbsp;&nbsp;&nbsp;rt_mutex_release
<LI><a href="#[276]">&gt;&gt;</a>&nbsp;&nbsp;&nbsp;rt_mutex_create
<LI><a href="#[2a0]">&gt;&gt;</a>&nbsp;&nbsp;&nbsp;rt_thread_delete
<LI><a href="#[2cd]">&gt;&gt;</a>&nbsp;&nbsp;&nbsp;rt_data_queue_push
<LI><a href="#[424]">&gt;&gt;</a>&nbsp;&nbsp;&nbsp;rt_data_queue_pop
<LI><a href="#[423]">&gt;&gt;</a>&nbsp;&nbsp;&nbsp;rt_data_queue_peek
<LI><a href="#[41e]">&gt;&gt;</a>&nbsp;&nbsp;&nbsp;rt_data_queue_deinit
<LI><a href="#[2d1]">&gt;&gt;</a>&nbsp;&nbsp;&nbsp;rt_completion_wait
<LI><a href="#[41a]">&gt;&gt;</a>&nbsp;&nbsp;&nbsp;rt_completion_init
<LI><a href="#[418]">&gt;&gt;</a>&nbsp;&nbsp;&nbsp;rt_completion_done
<LI><a href="#[43b]">&gt;&gt;</a>&nbsp;&nbsp;&nbsp;rt_hw_serial_isr
<LI><a href="#[2cf]">&gt;&gt;</a>&nbsp;&nbsp;&nbsp;_serial_int_rx
<LI><a href="#[2cc]">&gt;&gt;</a>&nbsp;&nbsp;&nbsp;_serial_dma_tx
<LI><a href="#[2c7]">&gt;&gt;</a>&nbsp;&nbsp;&nbsp;_serial_dma_rx
<LI><a href="#[157]">&gt;&gt;</a>&nbsp;&nbsp;&nbsp;list_thread
<LI><a href="#[3f4]">&gt;&gt;</a>&nbsp;&nbsp;&nbsp;rt_mq_recv
<LI><a href="#[3f2]">&gt;&gt;</a>&nbsp;&nbsp;&nbsp;rt_mq_delete
<LI><a href="#[3f1]">&gt;&gt;</a>&nbsp;&nbsp;&nbsp;rt_mq_create
<LI><a href="#[243]">&gt;&gt;</a>&nbsp;&nbsp;&nbsp;rt_malloc
<LI><a href="#[241]">&gt;&gt;</a>&nbsp;&nbsp;&nbsp;rt_free
<LI><a href="#[3db]">&gt;&gt;</a>&nbsp;&nbsp;&nbsp;rt_timer_start
<LI><a href="#[379]">&gt;&gt;</a>&nbsp;&nbsp;&nbsp;rt_sem_take
<LI><a href="#[395]">&gt;&gt;</a>&nbsp;&nbsp;&nbsp;rt_sem_release
<LI><a href="#[268]">&gt;&gt;</a>&nbsp;&nbsp;&nbsp;rt_exit_critical
<LI><a href="#[267]">&gt;&gt;</a>&nbsp;&nbsp;&nbsp;rt_enter_critical
<LI><a href="#[466]">&gt;&gt;</a>&nbsp;&nbsp;&nbsp;rt_timer_stop
<LI><a href="#[2d8]">&gt;&gt;</a>&nbsp;&nbsp;&nbsp;rt_timer_detach
<LI><a href="#[41f]">&gt;&gt;</a>&nbsp;&nbsp;&nbsp;rt_data_queue_reset
<LI><a href="#[422]">&gt;&gt;</a>&nbsp;&nbsp;&nbsp;rt_data_queue_len
<LI><a href="#[41c]">&gt;&gt;</a>&nbsp;&nbsp;&nbsp;rt_timer_control
<LI><a href="#[2b3]">&gt;&gt;</a>&nbsp;&nbsp;&nbsp;rt_thread_suspend
<LI><a href="#[2ad]">&gt;&gt;</a>&nbsp;&nbsp;&nbsp;rt_thread_resume
<LI><a href="#[2dc]">&gt;&gt;</a>&nbsp;&nbsp;&nbsp;rt_schedule
<LI><a href="#[41b]">&gt;&gt;</a>&nbsp;&nbsp;&nbsp;rt_interrupt_get_nest
<LI><a href="#[272]">&gt;&gt;</a>&nbsp;&nbsp;&nbsp;rt_tick_increase
<LI><a href="#[435]">&gt;&gt;</a>&nbsp;&nbsp;&nbsp;rt_system_heap_init
<LI><a href="#[1f7]">&gt;&gt;</a>&nbsp;&nbsp;&nbsp;rt_interrupt_leave
<LI><a href="#[1f5]">&gt;&gt;</a>&nbsp;&nbsp;&nbsp;rt_interrupt_enter
<LI><a href="#[112]">&gt;&gt;</a>&nbsp;&nbsp;&nbsp;_pin_irq_enable
<LI><a href="#[111]">&gt;&gt;</a>&nbsp;&nbsp;&nbsp;_pin_detach_irq
<LI><a href="#[110]">&gt;&gt;</a>&nbsp;&nbsp;&nbsp;_pin_attach_irq
<LI><a href="#[15e]">&gt;&gt;</a>&nbsp;&nbsp;&nbsp;list_timer
<LI><a href="#[158]">&gt;&gt;</a>&nbsp;&nbsp;&nbsp;list_sem
<LI><a href="#[15a]">&gt;&gt;</a>&nbsp;&nbsp;&nbsp;list_mutex
<LI><a href="#[15c]">&gt;&gt;</a>&nbsp;&nbsp;&nbsp;list_msgqueue
<LI><a href="#[15d]">&gt;&gt;</a>&nbsp;&nbsp;&nbsp;list_mempool
<LI><a href="#[15b]">&gt;&gt;</a>&nbsp;&nbsp;&nbsp;list_mailbox
<LI><a href="#[159]">&gt;&gt;</a>&nbsp;&nbsp;&nbsp;list_event
<LI><a href="#[15f]">&gt;&gt;</a>&nbsp;&nbsp;&nbsp;list_device
<LI><a href="#[3e2]">&gt;&gt;</a>&nbsp;&nbsp;&nbsp;list_get_next
<LI><a href="#[2ae]">&gt;&gt;</a>&nbsp;&nbsp;&nbsp;_ipc_list_resume_all
<LI><a href="#[2d7]">&gt;&gt;</a>&nbsp;&nbsp;&nbsp;rt_schedule_remove_thread
<LI><a href="#[452]">&gt;&gt;</a>&nbsp;&nbsp;&nbsp;rt_schedule_insert_thread
<LI><a href="#[42b]">&gt;&gt;</a>&nbsp;&nbsp;&nbsp;rt_object_find
<LI><a href="#[c8]">&gt;&gt;</a>&nbsp;&nbsp;&nbsp;rt_thread_timeout
<LI><a href="#[462]">&gt;&gt;</a>&nbsp;&nbsp;&nbsp;rt_thread_sleep
<LI><a href="#[461]">&gt;&gt;</a>&nbsp;&nbsp;&nbsp;rt_thread_detach
<LI><a href="#[444]">&gt;&gt;</a>&nbsp;&nbsp;&nbsp;rt_thread_control
<LI><a href="#[c7]">&gt;&gt;</a>&nbsp;&nbsp;&nbsp;_thread_exit
<LI><a href="#[2d5]">&gt;&gt;</a>&nbsp;&nbsp;&nbsp;_thread_cleanup_execute
<LI><a href="#[42e]">&gt;&gt;</a>&nbsp;&nbsp;&nbsp;rt_object_init
<LI><a href="#[2da]">&gt;&gt;</a>&nbsp;&nbsp;&nbsp;rt_object_detach
<LI><a href="#[429]">&gt;&gt;</a>&nbsp;&nbsp;&nbsp;rt_object_delete
<LI><a href="#[441]">&gt;&gt;</a>&nbsp;&nbsp;&nbsp;rt_object_allocate
<LI><a href="#[467]">&gt;&gt;</a>&nbsp;&nbsp;&nbsp;rt_timer_check
<LI><a href="#[427]">&gt;&gt;</a>&nbsp;&nbsp;&nbsp;rt_defunct_execute
<LI><a href="#[310]">&gt;&gt;</a>&nbsp;&nbsp;&nbsp;rt_mutex_delete
<LI><a href="#[442]">&gt;&gt;</a>&nbsp;&nbsp;&nbsp;rt_mq_send_wait
</UL>

<P><STRONG><a name="[453]"></a>rt_hw_context_switch</STRONG> (Thumb, 32 bytes, Stack size 0 bytes, context_rvds.o(.text))
<BR><BR>[Called By]<UL><LI><a href="#[2dc]">&gt;&gt;</a>&nbsp;&nbsp;&nbsp;rt_schedule
</UL>

<P><STRONG><a name="[454]"></a>rt_hw_context_switch_interrupt</STRONG> (Thumb, 0 bytes, Stack size 0 bytes, context_rvds.o(.text))
<BR><BR>[Called By]<UL><LI><a href="#[2dc]">&gt;&gt;</a>&nbsp;&nbsp;&nbsp;rt_schedule
</UL>

<P><STRONG><a name="[81]"></a>PendSV_Handler</STRONG> (Thumb, 60 bytes, Stack size 0 bytes, context_rvds.o(.text))
<BR>[Address Reference Count : 1]<UL><LI> startup_gd32f10x_xd.o(RESET)
</UL>
<P><STRONG><a name="[45f]"></a>rt_hw_context_switch_to</STRONG> (Thumb, 56 bytes, Stack size 0 bytes, context_rvds.o(.text))
<BR><BR>[Called By]<UL><LI><a href="#[45e]">&gt;&gt;</a>&nbsp;&nbsp;&nbsp;rt_system_scheduler_start
</UL>

<P><STRONG><a name="[494]"></a>rt_hw_interrupt_thread_switch</STRONG> (Thumb, 2 bytes, Stack size 0 bytes, context_rvds.o(.text), UNUSED)

<P><STRONG><a name="[7b]"></a>HardFault_Handler</STRONG> (Thumb, 52 bytes, Stack size 0 bytes, context_rvds.o(.text))
<BR><BR>[Stack]<UL><LI>Max Depth = 436<LI>Call Chain = HardFault_Handler &rArr; rt_hw_hard_fault_exception &rArr; list_thread &rArr; object_split &rArr; rt_kprintf &rArr; rt_vsnprintf &rArr; print_number
</UL>
<BR>[Calls]<UL><LI><a href="#[16c]">&gt;&gt;</a>&nbsp;&nbsp;&nbsp;rt_hw_hard_fault_exception
</UL>
<BR>[Address Reference Count : 1]<UL><LI> startup_gd32f10x_xd.o(RESET)
</UL>
<P><STRONG><a name="[79]"></a>Reset_Handler</STRONG> (Thumb, 8 bytes, Stack size 0 bytes, startup_gd32f10x_xd.o(.text))
<BR>[Address Reference Count : 1]<UL><LI> startup_gd32f10x_xd.o(RESET)
</UL>
<P><STRONG><a name="[95]"></a>ADC0_1_IRQHandler</STRONG> (Thumb, 0 bytes, Stack size 0 bytes, startup_gd32f10x_xd.o(.text))
<BR><BR>[Calls]<UL><LI><a href="#[95]">&gt;&gt;</a>&nbsp;&nbsp;&nbsp;ADC0_1_IRQHandler
</UL>
<BR>[Called By]<UL><LI><a href="#[95]">&gt;&gt;</a>&nbsp;&nbsp;&nbsp;ADC0_1_IRQHandler
</UL>
<BR>[Address Reference Count : 1]<UL><LI> startup_gd32f10x_xd.o(RESET)
</UL>
<P><STRONG><a name="[b2]"></a>ADC2_IRQHandler</STRONG> (Thumb, 0 bytes, Stack size 0 bytes, startup_gd32f10x_xd.o(.text))
<BR>[Address Reference Count : 1]<UL><LI> startup_gd32f10x_xd.o(RESET)
</UL>
<P><STRONG><a name="[99]"></a>CAN0_EWMC_IRQHandler</STRONG> (Thumb, 0 bytes, Stack size 0 bytes, startup_gd32f10x_xd.o(.text))
<BR>[Address Reference Count : 1]<UL><LI> startup_gd32f10x_xd.o(RESET)
</UL>
<P><STRONG><a name="[98]"></a>CAN0_RX1_IRQHandler</STRONG> (Thumb, 0 bytes, Stack size 0 bytes, startup_gd32f10x_xd.o(.text))
<BR>[Address Reference Count : 1]<UL><LI> startup_gd32f10x_xd.o(RESET)
</UL>
<P><STRONG><a name="[8e]"></a>DMA0_Channel0_IRQHandler</STRONG> (Thumb, 0 bytes, Stack size 0 bytes, startup_gd32f10x_xd.o(.text))
<BR>[Address Reference Count : 1]<UL><LI> startup_gd32f10x_xd.o(RESET)
</UL>
<P><STRONG><a name="[8f]"></a>DMA0_Channel1_IRQHandler</STRONG> (Thumb, 0 bytes, Stack size 0 bytes, startup_gd32f10x_xd.o(.text))
<BR>[Address Reference Count : 1]<UL><LI> startup_gd32f10x_xd.o(RESET)
</UL>
<P><STRONG><a name="[90]"></a>DMA0_Channel2_IRQHandler</STRONG> (Thumb, 0 bytes, Stack size 0 bytes, startup_gd32f10x_xd.o(.text))
<BR>[Address Reference Count : 1]<UL><LI> startup_gd32f10x_xd.o(RESET)
</UL>
<P><STRONG><a name="[91]"></a>DMA0_Channel3_IRQHandler</STRONG> (Thumb, 0 bytes, Stack size 0 bytes, startup_gd32f10x_xd.o(.text))
<BR>[Address Reference Count : 1]<UL><LI> startup_gd32f10x_xd.o(RESET)
</UL>
<P><STRONG><a name="[92]"></a>DMA0_Channel4_IRQHandler</STRONG> (Thumb, 0 bytes, Stack size 0 bytes, startup_gd32f10x_xd.o(.text))
<BR>[Address Reference Count : 1]<UL><LI> startup_gd32f10x_xd.o(RESET)
</UL>
<P><STRONG><a name="[93]"></a>DMA0_Channel5_IRQHandler</STRONG> (Thumb, 0 bytes, Stack size 0 bytes, startup_gd32f10x_xd.o(.text))
<BR>[Address Reference Count : 1]<UL><LI> startup_gd32f10x_xd.o(RESET)
</UL>
<P><STRONG><a name="[94]"></a>DMA0_Channel6_IRQHandler</STRONG> (Thumb, 0 bytes, Stack size 0 bytes, startup_gd32f10x_xd.o(.text))
<BR>[Address Reference Count : 1]<UL><LI> startup_gd32f10x_xd.o(RESET)
</UL>
<P><STRONG><a name="[bb]"></a>DMA1_Channel0_IRQHandler</STRONG> (Thumb, 0 bytes, Stack size 0 bytes, startup_gd32f10x_xd.o(.text))
<BR>[Address Reference Count : 1]<UL><LI> startup_gd32f10x_xd.o(RESET)
</UL>
<P><STRONG><a name="[bc]"></a>DMA1_Channel1_IRQHandler</STRONG> (Thumb, 0 bytes, Stack size 0 bytes, startup_gd32f10x_xd.o(.text))
<BR>[Address Reference Count : 1]<UL><LI> startup_gd32f10x_xd.o(RESET)
</UL>
<P><STRONG><a name="[bd]"></a>DMA1_Channel2_IRQHandler</STRONG> (Thumb, 0 bytes, Stack size 0 bytes, startup_gd32f10x_xd.o(.text))
<BR>[Address Reference Count : 1]<UL><LI> startup_gd32f10x_xd.o(RESET)
</UL>
<P><STRONG><a name="[be]"></a>DMA1_Channel3_4_IRQHandler</STRONG> (Thumb, 0 bytes, Stack size 0 bytes, startup_gd32f10x_xd.o(.text))
<BR>[Address Reference Count : 1]<UL><LI> startup_gd32f10x_xd.o(RESET)
</UL>
<P><STRONG><a name="[b3]"></a>EXMC_IRQHandler</STRONG> (Thumb, 0 bytes, Stack size 0 bytes, startup_gd32f10x_xd.o(.text))
<BR>[Address Reference Count : 1]<UL><LI> startup_gd32f10x_xd.o(RESET)
</UL>
<P><STRONG><a name="[87]"></a>FMC_IRQHandler</STRONG> (Thumb, 0 bytes, Stack size 0 bytes, startup_gd32f10x_xd.o(.text))
<BR>[Address Reference Count : 1]<UL><LI> startup_gd32f10x_xd.o(RESET)
</UL>
<P><STRONG><a name="[a3]"></a>I2C0_ER_IRQHandler</STRONG> (Thumb, 0 bytes, Stack size 0 bytes, startup_gd32f10x_xd.o(.text))
<BR>[Address Reference Count : 1]<UL><LI> startup_gd32f10x_xd.o(RESET)
</UL>
<P><STRONG><a name="[a2]"></a>I2C0_EV_IRQHandler</STRONG> (Thumb, 0 bytes, Stack size 0 bytes, startup_gd32f10x_xd.o(.text))
<BR>[Address Reference Count : 1]<UL><LI> startup_gd32f10x_xd.o(RESET)
</UL>
<P><STRONG><a name="[a5]"></a>I2C1_ER_IRQHandler</STRONG> (Thumb, 0 bytes, Stack size 0 bytes, startup_gd32f10x_xd.o(.text))
<BR>[Address Reference Count : 1]<UL><LI> startup_gd32f10x_xd.o(RESET)
</UL>
<P><STRONG><a name="[a4]"></a>I2C1_EV_IRQHandler</STRONG> (Thumb, 0 bytes, Stack size 0 bytes, startup_gd32f10x_xd.o(.text))
<BR>[Address Reference Count : 1]<UL><LI> startup_gd32f10x_xd.o(RESET)
</UL>
<P><STRONG><a name="[84]"></a>LVD_IRQHandler</STRONG> (Thumb, 0 bytes, Stack size 0 bytes, startup_gd32f10x_xd.o(.text))
<BR>[Address Reference Count : 1]<UL><LI> startup_gd32f10x_xd.o(RESET)
</UL>
<P><STRONG><a name="[88]"></a>RCU_IRQHandler</STRONG> (Thumb, 0 bytes, Stack size 0 bytes, startup_gd32f10x_xd.o(.text))
<BR>[Address Reference Count : 1]<UL><LI> startup_gd32f10x_xd.o(RESET)
</UL>
<P><STRONG><a name="[ac]"></a>RTC_Alarm_IRQHandler</STRONG> (Thumb, 0 bytes, Stack size 0 bytes, startup_gd32f10x_xd.o(.text))
<BR>[Address Reference Count : 1]<UL><LI> startup_gd32f10x_xd.o(RESET)
</UL>
<P><STRONG><a name="[b4]"></a>SDIO_IRQHandler</STRONG> (Thumb, 0 bytes, Stack size 0 bytes, startup_gd32f10x_xd.o(.text))
<BR>[Address Reference Count : 1]<UL><LI> startup_gd32f10x_xd.o(RESET)
</UL>
<P><STRONG><a name="[a6]"></a>SPI0_IRQHandler</STRONG> (Thumb, 0 bytes, Stack size 0 bytes, startup_gd32f10x_xd.o(.text))
<BR>[Address Reference Count : 1]<UL><LI> startup_gd32f10x_xd.o(RESET)
</UL>
<P><STRONG><a name="[a7]"></a>SPI1_IRQHandler</STRONG> (Thumb, 0 bytes, Stack size 0 bytes, startup_gd32f10x_xd.o(.text))
<BR>[Address Reference Count : 1]<UL><LI> startup_gd32f10x_xd.o(RESET)
</UL>
<P><STRONG><a name="[b6]"></a>SPI2_IRQHandler</STRONG> (Thumb, 0 bytes, Stack size 0 bytes, startup_gd32f10x_xd.o(.text))
<BR>[Address Reference Count : 1]<UL><LI> startup_gd32f10x_xd.o(RESET)
</UL>
<P><STRONG><a name="[85]"></a>TAMPER_IRQHandler</STRONG> (Thumb, 0 bytes, Stack size 0 bytes, startup_gd32f10x_xd.o(.text))
<BR>[Address Reference Count : 1]<UL><LI> startup_gd32f10x_xd.o(RESET)
</UL>
<P><STRONG><a name="[9b]"></a>TIMER0_BRK_TIMER8_IRQHandler</STRONG> (Thumb, 0 bytes, Stack size 0 bytes, startup_gd32f10x_xd.o(.text))
<BR>[Address Reference Count : 1]<UL><LI> startup_gd32f10x_xd.o(RESET)
</UL>
<P><STRONG><a name="[9e]"></a>TIMER0_Channel_IRQHandler</STRONG> (Thumb, 0 bytes, Stack size 0 bytes, startup_gd32f10x_xd.o(.text))
<BR>[Address Reference Count : 1]<UL><LI> startup_gd32f10x_xd.o(RESET)
</UL>
<P><STRONG><a name="[9d]"></a>TIMER0_TRG_CMT_TIMER10_IRQHandler</STRONG> (Thumb, 0 bytes, Stack size 0 bytes, startup_gd32f10x_xd.o(.text))
<BR>[Address Reference Count : 1]<UL><LI> startup_gd32f10x_xd.o(RESET)
</UL>
<P><STRONG><a name="[9c]"></a>TIMER0_UP_TIMER9_IRQHandler</STRONG> (Thumb, 0 bytes, Stack size 0 bytes, startup_gd32f10x_xd.o(.text))
<BR>[Address Reference Count : 1]<UL><LI> startup_gd32f10x_xd.o(RESET)
</UL>
<P><STRONG><a name="[9f]"></a>TIMER1_IRQHandler</STRONG> (Thumb, 0 bytes, Stack size 0 bytes, startup_gd32f10x_xd.o(.text))
<BR>[Address Reference Count : 1]<UL><LI> startup_gd32f10x_xd.o(RESET)
</UL>
<P><STRONG><a name="[a0]"></a>TIMER2_IRQHandler</STRONG> (Thumb, 0 bytes, Stack size 0 bytes, startup_gd32f10x_xd.o(.text))
<BR>[Address Reference Count : 1]<UL><LI> startup_gd32f10x_xd.o(RESET)
</UL>
<P><STRONG><a name="[a1]"></a>TIMER3_IRQHandler</STRONG> (Thumb, 0 bytes, Stack size 0 bytes, startup_gd32f10x_xd.o(.text))
<BR>[Address Reference Count : 1]<UL><LI> startup_gd32f10x_xd.o(RESET)
</UL>
<P><STRONG><a name="[b5]"></a>TIMER4_IRQHandler</STRONG> (Thumb, 0 bytes, Stack size 0 bytes, startup_gd32f10x_xd.o(.text))
<BR>[Address Reference Count : 1]<UL><LI> startup_gd32f10x_xd.o(RESET)
</UL>
<P><STRONG><a name="[b9]"></a>TIMER5_IRQHandler</STRONG> (Thumb, 0 bytes, Stack size 0 bytes, startup_gd32f10x_xd.o(.text))
<BR>[Address Reference Count : 1]<UL><LI> startup_gd32f10x_xd.o(RESET)
</UL>
<P><STRONG><a name="[ba]"></a>TIMER6_IRQHandler</STRONG> (Thumb, 0 bytes, Stack size 0 bytes, startup_gd32f10x_xd.o(.text))
<BR>[Address Reference Count : 1]<UL><LI> startup_gd32f10x_xd.o(RESET)
</UL>
<P><STRONG><a name="[ae]"></a>TIMER7_BRK_TIMER11_IRQHandler</STRONG> (Thumb, 0 bytes, Stack size 0 bytes, startup_gd32f10x_xd.o(.text))
<BR>[Address Reference Count : 1]<UL><LI> startup_gd32f10x_xd.o(RESET)
</UL>
<P><STRONG><a name="[b1]"></a>TIMER7_Channel_IRQHandler</STRONG> (Thumb, 0 bytes, Stack size 0 bytes, startup_gd32f10x_xd.o(.text))
<BR>[Address Reference Count : 1]<UL><LI> startup_gd32f10x_xd.o(RESET)
</UL>
<P><STRONG><a name="[b0]"></a>TIMER7_TRG_CMT_TIMER13_IRQHandler</STRONG> (Thumb, 0 bytes, Stack size 0 bytes, startup_gd32f10x_xd.o(.text))
<BR>[Address Reference Count : 1]<UL><LI> startup_gd32f10x_xd.o(RESET)
</UL>
<P><STRONG><a name="[af]"></a>TIMER7_UP_TIMER12_IRQHandler</STRONG> (Thumb, 0 bytes, Stack size 0 bytes, startup_gd32f10x_xd.o(.text))
<BR>[Address Reference Count : 1]<UL><LI> startup_gd32f10x_xd.o(RESET)
</UL>
<P><STRONG><a name="[96]"></a>USBD_HP_CAN0_TX_IRQHandler</STRONG> (Thumb, 0 bytes, Stack size 0 bytes, startup_gd32f10x_xd.o(.text))
<BR>[Address Reference Count : 1]<UL><LI> startup_gd32f10x_xd.o(RESET)
</UL>
<P><STRONG><a name="[97]"></a>USBD_LP_CAN0_RX0_IRQHandler</STRONG> (Thumb, 0 bytes, Stack size 0 bytes, startup_gd32f10x_xd.o(.text))
<BR>[Address Reference Count : 1]<UL><LI> startup_gd32f10x_xd.o(RESET)
</UL>
<P><STRONG><a name="[ad]"></a>USBD_WKUP_IRQHandler</STRONG> (Thumb, 0 bytes, Stack size 0 bytes, startup_gd32f10x_xd.o(.text))
<BR>[Address Reference Count : 1]<UL><LI> startup_gd32f10x_xd.o(RESET)
</UL>
<P><STRONG><a name="[83]"></a>WWDGT_IRQHandler</STRONG> (Thumb, 0 bytes, Stack size 0 bytes, startup_gd32f10x_xd.o(.text))
<BR>[Address Reference Count : 1]<UL><LI> startup_gd32f10x_xd.o(RESET)
</UL>
<P><STRONG><a name="[16d]"></a>__aeabi_uldivmod</STRONG> (Thumb, 98 bytes, Stack size 40 bytes, uldiv.o(.text))
<BR><BR>[Stack]<UL><LI>Max Depth = 40<LI>Call Chain = __aeabi_uldivmod
</UL>
<BR>[Calls]<UL><LI><a href="#[16e]">&gt;&gt;</a>&nbsp;&nbsp;&nbsp;__aeabi_llsr
<LI><a href="#[16f]">&gt;&gt;</a>&nbsp;&nbsp;&nbsp;__aeabi_llsl
</UL>
<BR>[Called By]<UL><LI><a href="#[331]">&gt;&gt;</a>&nbsp;&nbsp;&nbsp;rn8209d_get_current
<LI><a href="#[333]">&gt;&gt;</a>&nbsp;&nbsp;&nbsp;rn8209d_get_TotalE
<LI><a href="#[2a2]">&gt;&gt;</a>&nbsp;&nbsp;&nbsp;_printf_core
</UL>

<P><STRONG><a name="[198]"></a>__aeabi_memcpy</STRONG> (Thumb, 36 bytes, Stack size 0 bytes, memcpya.o(.text))
<BR><BR>[Called By]<UL><LI><a href="#[25c]">&gt;&gt;</a>&nbsp;&nbsp;&nbsp;PreAPOffLineBill
<LI><a href="#[25b]">&gt;&gt;</a>&nbsp;&nbsp;&nbsp;PreAPFSOffLineBill
<LI><a href="#[25a]">&gt;&gt;</a>&nbsp;&nbsp;&nbsp;PreAPBill
<LI><a href="#[1d7]">&gt;&gt;</a>&nbsp;&nbsp;&nbsp;AP_SendVinWLAck
<LI><a href="#[1d6]">&gt;&gt;</a>&nbsp;&nbsp;&nbsp;AP_SendVinCardResAck
<LI><a href="#[1d5]">&gt;&gt;</a>&nbsp;&nbsp;&nbsp;AP_SendTimeSharBill
<LI><a href="#[1d4]">&gt;&gt;</a>&nbsp;&nbsp;&nbsp;AP_SendStopAck
<LI><a href="#[1d3]">&gt;&gt;</a>&nbsp;&nbsp;&nbsp;AP_SendStartAck
<LI><a href="#[1c7]">&gt;&gt;</a>&nbsp;&nbsp;&nbsp;AP_SendCardWLAck
<LI><a href="#[1c6]">&gt;&gt;</a>&nbsp;&nbsp;&nbsp;AP_SendCardVinStart
<LI><a href="#[1c4]">&gt;&gt;</a>&nbsp;&nbsp;&nbsp;AP_SendCardInfo
<LI><a href="#[1bd]">&gt;&gt;</a>&nbsp;&nbsp;&nbsp;AP_SendBill
<LI><a href="#[1b7]">&gt;&gt;</a>&nbsp;&nbsp;&nbsp;AP_RecvFrameDispose
<LI><a href="#[19f]">&gt;&gt;</a>&nbsp;&nbsp;&nbsp;APP_GetAPBatchNum
<LI><a href="#[11]">&gt;&gt;</a>&nbsp;&nbsp;&nbsp;AP_SendChargeInfoA
<LI><a href="#[13]">&gt;&gt;</a>&nbsp;&nbsp;&nbsp;AP_SendCarInfoA
<LI><a href="#[8]">&gt;&gt;</a>&nbsp;&nbsp;&nbsp;AP_RecvSTCmd
<LI><a href="#[2]">&gt;&gt;</a>&nbsp;&nbsp;&nbsp;AP_RecvPricB47
<LI><a href="#[1]">&gt;&gt;</a>&nbsp;&nbsp;&nbsp;AP_RecvPricB2
<LI><a href="#[a]">&gt;&gt;</a>&nbsp;&nbsp;&nbsp;AP_RecvCardVinStartB11
<LI><a href="#[9]">&gt;&gt;</a>&nbsp;&nbsp;&nbsp;AP_RecvCardB7
<LI><a href="#[c]">&gt;&gt;</a>&nbsp;&nbsp;&nbsp;AP_RecvB21VINCardRes
<LI><a href="#[b]">&gt;&gt;</a>&nbsp;&nbsp;&nbsp;AP_RecvB17CardWL
<LI><a href="#[d]">&gt;&gt;</a>&nbsp;&nbsp;&nbsp;AP_RecvB16OFFLineRco
<LI><a href="#[10c]">&gt;&gt;</a>&nbsp;&nbsp;&nbsp;Recv_ReadData_Ack
<LI><a href="#[104]">&gt;&gt;</a>&nbsp;&nbsp;&nbsp;Recv_AT_ReRecv1Cmd_Ack
<LI><a href="#[103]">&gt;&gt;</a>&nbsp;&nbsp;&nbsp;Recv_AT_ReRecv0Cmd_Ack
<LI><a href="#[17]">&gt;&gt;</a>&nbsp;&nbsp;&nbsp;HY_SendDevStateA
<LI><a href="#[203]">&gt;&gt;</a>&nbsp;&nbsp;&nbsp;HYFreamSend
<LI><a href="#[15]">&gt;&gt;</a>&nbsp;&nbsp;&nbsp;HY_SendRegister
<LI><a href="#[16]">&gt;&gt;</a>&nbsp;&nbsp;&nbsp;HY_SendHear
<LI><a href="#[19]">&gt;&gt;</a>&nbsp;&nbsp;&nbsp;HY_RecvStartCharge
<LI><a href="#[1d]">&gt;&gt;</a>&nbsp;&nbsp;&nbsp;HY_RecvRegisterAck
<LI><a href="#[1e]">&gt;&gt;</a>&nbsp;&nbsp;&nbsp;HY_RecvRecordAck
<LI><a href="#[21]">&gt;&gt;</a>&nbsp;&nbsp;&nbsp;HY_RecvRateSet
<LI><a href="#[24]">&gt;&gt;</a>&nbsp;&nbsp;&nbsp;HY_RecvCardStart
<LI><a href="#[27d]">&gt;&gt;</a>&nbsp;&nbsp;&nbsp;mq_service_recv_msg
<LI><a href="#[209]">&gt;&gt;</a>&nbsp;&nbsp;&nbsp;HY_SendQueryRateAck
<LI><a href="#[2f4]">&gt;&gt;</a>&nbsp;&nbsp;&nbsp;page256_or_1_byte_write
<LI><a href="#[3f3]">&gt;&gt;</a>&nbsp;&nbsp;&nbsp;mq_service_send_msg
<LI><a href="#[410]">&gt;&gt;</a>&nbsp;&nbsp;&nbsp;rn8209d_write_reg_nocheck
<LI><a href="#[194]">&gt;&gt;</a>&nbsp;&nbsp;&nbsp;Dis_Showstop_reason
<LI><a href="#[191]">&gt;&gt;</a>&nbsp;&nbsp;&nbsp;Dis_ShowCopy
<LI><a href="#[316]">&gt;&gt;</a>&nbsp;&nbsp;&nbsp;align_write
<LI><a href="#[18f]">&gt;&gt;</a>&nbsp;&nbsp;&nbsp;APPTransactionrecord
<LI><a href="#[389]">&gt;&gt;</a>&nbsp;&nbsp;&nbsp;dwin_show_state
<LI><a href="#[388]">&gt;&gt;</a>&nbsp;&nbsp;&nbsp;dwin_show_record
<LI><a href="#[1ab]">&gt;&gt;</a>&nbsp;&nbsp;&nbsp;DispShow_Recode
<LI><a href="#[473]">&gt;&gt;</a>&nbsp;&nbsp;&nbsp;set_CardMCUID
<LI><a href="#[221]">&gt;&gt;</a>&nbsp;&nbsp;&nbsp;PCD_MIFARE_Transceive
</UL>

<P><STRONG><a name="[1a9]"></a>__aeabi_memcpy4</STRONG> (Thumb, 0 bytes, Stack size 0 bytes, memcpya.o(.text))
<BR><BR>[Called By]<UL><LI><a href="#[14a]">&gt;&gt;</a>&nbsp;&nbsp;&nbsp;sf
<LI><a href="#[1ae]">&gt;&gt;</a>&nbsp;&nbsp;&nbsp;APP_SelectUpNChargeRecode
<LI><a href="#[1ad]">&gt;&gt;</a>&nbsp;&nbsp;&nbsp;APP_SelectNextNChargeRecode
<LI><a href="#[1a8]">&gt;&gt;</a>&nbsp;&nbsp;&nbsp;APP_SelectCurChargeRecode
<LI><a href="#[150]">&gt;&gt;</a>&nbsp;&nbsp;&nbsp;fal
<LI><a href="#[388]">&gt;&gt;</a>&nbsp;&nbsp;&nbsp;dwin_show_record
<LI><a href="#[1ab]">&gt;&gt;</a>&nbsp;&nbsp;&nbsp;DispShow_Recode
</UL>

<P><STRONG><a name="[495]"></a>__aeabi_memcpy8</STRONG> (Thumb, 0 bytes, Stack size 0 bytes, memcpya.o(.text), UNUSED)

<P><STRONG><a name="[171]"></a>__aeabi_memset</STRONG> (Thumb, 14 bytes, Stack size 0 bytes, memseta.o(.text))
<BR><BR>[Called By]<UL><LI><a href="#[c]">&gt;&gt;</a>&nbsp;&nbsp;&nbsp;AP_RecvB21VINCardRes
<LI><a href="#[1b0]">&gt;&gt;</a>&nbsp;&nbsp;&nbsp;AP_CardWhiteListDispose
<LI><a href="#[21]">&gt;&gt;</a>&nbsp;&nbsp;&nbsp;HY_RecvRateSet
<LI><a href="#[40e]">&gt;&gt;</a>&nbsp;&nbsp;&nbsp;rn8209d_read_reg
<LI><a href="#[150]">&gt;&gt;</a>&nbsp;&nbsp;&nbsp;fal
<LI><a href="#[3b5]">&gt;&gt;</a>&nbsp;&nbsp;&nbsp;set_status
<LI><a href="#[384]">&gt;&gt;</a>&nbsp;&nbsp;&nbsp;format_sector
<LI><a href="#[35e]">&gt;&gt;</a>&nbsp;&nbsp;&nbsp;create_env_blob
<LI><a href="#[316]">&gt;&gt;</a>&nbsp;&nbsp;&nbsp;align_write
<LI><a href="#[172]">&gt;&gt;</a>&nbsp;&nbsp;&nbsp;_memset$wrapper
<LI><a href="#[170]">&gt;&gt;</a>&nbsp;&nbsp;&nbsp;__aeabi_memclr
</UL>

<P><STRONG><a name="[496]"></a>__aeabi_memset4</STRONG> (Thumb, 0 bytes, Stack size 0 bytes, memseta.o(.text), UNUSED)

<P><STRONG><a name="[497]"></a>__aeabi_memset8</STRONG> (Thumb, 0 bytes, Stack size 0 bytes, memseta.o(.text), UNUSED)

<P><STRONG><a name="[170]"></a>__aeabi_memclr</STRONG> (Thumb, 4 bytes, Stack size 0 bytes, memseta.o(.text))
<BR><BR>[Calls]<UL><LI><a href="#[171]">&gt;&gt;</a>&nbsp;&nbsp;&nbsp;__aeabi_memset
</UL>
<BR>[Called By]<UL><LI><a href="#[25c]">&gt;&gt;</a>&nbsp;&nbsp;&nbsp;PreAPOffLineBill
<LI><a href="#[25b]">&gt;&gt;</a>&nbsp;&nbsp;&nbsp;PreAPFSOffLineBill
<LI><a href="#[25a]">&gt;&gt;</a>&nbsp;&nbsp;&nbsp;PreAPBill
<LI><a href="#[1d5]">&gt;&gt;</a>&nbsp;&nbsp;&nbsp;AP_SendTimeSharBill
<LI><a href="#[1d4]">&gt;&gt;</a>&nbsp;&nbsp;&nbsp;AP_SendStopAck
<LI><a href="#[1d3]">&gt;&gt;</a>&nbsp;&nbsp;&nbsp;AP_SendStartAck
<LI><a href="#[1c6]">&gt;&gt;</a>&nbsp;&nbsp;&nbsp;AP_SendCardVinStart
<LI><a href="#[1c4]">&gt;&gt;</a>&nbsp;&nbsp;&nbsp;AP_SendCardInfo
<LI><a href="#[1bd]">&gt;&gt;</a>&nbsp;&nbsp;&nbsp;AP_SendBill
<LI><a href="#[11]">&gt;&gt;</a>&nbsp;&nbsp;&nbsp;AP_SendChargeInfoA
<LI><a href="#[13]">&gt;&gt;</a>&nbsp;&nbsp;&nbsp;AP_SendCarInfoA
<LI><a href="#[17]">&gt;&gt;</a>&nbsp;&nbsp;&nbsp;HY_SendDevStateA
<LI><a href="#[1e0]">&gt;&gt;</a>&nbsp;&nbsp;&nbsp;SIM7600Reset
<LI><a href="#[351]">&gt;&gt;</a>&nbsp;&nbsp;&nbsp;input_io_init
<LI><a href="#[3ad]">&gt;&gt;</a>&nbsp;&nbsp;&nbsp;flash_para_init
</UL>

<P><STRONG><a name="[190]"></a>__aeabi_memclr4</STRONG> (Thumb, 0 bytes, Stack size 0 bytes, memseta.o(.text))
<BR><BR>[Called By]<UL><LI><a href="#[1b6]">&gt;&gt;</a>&nbsp;&nbsp;&nbsp;send_ch_ctl_msg
<LI><a href="#[25c]">&gt;&gt;</a>&nbsp;&nbsp;&nbsp;PreAPOffLineBill
<LI><a href="#[25b]">&gt;&gt;</a>&nbsp;&nbsp;&nbsp;PreAPFSOffLineBill
<LI><a href="#[25a]">&gt;&gt;</a>&nbsp;&nbsp;&nbsp;PreAPBill
<LI><a href="#[1d7]">&gt;&gt;</a>&nbsp;&nbsp;&nbsp;AP_SendVinWLAck
<LI><a href="#[1d6]">&gt;&gt;</a>&nbsp;&nbsp;&nbsp;AP_SendVinCardResAck
<LI><a href="#[1d5]">&gt;&gt;</a>&nbsp;&nbsp;&nbsp;AP_SendTimeSharBill
<LI><a href="#[1d4]">&gt;&gt;</a>&nbsp;&nbsp;&nbsp;AP_SendStopAck
<LI><a href="#[1d3]">&gt;&gt;</a>&nbsp;&nbsp;&nbsp;AP_SendStartAck
<LI><a href="#[1d2]">&gt;&gt;</a>&nbsp;&nbsp;&nbsp;AP_SendSetTimeAck
<LI><a href="#[1c7]">&gt;&gt;</a>&nbsp;&nbsp;&nbsp;AP_SendCardWLAck
<LI><a href="#[1c6]">&gt;&gt;</a>&nbsp;&nbsp;&nbsp;AP_SendCardVinStart
<LI><a href="#[1c4]">&gt;&gt;</a>&nbsp;&nbsp;&nbsp;AP_SendCardInfo
<LI><a href="#[1bd]">&gt;&gt;</a>&nbsp;&nbsp;&nbsp;AP_SendBill
<LI><a href="#[1d1]">&gt;&gt;</a>&nbsp;&nbsp;&nbsp;AP_SendSetPricB47Ack
<LI><a href="#[1d0]">&gt;&gt;</a>&nbsp;&nbsp;&nbsp;AP_SendSetPricB2Ack
<LI><a href="#[11]">&gt;&gt;</a>&nbsp;&nbsp;&nbsp;AP_SendChargeInfoA
<LI><a href="#[13]">&gt;&gt;</a>&nbsp;&nbsp;&nbsp;AP_SendCarInfoA
<LI><a href="#[2]">&gt;&gt;</a>&nbsp;&nbsp;&nbsp;AP_RecvPricB47
<LI><a href="#[1]">&gt;&gt;</a>&nbsp;&nbsp;&nbsp;AP_RecvPricB2
<LI><a href="#[21]">&gt;&gt;</a>&nbsp;&nbsp;&nbsp;HY_RecvRateSet
<LI><a href="#[c5]">&gt;&gt;</a>&nbsp;&nbsp;&nbsp;Task4GSend
<LI><a href="#[3f3]">&gt;&gt;</a>&nbsp;&nbsp;&nbsp;mq_service_send_msg
<LI><a href="#[33c]">&gt;&gt;</a>&nbsp;&nbsp;&nbsp;ch_start_func
<LI><a href="#[337]">&gt;&gt;</a>&nbsp;&nbsp;&nbsp;ch_get_cp_volt
<LI><a href="#[352]">&gt;&gt;</a>&nbsp;&nbsp;&nbsp;ch_wait_msg
<LI><a href="#[335]">&gt;&gt;</a>&nbsp;&nbsp;&nbsp;ch_from_ctl_msg
<LI><a href="#[406]">&gt;&gt;</a>&nbsp;&nbsp;&nbsp;read_basic_table
<LI><a href="#[376]">&gt;&gt;</a>&nbsp;&nbsp;&nbsp;dlt645_2007_read_data
<LI><a href="#[370]">&gt;&gt;</a>&nbsp;&nbsp;&nbsp;dlt645_1997_read_data
<LI><a href="#[206]">&gt;&gt;</a>&nbsp;&nbsp;&nbsp;Munu27_ShowSysInfo
<LI><a href="#[19a]">&gt;&gt;</a>&nbsp;&nbsp;&nbsp;APP_ClearRecodeInfo
<LI><a href="#[382]">&gt;&gt;</a>&nbsp;&nbsp;&nbsp;move_env
<LI><a href="#[d0]">&gt;&gt;</a>&nbsp;&nbsp;&nbsp;rt_dwin_thread_entry
<LI><a href="#[1e8]">&gt;&gt;</a>&nbsp;&nbsp;&nbsp;Dis_ShowTime
<LI><a href="#[1e5]">&gt;&gt;</a>&nbsp;&nbsp;&nbsp;Dis_SYSShowTime
<LI><a href="#[18f]">&gt;&gt;</a>&nbsp;&nbsp;&nbsp;APPTransactionrecord
<LI><a href="#[38a]">&gt;&gt;</a>&nbsp;&nbsp;&nbsp;dwin_uart_read
<LI><a href="#[389]">&gt;&gt;</a>&nbsp;&nbsp;&nbsp;dwin_show_state
<LI><a href="#[388]">&gt;&gt;</a>&nbsp;&nbsp;&nbsp;dwin_show_record
<LI><a href="#[1ab]">&gt;&gt;</a>&nbsp;&nbsp;&nbsp;DispShow_Recode
<LI><a href="#[247]">&gt;&gt;</a>&nbsp;&nbsp;&nbsp;PCD_PerformSelfTest
<LI><a href="#[298]">&gt;&gt;</a>&nbsp;&nbsp;&nbsp;writer_lock_state
<LI><a href="#[295]">&gt;&gt;</a>&nbsp;&nbsp;&nbsp;read_lock_state
<LI><a href="#[293]">&gt;&gt;</a>&nbsp;&nbsp;&nbsp;read_card_type
<LI><a href="#[da]">&gt;&gt;</a>&nbsp;&nbsp;&nbsp;read_card_task
<LI><a href="#[294]">&gt;&gt;</a>&nbsp;&nbsp;&nbsp;read_card_money
</UL>

<P><STRONG><a name="[498]"></a>__aeabi_memclr8</STRONG> (Thumb, 0 bytes, Stack size 0 bytes, memseta.o(.text), UNUSED)

<P><STRONG><a name="[172]"></a>_memset$wrapper</STRONG> (Thumb, 18 bytes, Stack size 8 bytes, memseta.o(.text), UNUSED)
<BR><BR>[Calls]<UL><LI><a href="#[171]">&gt;&gt;</a>&nbsp;&nbsp;&nbsp;__aeabi_memset
</UL>

<P><STRONG><a name="[269]"></a>strstr</STRONG> (Thumb, 36 bytes, Stack size 12 bytes, strstr.o(.text))
<BR><BR>[Stack]<UL><LI>Max Depth = 12<LI>Call Chain = strstr
</UL>
<BR>[Called By]<UL><LI><a href="#[10c]">&gt;&gt;</a>&nbsp;&nbsp;&nbsp;Recv_ReadData_Ack
<LI><a href="#[108]">&gt;&gt;</a>&nbsp;&nbsp;&nbsp;Recv_HttpStart_Ack
<LI><a href="#[109]">&gt;&gt;</a>&nbsp;&nbsp;&nbsp;Recv_HttpConect_Ack
<LI><a href="#[102]">&gt;&gt;</a>&nbsp;&nbsp;&nbsp;Recv_AT_SendAck1Cmd_Ack
<LI><a href="#[101]">&gt;&gt;</a>&nbsp;&nbsp;&nbsp;Recv_AT_SendAck0Cmd_Ack
<LI><a href="#[104]">&gt;&gt;</a>&nbsp;&nbsp;&nbsp;Recv_AT_ReRecv1Cmd_Ack
<LI><a href="#[103]">&gt;&gt;</a>&nbsp;&nbsp;&nbsp;Recv_AT_ReRecv0Cmd_Ack
<LI><a href="#[ff]">&gt;&gt;</a>&nbsp;&nbsp;&nbsp;Recv_AT_ConnectServer1_Ack
<LI><a href="#[fd]">&gt;&gt;</a>&nbsp;&nbsp;&nbsp;Recv_AT_ConnectServer1Cmd_Ack
<LI><a href="#[fe]">&gt;&gt;</a>&nbsp;&nbsp;&nbsp;Recv_AT_ConnectServer0_Ack
<LI><a href="#[fc]">&gt;&gt;</a>&nbsp;&nbsp;&nbsp;Recv_AT_ConnectServer0Cmd_Ack
<LI><a href="#[f7]">&gt;&gt;</a>&nbsp;&nbsp;&nbsp;Recv_AT_CSQ_Ack
<LI><a href="#[f8]">&gt;&gt;</a>&nbsp;&nbsp;&nbsp;Recv_AT_CIMI_Ack
</UL>

<P><STRONG><a name="[202]"></a>strncpy</STRONG> (Thumb, 24 bytes, Stack size 8 bytes, strncpy.o(.text))
<BR><BR>[Stack]<UL><LI>Max Depth = 8<LI>Call Chain = strncpy
</UL>
<BR>[Called By]<UL><LI><a href="#[382]">&gt;&gt;</a>&nbsp;&nbsp;&nbsp;move_env
<LI><a href="#[24e]">&gt;&gt;</a>&nbsp;&nbsp;&nbsp;PICC_GetTypeName
<LI><a href="#[201]">&gt;&gt;</a>&nbsp;&nbsp;&nbsp;GetStatusCodeName
</UL>

<P><STRONG><a name="[30f]"></a>strchr</STRONG> (Thumb, 20 bytes, Stack size 0 bytes, strchr.o(.text))
<BR><BR>[Called By]<UL><LI><a href="#[30c]">&gt;&gt;</a>&nbsp;&nbsp;&nbsp;agile_led_get_light_arr
</UL>

<P><STRONG><a name="[228]"></a>strlen</STRONG> (Thumb, 14 bytes, Stack size 0 bytes, strlen.o(.text))
[...]
</UL>
<BR>[Calls]<UL><LI><a href="#[2b6]">&gt;&gt;</a>&nbsp;&nbsp;&nbsp;rt_list_init
</UL>
<BR>[Called By]<UL><LI><a href="#[276]">&gt;&gt;</a>&nbsp;&nbsp;&nbsp;rt_mutex_create
<LI><a href="#[43e]">&gt;&gt;</a>&nbsp;&nbsp;&nbsp;rt_mutex_init
<LI><a href="#[3f1]">&gt;&gt;</a>&nbsp;&nbsp;&nbsp;rt_mq_create
<LI><a href="#[37d]">&gt;&gt;</a>&nbsp;&nbsp;&nbsp;rt_sem_init
</UL>

<P><STRONG><a name="[2b6]"></a>rt_list_init</STRONG> (Thumb, 6 bytes, Stack size 0 bytes, ipc.o(i.rt_list_init))
<BR><BR>[Called By]<UL><LI><a href="#[3f1]">&gt;&gt;</a>&nbsp;&nbsp;&nbsp;rt_mq_create
<LI><a href="#[2b5]">&gt;&gt;</a>&nbsp;&nbsp;&nbsp;_ipc_object_init
</UL>

<P><STRONG><a name="[2b4]"></a>rt_list_insert_before</STRONG> (Thumb, 14 bytes, Stack size 0 bytes, ipc.o(i.rt_list_insert_before))
<BR><BR>[Called By]<UL><LI><a href="#[2b2]">&gt;&gt;</a>&nbsp;&nbsp;&nbsp;_ipc_list_suspend
</UL>

<P><STRONG><a name="[2b1]"></a>rt_list_isempty</STRONG> (Thumb, 16 bytes, Stack size 0 bytes, ipc.o(i.rt_list_isempty))
<BR><BR>[Called By]<UL><LI><a href="#[290]">&gt;&gt;</a>&nbsp;&nbsp;&nbsp;rt_mutex_release
<LI><a href="#[3f4]">&gt;&gt;</a>&nbsp;&nbsp;&nbsp;rt_mq_recv
<LI><a href="#[395]">&gt;&gt;</a>&nbsp;&nbsp;&nbsp;rt_sem_release
<LI><a href="#[2ae]">&gt;&gt;</a>&nbsp;&nbsp;&nbsp;_ipc_list_resume_all
<LI><a href="#[442]">&gt;&gt;</a>&nbsp;&nbsp;&nbsp;rt_mq_send_wait
</UL>

<P><STRONG><a name="[446]"></a>rt_list_insert_after</STRONG> (Thumb, 14 bytes, Stack size 0 bytes, object.o(i.rt_list_insert_after))
<BR><BR>[Called By]<UL><LI><a href="#[42e]">&gt;&gt;</a>&nbsp;&nbsp;&nbsp;rt_object_init
<LI><a href="#[441]">&gt;&gt;</a>&nbsp;&nbsp;&nbsp;rt_object_allocate
</UL>

<P><STRONG><a name="[447]"></a>rt_list_remove</STRONG> (Thumb, 18 bytes, Stack size 0 bytes, object.o(i.rt_list_remove))
<BR><BR>[Called By]<UL><LI><a href="#[2da]">&gt;&gt;</a>&nbsp;&nbsp;&nbsp;rt_object_detach
<LI><a href="#[429]">&gt;&gt;</a>&nbsp;&nbsp;&nbsp;rt_object_delete
</UL>

<P><STRONG><a name="[2c3]"></a>_rt_scheduler_stack_check</STRONG> (Thumb, 86 bytes, Stack size 16 bytes, scheduler.o(i._rt_scheduler_stack_check))
<BR><BR>[Stack]<UL><LI>Max Depth = 196<LI>Call Chain = _rt_scheduler_stack_check &rArr; rt_kprintf &rArr; rt_vsnprintf &rArr; print_number
</UL>
<BR>[Calls]<UL><LI><a href="#[197]">&gt;&gt;</a>&nbsp;&nbsp;&nbsp;rt_kprintf
<LI><a href="#[20e]">&gt;&gt;</a>&nbsp;&nbsp;&nbsp;rt_assert_handler
<LI><a href="#[2af]">&gt;&gt;</a>&nbsp;&nbsp;&nbsp;rt_hw_interrupt_disable
</UL>
<BR>[Called By]<UL><LI><a href="#[2dc]">&gt;&gt;</a>&nbsp;&nbsp;&nbsp;rt_schedule
</UL>

<P><STRONG><a name="[2c4]"></a>_scheduler_get_highest_priority_thread</STRONG> (Thumb, 30 bytes, Stack size 16 bytes, scheduler.o(i._scheduler_get_highest_priority_thread))
<BR><BR>[Stack]<UL><LI>Max Depth = 16<LI>Call Chain = _scheduler_get_highest_priority_thread
</UL>
<BR>[Calls]<UL><LI><a href="#[2c5]">&gt;&gt;</a>&nbsp;&nbsp;&nbsp;__rt_ffs
</UL>
<BR>[Called By]<UL><LI><a href="#[2dc]">&gt;&gt;</a>&nbsp;&nbsp;&nbsp;rt_schedule
<LI><a href="#[45e]">&gt;&gt;</a>&nbsp;&nbsp;&nbsp;rt_system_scheduler_start
</UL>

<P><STRONG><a name="[132]"></a>rti_board_end</STRONG> (Thumb, 4 bytes, Stack size 0 bytes, components.o(i.rti_board_end))
<BR>[Address Reference Count : 1]<UL><LI> components.o(.rti_fn.1.end)
</UL>
<P><STRONG><a name="[12e]"></a>rti_board_start</STRONG> (Thumb, 4 bytes, Stack size 0 bytes, components.o(i.rti_board_start))
<BR>[Address Reference Count : 1]<UL><LI> components.o(.rti_fn.0.end)
</UL>
<P><STRONG><a name="[143]"></a>rti_end</STRONG> (Thumb, 4 bytes, Stack size 0 bytes, components.o(i.rti_end))
<BR>[Address Reference Count : 1]<UL><LI> components.o(.rti_fn.6.end)
</UL>
<P><STRONG><a name="[12d]"></a>rti_start</STRONG> (Thumb, 4 bytes, Stack size 0 bytes, components.o(i.rti_start))
<BR>[Address Reference Count : 1]<UL><LI> components.o(.rti_fn.0)
</UL>
<P><STRONG><a name="[427]"></a>rt_defunct_execute</STRONG> (Thumb, 140 bytes, Stack size 24 bytes, idle.o(i.rt_defunct_execute))
<BR><BR>[Stack]<UL><LI>Max Depth = 340<LI>Call Chain = rt_defunct_execute &rArr; rt_object_delete &rArr; rt_free &rArr; rt_sem_take &rArr; rt_timer_start &rArr; rt_schedule &rArr; _rt_scheduler_stack_check &rArr; rt_kprintf &rArr; rt_vsnprintf &rArr; print_number
</UL>
<BR>[Calls]<UL><LI><a href="#[197]">&gt;&gt;</a>&nbsp;&nbsp;&nbsp;rt_kprintf
<LI><a href="#[20e]">&gt;&gt;</a>&nbsp;&nbsp;&nbsp;rt_assert_handler
<LI><a href="#[2b0]">&gt;&gt;</a>&nbsp;&nbsp;&nbsp;rt_hw_interrupt_enable
<LI><a href="#[2af]">&gt;&gt;</a>&nbsp;&nbsp;&nbsp;rt_hw_interrupt_disable
<LI><a href="#[241]">&gt;&gt;</a>&nbsp;&nbsp;&nbsp;rt_free
<LI><a href="#[41b]">&gt;&gt;</a>&nbsp;&nbsp;&nbsp;rt_interrupt_get_nest
<LI><a href="#[2d9]">&gt;&gt;</a>&nbsp;&nbsp;&nbsp;rt_object_is_systemobject
<LI><a href="#[2da]">&gt;&gt;</a>&nbsp;&nbsp;&nbsp;rt_object_detach
<LI><a href="#[429]">&gt;&gt;</a>&nbsp;&nbsp;&nbsp;rt_object_delete
<LI><a href="#[428]">&gt;&gt;</a>&nbsp;&nbsp;&nbsp;rt_thread_defunct_dequeue
</UL>
<BR>[Called By]<UL><LI><a href="#[f2]">&gt;&gt;</a>&nbsp;&nbsp;&nbsp;rt_thread_idle_entry
</UL>

<P><STRONG><a name="[f2]"></a>rt_thread_idle_entry</STRONG> (Thumb, 30 bytes, Stack size 0 bytes, idle.o(i.rt_thread_idle_entry))
<BR><BR>[Stack]<UL><LI>Max Depth = 340<LI>Call Chain = rt_thread_idle_entry &rArr; rt_defunct_execute &rArr; rt_object_delete &rArr; rt_free &rArr; rt_sem_take &rArr; rt_timer_start &rArr; rt_schedule &rArr; _rt_scheduler_stack_check &rArr; rt_kprintf &rArr; rt_vsnprintf &rArr; print_number
</UL>
<BR>[Calls]<UL><LI><a href="#[427]">&gt;&gt;</a>&nbsp;&nbsp;&nbsp;rt_defunct_execute
</UL>
<BR>[Address Reference Count : 1]<UL><LI> idle.o(i.rt_thread_idle_init)
</UL>
<P><STRONG><a name="[3c9]"></a>__isleap</STRONG> (Thumb, 52 bytes, Stack size 0 bytes, time.o(i.__isleap))
<BR><BR>[Called By]<UL><LI><a href="#[3ef]">&gt;&gt;</a>&nbsp;&nbsp;&nbsp;timegm
<LI><a href="#[3c8]">&gt;&gt;</a>&nbsp;&nbsp;&nbsp;gmtime_r
</UL>

<P><STRONG><a name="[3c6]"></a>get_timeval</STRONG> (Thumb, 108 bytes, Stack size 16 bytes, time.o(i.get_timeval))
<BR><BR>[Stack]<UL><LI>Max Depth = 284<LI>Call Chain = get_timeval &rArr; rt_device_find &rArr; rt_object_find &rArr; rt_exit_critical &rArr; rt_schedule &rArr; _rt_scheduler_stack_check &rArr; rt_kprintf &rArr; rt_vsnprintf &rArr; print_number
</UL>
<BR>[Calls]<UL><LI><a href="#[197]">&gt;&gt;</a>&nbsp;&nbsp;&nbsp;rt_kprintf
<LI><a href="#[20d]">&gt;&gt;</a>&nbsp;&nbsp;&nbsp;rt_device_find
<LI><a href="#[37c]">&gt;&gt;</a>&nbsp;&nbsp;&nbsp;rt_device_control
<LI><a href="#[37b]">&gt;&gt;</a>&nbsp;&nbsp;&nbsp;rt_device_open
<LI><a href="#[3c7]">&gt;&gt;</a>&nbsp;&nbsp;&nbsp;rt_device_close
</UL>
<BR>[Called By]<UL><LI><a href="#[1cb]">&gt;&gt;</a>&nbsp;&nbsp;&nbsp;time
</UL>

<P><STRONG><a name="[31f]"></a>num2str</STRONG> (Thumb, 26 bytes, Stack size 0 bytes, time.o(i.num2str))
<BR><BR>[Called By]<UL><LI><a href="#[31e]">&gt;&gt;</a>&nbsp;&nbsp;&nbsp;asctime_r
</UL>

<P><STRONG><a name="[47d]"></a>system_clock_108m_hxtal</STRONG> (Thumb, 182 bytes, Stack size 0 bytes, system_gd32f10x.o(i.system_clock_108m_hxtal))
<BR><BR>[Called By]<UL><LI><a href="#[275]">&gt;&gt;</a>&nbsp;&nbsp;&nbsp;system_clock_config
</UL>

<P><STRONG><a name="[275]"></a>system_clock_config</STRONG> (Thumb, 8 bytes, Stack size 8 bytes, system_gd32f10x.o(i.system_clock_config))
<BR><BR>[Stack]<UL><LI>Max Depth = 8<LI>Call Chain = system_clock_config
</UL>
<BR>[Calls]<UL><LI><a href="#[47d]">&gt;&gt;</a>&nbsp;&nbsp;&nbsp;system_clock_108m_hxtal
</UL>
<BR>[Called By]<UL><LI><a href="#[c0]">&gt;&gt;</a>&nbsp;&nbsp;&nbsp;SystemInit
</UL>

<P><STRONG><a name="[140]"></a>read_nuid_init</STRONG> (Thumb, 92 bytes, Stack size 16 bytes, read_nuid.o(i.read_nuid_init))
<BR><BR>[Stack]<UL><LI>Max Depth = 420<LI>Call Chain = read_nuid_init &rArr; rt_thread_create &rArr; rt_object_allocate &rArr; rt_malloc &rArr; rt_sem_take &rArr; rt_timer_start &rArr; rt_schedule &rArr; _rt_scheduler_stack_check &rArr; rt_kprintf &rArr; rt_vsnprintf &rArr; print_number
</UL>
<BR>[Calls]<UL><LI><a href="#[29f]">&gt;&gt;</a>&nbsp;&nbsp;&nbsp;rt_thread_startup
<LI><a href="#[2a0]">&gt;&gt;</a>&nbsp;&nbsp;&nbsp;rt_thread_delete
<LI><a href="#[29e]">&gt;&gt;</a>&nbsp;&nbsp;&nbsp;rt_thread_create
</UL>
<BR>[Address Reference Count : 1]<UL><LI> read_nuid.o(.rti_fn.6)
</UL>
<P><STRONG><a name="[385]"></a>dump_byte_array</STRONG> (Thumb, 46 bytes, Stack size 16 bytes, mifare_classic_value_block.o(i.dump_byte_array))
<BR><BR>[Stack]<UL><LI>Max Depth = 196<LI>Call Chain = dump_byte_array &rArr; rt_kprintf &rArr; rt_vsnprintf &rArr; print_number
</UL>
<BR>[Calls]<UL><LI><a href="#[197]">&gt;&gt;</a>&nbsp;&nbsp;&nbsp;rt_kprintf
</UL>
<BR>[Called By]<UL><LI><a href="#[163]">&gt;&gt;</a>&nbsp;&nbsp;&nbsp;mifare_classic_value_block
</UL>

<P><STRONG><a name="[3b4]"></a>formatValueBlock</STRONG> (Thumb, 302 bytes, Stack size 56 bytes, mifare_classic_value_block.o(i.formatValueBlock))
<BR><BR>[Stack]<UL><LI>Max Depth = 636<LI>Call Chain = formatValueBlock &rArr; MIFARE_Write &rArr; PCD_MIFARE_Transceive &rArr; PCD_CommunicateWithPICC &rArr; PCD_ReadRegister &rArr; mfrc522_spi_send_then_recv_no_take_no_release &rArr; rt_spi_transfer_message &rArr; rt_mutex_take &rArr; rt_timer_start &rArr; rt_schedule &rArr; _rt_scheduler_stack_check &rArr; rt_kprintf &rArr; rt_vsnprintf &rArr; print_number
</UL>
<BR>[Calls]<UL><LI><a href="#[197]">&gt;&gt;</a>&nbsp;&nbsp;&nbsp;rt_kprintf
<LI><a href="#[21d]">&gt;&gt;</a>&nbsp;&nbsp;&nbsp;MIFARE_Write
<LI><a href="#[212]">&gt;&gt;</a>&nbsp;&nbsp;&nbsp;MIFARE_Read
<LI><a href="#[201]">&gt;&gt;</a>&nbsp;&nbsp;&nbsp;GetStatusCodeName
</UL>
<BR>[Called By]<UL><LI><a href="#[163]">&gt;&gt;</a>&nbsp;&nbsp;&nbsp;mifare_classic_value_block
</UL>

<P><STRONG><a name="[24a]"></a>mfrc522_spi_recv_no_take_no_release</STRONG> (Thumb, 50 bytes, Stack size 40 bytes, mfrc522.o(i.mfrc522_spi_recv_no_take_no_release))
<BR><BR>[Stack]<UL><LI>Max Depth = 348<LI>Call Chain = mfrc522_spi_recv_no_take_no_release &rArr; rt_spi_transfer_message &rArr; rt_mutex_take &rArr; rt_timer_start &rArr; rt_schedule &rArr; _rt_scheduler_stack_check &rArr; rt_kprintf &rArr; rt_vsnprintf &rArr; print_number
</UL>
<BR>[Calls]<UL><LI><a href="#[3ec]">&gt;&gt;</a>&nbsp;&nbsp;&nbsp;rt_spi_transfer_message
</UL>
<BR>[Called By]<UL><LI><a href="#[23e]">&gt;&gt;</a>&nbsp;&nbsp;&nbsp;PCD_ReadRegister
<LI><a href="#[238]">&gt;&gt;</a>&nbsp;&nbsp;&nbsp;PCD_ReadReg_Byte
</UL>

<P><STRONG><a name="[249]"></a>mfrc522_spi_send_no_take_no_release</STRONG> (Thumb, 50 bytes, Stack size 40 bytes, mfrc522.o(i.mfrc522_spi_send_no_take_no_release))
<BR><BR>[Stack]<UL><LI>Max Depth = 348<LI>Call Chain = mfrc522_spi_send_no_take_no_release &rArr; rt_spi_transfer_message &rArr; rt_mutex_take &rArr; rt_timer_start &rArr; rt_schedule &rArr; _rt_scheduler_stack_check &rArr; rt_kprintf &rArr; rt_vsnprintf &rArr; print_number
</UL>
<BR>[Calls]<UL><LI><a href="#[3ec]">&gt;&gt;</a>&nbsp;&nbsp;&nbsp;rt_spi_transfer_message
</UL>
<BR>[Called By]<UL><LI><a href="#[23b]">&gt;&gt;</a>&nbsp;&nbsp;&nbsp;PCD_WriteRegister
<LI><a href="#[239]">&gt;&gt;</a>&nbsp;&nbsp;&nbsp;PCD_WriteReg_Byte
<LI><a href="#[23e]">&gt;&gt;</a>&nbsp;&nbsp;&nbsp;PCD_ReadRegister
<LI><a href="#[238]">&gt;&gt;</a>&nbsp;&nbsp;&nbsp;PCD_ReadReg_Byte
</UL>

<P><STRONG><a name="[24b]"></a>mfrc522_spi_send_then_recv_no_take_no_release</STRONG> (Thumb, 90 bytes, Stack size 64 bytes, mfrc522.o(i.mfrc522_spi_send_then_recv_no_take_no_release))
<BR><BR>[Stack]<UL><LI>Max Depth = 372<LI>Call Chain = mfrc522_spi_send_then_recv_no_take_no_release &rArr; rt_spi_transfer_message &rArr; rt_mutex_take &rArr; rt_timer_start &rArr; rt_schedule &rArr; _rt_scheduler_stack_check &rArr; rt_kprintf &rArr; rt_vsnprintf &rArr; print_number
</UL>
<BR>[Calls]<UL><LI><a href="#[3ec]">&gt;&gt;</a>&nbsp;&nbsp;&nbsp;rt_spi_transfer_message
</UL>
<BR>[Called By]<UL><LI><a href="#[23e]">&gt;&gt;</a>&nbsp;&nbsp;&nbsp;PCD_ReadRegister
</UL>

<P><STRONG><a name="[c2]"></a>timerout</STRONG> (Thumb, 8 bytes, Stack size 0 bytes, mfrc522.o(i.timerout))
<BR>[Address Reference Count : 1]<UL><LI> mfrc522.o(i.PCD_Init)
</UL>
<P><STRONG><a name="[139]"></a>rt_hw_spi_rc522_init</STRONG> (Thumb, 88 bytes, Stack size 24 bytes, mfrc522_rtt_stm32_port.o(i.rt_hw_spi_rc522_init))
<BR><BR>[Stack]<UL><LI>Max Depth = 356<LI>Call Chain = rt_hw_spi_rc522_init &rArr; rt_spi_bus_attach_device &rArr; rt_spidev_device_init &rArr; rt_device_register &rArr; rt_device_find &rArr; rt_object_find &rArr; rt_exit_critical &rArr; rt_schedule &rArr; _rt_scheduler_stack_check &rArr; rt_kprintf &rArr; rt_vsnprintf &rArr; print_number
</UL>
<BR>[Calls]<UL><LI><a href="#[197]">&gt;&gt;</a>&nbsp;&nbsp;&nbsp;rt_kprintf
<LI><a href="#[20d]">&gt;&gt;</a>&nbsp;&nbsp;&nbsp;rt_device_find
<LI><a href="#[245]">&gt;&gt;</a>&nbsp;&nbsp;&nbsp;rt_pin_mode
<LI><a href="#[436]">&gt;&gt;</a>&nbsp;&nbsp;&nbsp;rt_spi_bus_attach_device
<LI><a href="#[31c]">&gt;&gt;</a>&nbsp;&nbsp;&nbsp;rt_spi_configure
</UL>
<BR>[Address Reference Count : 1]<UL><LI> mfrc522_rtt_stm32_port.o(.rti_fn.4)
</UL>
<P><STRONG><a name="[165]"></a>led_create</STRONG> (Thumb, 84 bytes, Stack size 24 bytes, example_agile_led.o(i.led_create))
<BR><BR>[Stack]<UL><LI>Max Depth = 388<LI>Call Chain = led_create &rArr; agile_led_create &rArr; agile_led_get_light_arr &rArr; rt_malloc &rArr; rt_sem_take &rArr; rt_timer_start &rArr; rt_schedule &rArr; _rt_scheduler_stack_check &rArr; rt_kprintf &rArr; rt_vsnprintf &rArr; print_number
</UL>
<BR>[Calls]<UL><LI><a href="#[197]">&gt;&gt;</a>&nbsp;&nbsp;&nbsp;rt_kprintf
<LI><a href="#[177]">&gt;&gt;</a>&nbsp;&nbsp;&nbsp;atoi
<LI><a href="#[30d]">&gt;&gt;</a>&nbsp;&nbsp;&nbsp;agile_led_delete
<LI><a href="#[30b]">&gt;&gt;</a>&nbsp;&nbsp;&nbsp;agile_led_create
</UL>
<BR>[Address Reference Count : 1]<UL><LI> example_agile_led.o(FSymTab)
</UL>
<P><STRONG><a name="[166]"></a>led_delete</STRONG> (Thumb, 24 bytes, Stack size 8 bytes, example_agile_led.o(i.led_delete))
<BR><BR>[Stack]<UL><LI>Max Depth = 316<LI>Call Chain = led_delete &rArr; agile_led_delete &rArr; rt_free &rArr; rt_sem_take &rArr; rt_timer_start &rArr; rt_schedule &rArr; _rt_scheduler_stack_check &rArr; rt_kprintf &rArr; rt_vsnprintf &rArr; print_number
</UL>
<BR>[Calls]<UL><LI><a href="#[30d]">&gt;&gt;</a>&nbsp;&nbsp;&nbsp;agile_led_delete
</UL>
<BR>[Address Reference Count : 1]<UL><LI> example_agile_led.o(FSymTab)
</UL>
<P><STRONG><a name="[169]"></a>led_set_mode</STRONG> (Thumb, 50 bytes, Stack size 16 bytes, example_agile_led.o(i.led_set_mode))
<BR><BR>[Stack]<UL><LI>Max Depth = 372<LI>Call Chain = led_set_mode &rArr; agile_led_set_light_mode &rArr; agile_led_get_light_arr &rArr; rt_malloc &rArr; rt_sem_take &rArr; rt_timer_start &rArr; rt_schedule &rArr; _rt_scheduler_stack_check &rArr; rt_kprintf &rArr; rt_vsnprintf &rArr; print_number
</UL>
<BR>[Calls]<UL><LI><a href="#[197]">&gt;&gt;</a>&nbsp;&nbsp;&nbsp;rt_kprintf
<LI><a href="#[177]">&gt;&gt;</a>&nbsp;&nbsp;&nbsp;atoi
<LI><a href="#[313]">&gt;&gt;</a>&nbsp;&nbsp;&nbsp;agile_led_set_light_mode
</UL>
<BR>[Address Reference Count : 1]<UL><LI> example_agile_led.o(FSymTab)
</UL>
<P><STRONG><a name="[167]"></a>led_start</STRONG> (Thumb, 18 bytes, Stack size 8 bytes, example_agile_led.o(i.led_start))
<BR><BR>[Stack]<UL><LI>Max Depth = 300<LI>Call Chain = led_start &rArr; agile_led_start &rArr; rt_mutex_take &rArr; rt_timer_start &rArr; rt_schedule &rArr; _rt_scheduler_stack_check &rArr; rt_kprintf &rArr; rt_vsnprintf &rArr; print_number
</UL>
<BR>[Calls]<UL><LI><a href="#[315]">&gt;&gt;</a>&nbsp;&nbsp;&nbsp;agile_led_start
</UL>
<BR>[Address Reference Count : 1]<UL><LI> example_agile_led.o(FSymTab)
</UL>
<P><STRONG><a name="[168]"></a>led_stop</STRONG> (Thumb, 18 bytes, Stack size 8 bytes, example_agile_led.o(i.led_stop))
<BR><BR>[Stack]<UL><LI>Max Depth = 300<LI>Call Chain = led_stop &rArr; agile_led_stop &rArr; rt_mutex_take &rArr; rt_timer_start &rArr; rt_schedule &rArr; _rt_scheduler_stack_check &rArr; rt_kprintf &rArr; rt_vsnprintf &rArr; print_number
</UL>
<BR>[Calls]<UL><LI><a href="#[314]">&gt;&gt;</a>&nbsp;&nbsp;&nbsp;agile_led_stop
</UL>
<BR>[Address Reference Count : 1]<UL><LI> example_agile_led.o(FSymTab)
</UL>
<P><STRONG><a name="[c9]"></a>agile_led_default_compelete_callback</STRONG> (Thumb, 18 bytes, Stack size 8 bytes, agile_led.o(i.agile_led_default_compelete_callback))
<BR><BR>[Stack]<UL><LI>Max Depth = 32<LI>Call Chain = agile_led_default_compelete_callback &rArr; rt_assert_handler &rArr;  rt_kprintf (Cycle)
</UL>
<BR>[Calls]<UL><LI><a href="#[20e]">&gt;&gt;</a>&nbsp;&nbsp;&nbsp;rt_assert_handler
</UL>
<BR>[Address Reference Count : 1]<UL><LI> agile_led.o(i.agile_led_create)
</UL>
<P><STRONG><a name="[30c]"></a>agile_led_get_light_arr</STRONG> (Thumb, 174 bytes, Stack size 24 bytes, agile_led.o(i.agile_led_get_light_arr))
<BR><BR>[Stack]<UL><LI>Max Depth = 340<LI>Call Chain = agile_led_get_light_arr &rArr; rt_malloc &rArr; rt_sem_take &rArr; rt_timer_start &rArr; rt_schedule &rArr; _rt_scheduler_stack_check &rArr; rt_kprintf &rArr; rt_vsnprintf &rArr; print_number
</UL>
<BR>[Calls]<UL><LI><a href="#[20e]">&gt;&gt;</a>&nbsp;&nbsp;&nbsp;rt_assert_handler
<LI><a href="#[2de]">&gt;&gt;</a>&nbsp;&nbsp;&nbsp;rt_memset
<LI><a href="#[243]">&gt;&gt;</a>&nbsp;&nbsp;&nbsp;rt_malloc
<LI><a href="#[177]">&gt;&gt;</a>&nbsp;&nbsp;&nbsp;atoi
<LI><a href="#[30f]">&gt;&gt;</a>&nbsp;&nbsp;&nbsp;strchr
</UL>
<BR>[Called By]<UL><LI><a href="#[313]">&gt;&gt;</a>&nbsp;&nbsp;&nbsp;agile_led_set_light_mode
<LI><a href="#[30b]">&gt;&gt;</a>&nbsp;&nbsp;&nbsp;agile_led_create
</UL>

<P><STRONG><a name="[ca]"></a>led_process</STRONG> (Thumb, 184 bytes, Stack size 0 bytes, agile_led.o(i.led_process))
<BR><BR>[Stack]<UL><LI>Max Depth = 292<LI>Call Chain = led_process &rArr; agile_led_stop &rArr; rt_mutex_take &rArr; rt_timer_start &rArr; rt_schedule &rArr; _rt_scheduler_stack_check &rArr; rt_kprintf &rArr; rt_vsnprintf &rArr; print_number
</UL>
<BR>[Calls]<UL><LI><a href="#[1c0]">&gt;&gt;</a>&nbsp;&nbsp;&nbsp;rt_tick_get
<LI><a href="#[1b5]">&gt;&gt;</a>&nbsp;&nbsp;&nbsp;rt_thread_mdelay
<LI><a href="#[28f]">&gt;&gt;</a>&nbsp;&nbsp;&nbsp;rt_mutex_take
<LI><a href="#[290]">&gt;&gt;</a>&nbsp;&nbsp;&nbsp;rt_mutex_release
<LI><a href="#[3df]">&gt;&gt;</a>&nbsp;&nbsp;&nbsp;rt_tick_from_millisecond
<LI><a href="#[312]">&gt;&gt;</a>&nbsp;&nbsp;&nbsp;agile_led_on
<LI><a href="#[311]">&gt;&gt;</a>&nbsp;&nbsp;&nbsp;agile_led_off
<LI><a href="#[314]">&gt;&gt;</a>&nbsp;&nbsp;&nbsp;agile_led_stop
</UL>
<BR>[Address Reference Count : 1]<UL><LI> agile_led.o(i.agile_led_init)
</UL>
<P><STRONG><a name="[30e]"></a>rt_slist_remove</STRONG> (Thumb, 30 bytes, Stack size 0 bytes, agile_led.o(i.rt_slist_remove))
<BR><BR>[Called By]<UL><LI><a href="#[314]">&gt;&gt;</a>&nbsp;&nbsp;&nbsp;agile_led_stop
<LI><a href="#[30d]">&gt;&gt;</a>&nbsp;&nbsp;&nbsp;agile_led_delete
</UL>

<P><STRONG><a name="[2a2]"></a>_printf_core</STRONG> (Thumb, 984 bytes, Stack size 104 bytes, printf8.o(i._printf_core), UNUSED)
<BR><BR>[Calls]<UL><LI><a href="#[2c1]">&gt;&gt;</a>&nbsp;&nbsp;&nbsp;_printf_pre_padding
<LI><a href="#[2c2]">&gt;&gt;</a>&nbsp;&nbsp;&nbsp;_printf_post_padding
<LI><a href="#[16d]">&gt;&gt;</a>&nbsp;&nbsp;&nbsp;__aeabi_uldivmod
</UL>
<BR>[Called By]<UL><LI><a href="#[2a1]">&gt;&gt;</a>&nbsp;&nbsp;&nbsp;__0snprintf$8
</UL>

<P><STRONG><a name="[2c2]"></a>_printf_post_padding</STRONG> (Thumb, 36 bytes, Stack size 24 bytes, printf8.o(i._printf_post_padding), UNUSED)
<BR><BR>[Called By]<UL><LI><a href="#[2a2]">&gt;&gt;</a>&nbsp;&nbsp;&nbsp;_printf_core
</UL>

<P><STRONG><a name="[2c1]"></a>_printf_pre_padding</STRONG> (Thumb, 46 bytes, Stack size 24 bytes, printf8.o(i._printf_pre_padding), UNUSED)
<BR><BR>[Called By]<UL><LI><a href="#[2a2]">&gt;&gt;</a>&nbsp;&nbsp;&nbsp;_printf_core
</UL>

<P><STRONG><a name="[c6]"></a>_snputc</STRONG> (Thumb, 22 bytes, Stack size 0 bytes, printf8.o(i._snputc))
<BR>[Address Reference Count : 1]<UL><LI> printf8.o(i.__0snprintf$8)
</UL><P>
<H3>
Undefined Global Symbols
</H3><HR></body></html>
