<html>
<body>
<pre>
<h1>µVision Build Log</h1>
<h2>Tool Versions:</h2>
IDE-Version: ¦ÌVision V5.31.0.0
Copyright (C) 2020 ARM Ltd and ARM Germany GmbH. All rights reserved.
License Information: ye 13566548563@163.com, xiyu, LIC=21EQD-82076-J6SQ9-4BN6P-FZ8P6-B8WQW
 
Tool Versions:
Toolchain:       MDK-ARM Plus  Version: 5.31.0.0
Toolchain Path:  C:\Keil_v5\ARM\ARMCC\Bin
C Compiler:      Armcc.exe V5.06 update 6 (build 750)
Assembler:       Armasm.exe V5.06 update 6 (build 750)
Linker/Locator:  ArmLink.exe V5.06 update 6 (build 750)
Library Manager: ArmAr.exe V5.06 update 6 (build 750)
Hex Converter:   FromElf.exe V5.06 update 6 (build 750)
CPU DLL:         SARMCM3.DLL V5.31.0.0
Dialog DLL:      DCM.DLL V1.17.3.0
Target DLL:      UL2CM3.DLL V1.163.4.0
Dialog DLL:      TCM.DLL V1.46.0.0
 
<h2>Project:</h2>
D:\yu\HYAC\rt-thread-4.0.4_gd32f103vgt6_0406\bsp\gd32103vgt6\project.uvprojx
Project File Date:  03/28/2022

<h2>Output:</h2>
*** Using Compiler 'V5.06 update 6 (build 750)', folder: 'C:\Keil_v5\ARM\ARMCC\Bin'
Build target 'rt-thread_gd32f103'
compiling cmd.c...
linking...
Program Size: Code=121272 RO-data=15552 RW-data=2612 ZI-data=21108  
FromELF: creating hex file...
After Build - User command #2: fromelf --bin -o "D:\yu\HYAC\rt-thread-4.0.4_gd32f103vgt6_0406\bsp\gd32103vgt6\output\rtthread.bin" "D:\yu\HYAC\rt-thread-4.0.4_gd32f103vgt6_0406\bsp\gd32103vgt6\output\rtthread.axf"
".\output\rtthread.axf" - 0 Error(s), 0 Warning(s).

<h2>Software Packages used:</h2>

Package Vendor: GigaDevice
                http://gd32mcu.com/data/documents/pack/GigaDevice.GD32F10x_DFP.2.0.2.pack
                GigaDevice.GD32F10x_DFP.2.0.2
                GigaDevice GD32F10x Series Device Support and Examples

<h2>Collection of Component include folders:</h2>
  C:\Users\13566\AppData\Local\Arm\Packs\GigaDevice\GD32F10x_DFP\2.0.2\Device\Include

<h2>Collection of Component Files used:</h2>
Build Time Elapsed:  00:00:02
</pre>
</body>
</html>
