<!doctype html public "-//w3c//dtd html 4.0 transitional//en">
<html><head>
<title>Static Call Graph - [.\output\rtthread.axf]</title></head>
<body><HR>
<H1>Static Call Graph for image .\output\rtthread.axf</H1><HR>
<BR><P>#&#060CALLGRAPH&#062# ARM Linker, 5060750: Last Updated: Wed Apr 06 13:19:32 2022
<BR><P>
<H3>Maximum Stack Usage =       1212 bytes + Unknown(Cycles, Untraceable Function Pointers)</H3><H3>
Call chain for Maximum Stack Depth:</H3>
Task4GSend &rArr; _4G_SendCardInfo &rArr; HY_SendCardInfo &rArr; HYFreamSend &rArr; ModuleSIM7600_SendData &rArr; Send_AT_CIPSEND &rArr; UART_4GWrite &rArr; rt_thread_mdelay &rArr; rt_thread_sleep &rArr; rt_timer_start &rArr; rt_schedule &rArr; _rt_scheduler_stack_check &rArr; rt_kprintf &rArr; rt_vsnprintf &rArr; print_number
<P>
<H3>
Mutually Recursive functions
</H3> <LI><a href="#[1ae]">rt_assert_handler</a>&nbsp;&nbsp;&nbsp;&rArr;&nbsp;&nbsp;&nbsp;<a href="#[161]">rt_kprintf</a><BR>
 <LI><a href="#[7c]">ADC0_1_IRQHandler</a>&nbsp;&nbsp;&nbsp;&rArr;&nbsp;&nbsp;&nbsp;<a href="#[7c]">ADC0_1_IRQHandler</a><BR>
</UL>
<P>
<H3>
Function Pointers
</H3><UL>
 <LI><a href="#[7c]">ADC0_1_IRQHandler</a> from startup_gd32f10x_hd.o(.text) referenced from startup_gd32f10x_hd.o(RESET)
 <LI><a href="#[99]">ADC2_IRQHandler</a> from startup_gd32f10x_hd.o(.text) referenced from startup_gd32f10x_hd.o(RESET)
 <LI><a href="#[64]">BusFault_Handler</a> from gd32f10x_it.o(i.BusFault_Handler) referenced from startup_gd32f10x_hd.o(RESET)
 <LI><a href="#[80]">CAN0_EWMC_IRQHandler</a> from startup_gd32f10x_hd.o(.text) referenced from startup_gd32f10x_hd.o(RESET)
 <LI><a href="#[7f]">CAN0_RX1_IRQHandler</a> from startup_gd32f10x_hd.o(.text) referenced from startup_gd32f10x_hd.o(RESET)
 <LI><a href="#[75]">DMA0_Channel0_IRQHandler</a> from startup_gd32f10x_hd.o(.text) referenced from startup_gd32f10x_hd.o(RESET)
 <LI><a href="#[76]">DMA0_Channel1_IRQHandler</a> from startup_gd32f10x_hd.o(.text) referenced from startup_gd32f10x_hd.o(RESET)
 <LI><a href="#[77]">DMA0_Channel2_IRQHandler</a> from startup_gd32f10x_hd.o(.text) referenced from startup_gd32f10x_hd.o(RESET)
 <LI><a href="#[78]">DMA0_Channel3_IRQHandler</a> from startup_gd32f10x_hd.o(.text) referenced from startup_gd32f10x_hd.o(RESET)
 <LI><a href="#[79]">DMA0_Channel4_IRQHandler</a> from startup_gd32f10x_hd.o(.text) referenced from startup_gd32f10x_hd.o(RESET)
 <LI><a href="#[7a]">DMA0_Channel5_IRQHandler</a> from startup_gd32f10x_hd.o(.text) referenced from startup_gd32f10x_hd.o(RESET)
 <LI><a href="#[7b]">DMA0_Channel6_IRQHandler</a> from startup_gd32f10x_hd.o(.text) referenced from startup_gd32f10x_hd.o(RESET)
 <LI><a href="#[a2]">DMA1_Channel0_IRQHandler</a> from startup_gd32f10x_hd.o(.text) referenced from startup_gd32f10x_hd.o(RESET)
 <LI><a href="#[a3]">DMA1_Channel1_IRQHandler</a> from startup_gd32f10x_hd.o(.text) referenced from startup_gd32f10x_hd.o(RESET)
 <LI><a href="#[a4]">DMA1_Channel2_IRQHandler</a> from startup_gd32f10x_hd.o(.text) referenced from startup_gd32f10x_hd.o(RESET)
 <LI><a href="#[a5]">DMA1_Channel3_4_IRQHandler</a> from startup_gd32f10x_hd.o(.text) referenced from startup_gd32f10x_hd.o(RESET)
 <LI><a href="#[67]">DebugMon_Handler</a> from gd32f10x_it.o(i.DebugMon_Handler) referenced from startup_gd32f10x_hd.o(RESET)
 <LI><a href="#[9a]">EXMC_IRQHandler</a> from startup_gd32f10x_hd.o(.text) referenced from startup_gd32f10x_hd.o(RESET)
 <LI><a href="#[70]">EXTI0_IRQHandler</a> from drv_gpio.o(i.EXTI0_IRQHandler) referenced from startup_gd32f10x_hd.o(RESET)
 <LI><a href="#[92]">EXTI10_15_IRQHandler</a> from drv_gpio.o(i.EXTI10_15_IRQHandler) referenced from startup_gd32f10x_hd.o(RESET)
 <LI><a href="#[71]">EXTI1_IRQHandler</a> from drv_gpio.o(i.EXTI1_IRQHandler) referenced from startup_gd32f10x_hd.o(RESET)
 <LI><a href="#[72]">EXTI2_IRQHandler</a> from drv_gpio.o(i.EXTI2_IRQHandler) referenced from startup_gd32f10x_hd.o(RESET)
 <LI><a href="#[73]">EXTI3_IRQHandler</a> from drv_gpio.o(i.EXTI3_IRQHandler) referenced from startup_gd32f10x_hd.o(RESET)
 <LI><a href="#[74]">EXTI4_IRQHandler</a> from drv_gpio.o(i.EXTI4_IRQHandler) referenced from startup_gd32f10x_hd.o(RESET)
 <LI><a href="#[81]">EXTI5_9_IRQHandler</a> from drv_gpio.o(i.EXTI5_9_IRQHandler) referenced from startup_gd32f10x_hd.o(RESET)
 <LI><a href="#[6e]">FMC_IRQHandler</a> from startup_gd32f10x_hd.o(.text) referenced from startup_gd32f10x_hd.o(RESET)
 <LI><a href="#[9]">HYDisplayMenu1</a> from dispkeyfunction.o(i.HYDisplayMenu1) referenced 2 times from menudisp .o(.data)
 <LI><a href="#[1b]">HYDisplayMenu10</a> from dispkeyfunction.o(i.HYDisplayMenu10) referenced 2 times from menudisp .o(.data)
 <LI><a href="#[1d]">HYDisplayMenu11</a> from dispkeyfunction.o(i.HYDisplayMenu11) referenced 2 times from menudisp .o(.data)
 <LI><a href="#[1f]">HYDisplayMenu12</a> from dispkeyfunction.o(i.HYDisplayMenu12) referenced 2 times from menudisp .o(.data)
 <LI><a href="#[21]">HYDisplayMenu13</a> from dispkeyfunction.o(i.HYDisplayMenu13) referenced 2 times from menudisp .o(.data)
 <LI><a href="#[23]">HYDisplayMenu14</a> from dispkeyfunction.o(i.HYDisplayMenu14) referenced 2 times from menudisp .o(.data)
 <LI><a href="#[25]">HYDisplayMenu15</a> from dispkeyfunction.o(i.HYDisplayMenu15) referenced 2 times from menudisp .o(.data)
 <LI><a href="#[27]">HYDisplayMenu16</a> from dispkeyfunction.o(i.HYDisplayMenu16) referenced 2 times from menudisp .o(.data)
 <LI><a href="#[29]">HYDisplayMenu17</a> from dispkeyfunction.o(i.HYDisplayMenu17) referenced 2 times from menudisp .o(.data)
 <LI><a href="#[2b]">HYDisplayMenu18</a> from dispkeyfunction.o(i.HYDisplayMenu18) referenced 2 times from menudisp .o(.data)
 <LI><a href="#[2d]">HYDisplayMenu19</a> from dispkeyfunction.o(i.HYDisplayMenu19) referenced 2 times from menudisp .o(.data)
 <LI><a href="#[b]">HYDisplayMenu2</a> from dispkeyfunction.o(i.HYDisplayMenu2) referenced 2 times from menudisp .o(.data)
 <LI><a href="#[2f]">HYDisplayMenu20</a> from dispkeyfunction.o(i.HYDisplayMenu20) referenced 2 times from menudisp .o(.data)
 <LI><a href="#[31]">HYDisplayMenu21</a> from dispkeyfunction.o(i.HYDisplayMenu21) referenced 2 times from menudisp .o(.data)
 <LI><a href="#[33]">HYDisplayMenu22</a> from dispkeyfunction.o(i.HYDisplayMenu22) referenced 2 times from menudisp .o(.data)
 <LI><a href="#[35]">HYDisplayMenu23</a> from dispkeyfunction.o(i.HYDisplayMenu23) referenced 2 times from menudisp .o(.data)
 <LI><a href="#[37]">HYDisplayMenu24</a> from dispkeyfunction.o(i.HYDisplayMenu24) referenced 2 times from menudisp .o(.data)
 <LI><a href="#[7]">HYDisplayMenu25</a> from dispkeyfunction.o(i.HYDisplayMenu25) referenced 2 times from menudisp .o(.data)
 <LI><a href="#[39]">HYDisplayMenu26</a> from dispkeyfunction.o(i.HYDisplayMenu26) referenced 2 times from menudisp .o(.data)
 <LI><a href="#[3b]">HYDisplayMenu27</a> from dispkeyfunction.o(i.HYDisplayMenu27) referenced 2 times from menudisp .o(.data)
 <LI><a href="#[3d]">HYDisplayMenu28</a> from dispkeyfunction.o(i.HYDisplayMenu28) referenced 2 times from menudisp .o(.data)
 <LI><a href="#[d]">HYDisplayMenu3</a> from dispkeyfunction.o(i.HYDisplayMenu3) referenced 2 times from menudisp .o(.data)
 <LI><a href="#[3f]">HYDisplayMenu30</a> from dispkeyfunction.o(i.HYDisplayMenu30) referenced 2 times from menudisp .o(.data)
 <LI><a href="#[41]">HYDisplayMenu31</a> from dispkeyfunction.o(i.HYDisplayMenu31) referenced 2 times from menudisp .o(.data)
 <LI><a href="#[43]">HYDisplayMenu32</a> from dispkeyfunction.o(i.HYDisplayMenu32) referenced 2 times from menudisp .o(.data)
 <LI><a href="#[45]">HYDisplayMenu33</a> from dispkeyfunction.o(i.HYDisplayMenu33) referenced 2 times from menudisp .o(.data)
 <LI><a href="#[47]">HYDisplayMenu34</a> from dispkeyfunction.o(i.HYDisplayMenu34) referenced 2 times from menudisp .o(.data)
 <LI><a href="#[49]">HYDisplayMenu35</a> from dispkeyfunction.o(i.HYDisplayMenu35) referenced 2 times from menudisp .o(.data)
 <LI><a href="#[f]">HYDisplayMenu4</a> from dispkeyfunction.o(i.HYDisplayMenu4) referenced 2 times from menudisp .o(.data)
 <LI><a href="#[11]">HYDisplayMenu5</a> from dispkeyfunction.o(i.HYDisplayMenu5) referenced 2 times from menudisp .o(.data)
 <LI><a href="#[13]">HYDisplayMenu6</a> from dispkeyfunction.o(i.HYDisplayMenu6) referenced 2 times from menudisp .o(.data)
 <LI><a href="#[15]">HYDisplayMenu7</a> from dispkeyfunction.o(i.HYDisplayMenu7) referenced 2 times from menudisp .o(.data)
 <LI><a href="#[17]">HYDisplayMenu8</a> from dispkeyfunction.o(i.HYDisplayMenu8) referenced 2 times from menudisp .o(.data)
 <LI><a href="#[19]">HYDisplayMenu9</a> from dispkeyfunction.o(i.HYDisplayMenu9) referenced 2 times from menudisp .o(.data)
 <LI><a href="#[8]">HYKeyEvent1</a> from dispkey.o(i.HYKeyEvent1) referenced 2 times from menudisp .o(.data)
 <LI><a href="#[1a]">HYKeyEvent10</a> from dispkey.o(i.HYKeyEvent10) referenced 2 times from menudisp .o(.data)
 <LI><a href="#[1c]">HYKeyEvent11</a> from dispkey.o(i.HYKeyEvent11) referenced 2 times from menudisp .o(.data)
 <LI><a href="#[1e]">HYKeyEvent12</a> from dispkey.o(i.HYKeyEvent12) referenced 2 times from menudisp .o(.data)
 <LI><a href="#[20]">HYKeyEvent13</a> from dispkey.o(i.HYKeyEvent13) referenced 2 times from menudisp .o(.data)
 <LI><a href="#[22]">HYKeyEvent14</a> from dispkey.o(i.HYKeyEvent14) referenced 2 times from menudisp .o(.data)
 <LI><a href="#[24]">HYKeyEvent15</a> from dispkey.o(i.HYKeyEvent15) referenced 2 times from menudisp .o(.data)
 <LI><a href="#[26]">HYKeyEvent16</a> from dispkey.o(i.HYKeyEvent16) referenced 2 times from menudisp .o(.data)
 <LI><a href="#[28]">HYKeyEvent17</a> from dispkey.o(i.HYKeyEvent17) referenced 2 times from menudisp .o(.data)
 <LI><a href="#[2a]">HYKeyEvent18</a> from dispkey.o(i.HYKeyEvent18) referenced 2 times from menudisp .o(.data)
 <LI><a href="#[2c]">HYKeyEvent19</a> from dispkey.o(i.HYKeyEvent19) referenced 2 times from menudisp .o(.data)
 <LI><a href="#[a]">HYKeyEvent2</a> from dispkey.o(i.HYKeyEvent2) referenced 2 times from menudisp .o(.data)
 <LI><a href="#[2e]">HYKeyEvent20</a> from dispkey.o(i.HYKeyEvent20) referenced 2 times from menudisp .o(.data)
 <LI><a href="#[30]">HYKeyEvent21</a> from dispkey.o(i.HYKeyEvent21) referenced 2 times from menudisp .o(.data)
 <LI><a href="#[32]">HYKeyEvent22</a> from dispkey.o(i.HYKeyEvent22) referenced 2 times from menudisp .o(.data)
 <LI><a href="#[34]">HYKeyEvent23</a> from dispkey.o(i.HYKeyEvent23) referenced 2 times from menudisp .o(.data)
 <LI><a href="#[36]">HYKeyEvent24</a> from dispkey.o(i.HYKeyEvent24) referenced 2 times from menudisp .o(.data)
 <LI><a href="#[6]">HYKeyEvent25</a> from dispkey.o(i.HYKeyEvent25) referenced 2 times from menudisp .o(.data)
 <LI><a href="#[38]">HYKeyEvent26</a> from dispkey.o(i.HYKeyEvent26) referenced 2 times from menudisp .o(.data)
 <LI><a href="#[3a]">HYKeyEvent27</a> from dispkey.o(i.HYKeyEvent27) referenced 2 times from menudisp .o(.data)
 <LI><a href="#[3c]">HYKeyEvent28</a> from dispkey.o(i.HYKeyEvent28) referenced 2 times from menudisp .o(.data)
 <LI><a href="#[c]">HYKeyEvent3</a> from dispkey.o(i.HYKeyEvent3) referenced 2 times from menudisp .o(.data)
 <LI><a href="#[3e]">HYKeyEvent30</a> from dispkey.o(i.HYKeyEvent30) referenced 2 times from menudisp .o(.data)
 <LI><a href="#[40]">HYKeyEvent31</a> from dispkey.o(i.HYKeyEvent31) referenced 2 times from menudisp .o(.data)
 <LI><a href="#[42]">HYKeyEvent32</a> from dispkey.o(i.HYKeyEvent32) referenced 2 times from menudisp .o(.data)
 <LI><a href="#[44]">HYKeyEvent33</a> from dispkey.o(i.HYKeyEvent33) referenced 2 times from menudisp .o(.data)
 <LI><a href="#[46]">HYKeyEvent34</a> from dispkey.o(i.HYKeyEvent34) referenced 2 times from menudisp .o(.data)
 <LI><a href="#[48]">HYKeyEvent35</a> from dispkey.o(i.HYKeyEvent35) referenced 2 times from menudisp .o(.data)
 <LI><a href="#[e]">HYKeyEvent4</a> from dispkey.o(i.HYKeyEvent4) referenced 2 times from menudisp .o(.data)
 <LI><a href="#[10]">HYKeyEvent5</a> from dispkey.o(i.HYKeyEvent5) referenced 2 times from menudisp .o(.data)
 <LI><a href="#[12]">HYKeyEvent6</a> from dispkey.o(i.HYKeyEvent6) referenced 2 times from menudisp .o(.data)
 <LI><a href="#[14]">HYKeyEvent7</a> from dispkey.o(i.HYKeyEvent7) referenced 2 times from menudisp .o(.data)
 <LI><a href="#[16]">HYKeyEvent8</a> from dispkey.o(i.HYKeyEvent8) referenced 2 times from menudisp .o(.data)
 <LI><a href="#[18]">HYKeyEvent9</a> from dispkey.o(i.HYKeyEvent9) referenced 2 times from menudisp .o(.data)
 <LI><a href="#[5f]">HY_RecvCardStart</a> from hyframe.o(i.HY_RecvCardStart) referenced 2 times from hyframe.o(.data)
 <LI><a href="#[5b]">HY_RecvDevFailAck</a> from hyframe.o(i.HY_RecvDevFailAck) referenced 2 times from hyframe.o(.data)
 <LI><a href="#[57]">HY_RecvDevInfoAck</a> from hyframe.o(i.HY_RecvDevInfoAck) referenced 2 times from hyframe.o(.data)
 <LI><a href="#[5a]">HY_RecvDevStopAck</a> from hyframe.o(i.HY_RecvDevStopAck) referenced 2 times from hyframe.o(.data)
 <LI><a href="#[56]">HY_RecvHearAck</a> from hyframe.o(i.HY_RecvHearAck) referenced 2 times from hyframe.o(.data)
 <LI><a href="#[5d]">HY_RecvQueryBill</a> from hyframe.o(i.HY_RecvQueryBill) referenced 2 times from hyframe.o(.data)
 <LI><a href="#[5e]">HY_RecvQueryRate</a> from hyframe.o(i.HY_RecvQueryRate) referenced 2 times from hyframe.o(.data)
 <LI><a href="#[5c]">HY_RecvRateSet</a> from hyframe.o(i.HY_RecvRateSet) referenced 2 times from hyframe.o(.data)
 <LI><a href="#[59]">HY_RecvRecordAck</a> from hyframe.o(i.HY_RecvRecordAck) referenced 2 times from hyframe.o(.data)
 <LI><a href="#[58]">HY_RecvRegisterAck</a> from hyframe.o(i.HY_RecvRegisterAck) referenced 2 times from hyframe.o(.data)
 <LI><a href="#[54]">HY_RecvStartCharge</a> from hyframe.o(i.HY_RecvStartCharge) referenced 2 times from hyframe.o(.data)
 <LI><a href="#[55]">HY_RecvStopCharge</a> from hyframe.o(i.HY_RecvStopCharge) referenced 2 times from hyframe.o(.data)
 <LI><a href="#[52]">HY_SendDevStateA</a> from hyframe.o(i.HY_SendDevStateA) referenced 2 times from hyframe.o(.data)
 <LI><a href="#[53]">HY_SendDevStateB</a> from hyframe.o(i.HY_SendDevStateB) referenced 2 times from hyframe.o(.data)
 <LI><a href="#[51]">HY_SendHear</a> from hyframe.o(i.HY_SendHear) referenced 2 times from hyframe.o(.data)
 <LI><a href="#[50]">HY_SendRegister</a> from hyframe.o(i.HY_SendRegister) referenced 2 times from hyframe.o(.data)
 <LI><a href="#[62]">HardFault_Handler</a> from context_rvds.o(.text) referenced from startup_gd32f10x_hd.o(RESET)
 <LI><a href="#[8a]">I2C0_ER_IRQHandler</a> from startup_gd32f10x_hd.o(.text) referenced from startup_gd32f10x_hd.o(RESET)
 <LI><a href="#[89]">I2C0_EV_IRQHandler</a> from startup_gd32f10x_hd.o(.text) referenced from startup_gd32f10x_hd.o(RESET)
 <LI><a href="#[8c]">I2C1_ER_IRQHandler</a> from startup_gd32f10x_hd.o(.text) referenced from startup_gd32f10x_hd.o(RESET)
 <LI><a href="#[8b]">I2C1_EV_IRQHandler</a> from startup_gd32f10x_hd.o(.text) referenced from startup_gd32f10x_hd.o(RESET)
 <LI><a href="#[6b]">LVD_IRQHandler</a> from startup_gd32f10x_hd.o(.text) referenced from startup_gd32f10x_hd.o(RESET)
 <LI><a href="#[63]">MemManage_Handler</a> from gd32f10x_it.o(i.MemManage_Handler) referenced from startup_gd32f10x_hd.o(RESET)
 <LI><a href="#[e3]">Munu12_CodeDispose</a> from dwin_com_pro.o(i.Munu12_CodeDispose) referenced from dwin_com_pro.o(.constdata)
 <LI><a href="#[e4]">Munu13_DevnumDispose</a> from dwin_com_pro.o(i.Munu13_DevnumDispose) referenced from dwin_com_pro.o(.constdata)
 <LI><a href="#[e6]">Munu13_IP1Sert</a> from dwin_com_pro.o(i.Munu13_IP1Sert) referenced from dwin_com_pro.o(.constdata)
 <LI><a href="#[e7]">Munu13_IP2Sert</a> from dwin_com_pro.o(i.Munu13_IP2Sert) referenced from dwin_com_pro.o(.constdata)
 <LI><a href="#[e8]">Munu13_IP3Sert</a> from dwin_com_pro.o(i.Munu13_IP3Sert) referenced from dwin_com_pro.o(.constdata)
 <LI><a href="#[e9]">Munu13_IP4Sert</a> from dwin_com_pro.o(i.Munu13_IP4Sert) referenced from dwin_com_pro.o(.constdata)
 <LI><a href="#[e5]">Munu13_PortSert</a> from dwin_com_pro.o(i.Munu13_PortSert) referenced from dwin_com_pro.o(.constdata)
 <LI><a href="#[61]">NMI_Handler</a> from gd32f10x_it.o(i.NMI_Handler) referenced from startup_gd32f10x_hd.o(RESET)
 <LI><a href="#[68]">PendSV_Handler</a> from context_rvds.o(.text) referenced from startup_gd32f10x_hd.o(RESET)
 <LI><a href="#[6f]">RCU_IRQHandler</a> from startup_gd32f10x_hd.o(.text) referenced from startup_gd32f10x_hd.o(RESET)
 <LI><a href="#[93]">RTC_Alarm_IRQHandler</a> from startup_gd32f10x_hd.o(.text) referenced from startup_gd32f10x_hd.o(RESET)
 <LI><a href="#[6d]">RTC_IRQHandler</a> from gd32f10x_it.o(i.RTC_IRQHandler) referenced from startup_gd32f10x_hd.o(RESET)
 <LI><a href="#[f3]">Recv_AT_CGDCONT_Ack</a> from modulea7680c.o(i.Recv_AT_CGDCONT_Ack) referenced from modulea7680c.o(.constdata)
 <LI><a href="#[f2]">Recv_AT_CIMI_Ack</a> from modulea7680c.o(i.Recv_AT_CIMI_Ack) referenced from modulea7680c.o(.constdata)
 <LI><a href="#[f4]">Recv_AT_CIPMODE_Ack</a> from modulea7680c.o(i.Recv_AT_CIPMODE_Ack) referenced from modulea7680c.o(.constdata)
 <LI><a href="#[f1]">Recv_AT_CSQ_Ack</a> from modulea7680c.o(i.Recv_AT_CSQ_Ack) referenced from modulea7680c.o(.constdata)
 <LI><a href="#[f6]">Recv_AT_ConnectServer0Cmd_Ack</a> from modulea7680c.o(i.Recv_AT_ConnectServer0Cmd_Ack) referenced from modulea7680c.o(.constdata)
 <LI><a href="#[f8]">Recv_AT_ConnectServer0_Ack</a> from modulea7680c.o(i.Recv_AT_ConnectServer0_Ack) referenced from modulea7680c.o(.constdata)
 <LI><a href="#[f7]">Recv_AT_ConnectServer1Cmd_Ack</a> from modulea7680c.o(i.Recv_AT_ConnectServer1Cmd_Ack) referenced from modulea7680c.o(.constdata)
 <LI><a href="#[f9]">Recv_AT_ConnectServer1_Ack</a> from modulea7680c.o(i.Recv_AT_ConnectServer1_Ack) referenced from modulea7680c.o(.constdata)
 <LI><a href="#[fa]">Recv_AT_EnterATCmd_Ack</a> from modulea7680c.o(i.Recv_AT_EnterATCmd_Ack) referenced from modulea7680c.o(.constdata)
 <LI><a href="#[f5]">Recv_AT_NETOPEN_Ack</a> from modulea7680c.o(i.Recv_AT_NETOPEN_Ack) referenced from modulea7680c.o(.constdata)
 <LI><a href="#[fd]">Recv_AT_ReRecv0Cmd_Ack</a> from modulea7680c.o(i.Recv_AT_ReRecv0Cmd_Ack) referenced from modulea7680c.o(.constdata)
 <LI><a href="#[fe]">Recv_AT_ReRecv1Cmd_Ack</a> from modulea7680c.o(i.Recv_AT_ReRecv1Cmd_Ack) referenced from modulea7680c.o(.constdata)
 <LI><a href="#[fb]">Recv_AT_SendAck0Cmd_Ack</a> from modulea7680c.o(i.Recv_AT_SendAck0Cmd_Ack) referenced from modulea7680c.o(.constdata)
 <LI><a href="#[fc]">Recv_AT_SendAck1Cmd_Ack</a> from modulea7680c.o(i.Recv_AT_SendAck1Cmd_Ack) referenced from modulea7680c.o(.constdata)
 <LI><a href="#[ff]">Recv_AT_SetReAct_Ack</a> from modulea7680c.o(i.Recv_AT_SetReAct_Ack) referenced from modulea7680c.o(.constdata)
 <LI><a href="#[100]">Recv_ActRecv0_Ack</a> from modulea7680c.o(i.Recv_ActRecv0_Ack) referenced from modulea7680c.o(.constdata)
 <LI><a href="#[101]">Recv_ActRecv1_Ack</a> from modulea7680c.o(i.Recv_ActRecv1_Ack) referenced from modulea7680c.o(.constdata)
 <LI><a href="#[60]">Reset_Handler</a> from startup_gd32f10x_hd.o(.text) referenced from startup_gd32f10x_hd.o(RESET)
 <LI><a href="#[9b]">SDIO_IRQHandler</a> from startup_gd32f10x_hd.o(.text) referenced from startup_gd32f10x_hd.o(RESET)
 <LI><a href="#[8d]">SPI0_IRQHandler</a> from startup_gd32f10x_hd.o(.text) referenced from startup_gd32f10x_hd.o(RESET)
 <LI><a href="#[8e]">SPI1_IRQHandler</a> from startup_gd32f10x_hd.o(.text) referenced from startup_gd32f10x_hd.o(RESET)
 <LI><a href="#[9d]">SPI2_IRQHandler</a> from startup_gd32f10x_hd.o(.text) referenced from startup_gd32f10x_hd.o(RESET)
 <LI><a href="#[66]">SVC_Handler</a> from gd32f10x_it.o(i.SVC_Handler) referenced from startup_gd32f10x_hd.o(RESET)
 <LI><a href="#[69]">SysTick_Handler</a> from board.o(i.SysTick_Handler) referenced from startup_gd32f10x_hd.o(RESET)
 <LI><a href="#[a7]">SystemInit</a> from system_gd32f10x.o(i.SystemInit) referenced from startup_gd32f10x_hd.o(.text)
 <LI><a href="#[6c]">TAMPER_IRQHandler</a> from startup_gd32f10x_hd.o(.text) referenced from startup_gd32f10x_hd.o(RESET)
 <LI><a href="#[82]">TIMER0_BRK_IRQHandler</a> from startup_gd32f10x_hd.o(.text) referenced from startup_gd32f10x_hd.o(RESET)
 <LI><a href="#[85]">TIMER0_Channel_IRQHandler</a> from startup_gd32f10x_hd.o(.text) referenced from startup_gd32f10x_hd.o(RESET)
 <LI><a href="#[84]">TIMER0_TRG_CMT_IRQHandler</a> from startup_gd32f10x_hd.o(.text) referenced from startup_gd32f10x_hd.o(RESET)
 <LI><a href="#[83]">TIMER0_UP_IRQHandler</a> from startup_gd32f10x_hd.o(.text) referenced from startup_gd32f10x_hd.o(RESET)
 <LI><a href="#[86]">TIMER1_IRQHandler</a> from startup_gd32f10x_hd.o(.text) referenced from startup_gd32f10x_hd.o(RESET)
 <LI><a href="#[87]">TIMER2_IRQHandler</a> from startup_gd32f10x_hd.o(.text) referenced from startup_gd32f10x_hd.o(RESET)
 <LI><a href="#[88]">TIMER3_IRQHandler</a> from startup_gd32f10x_hd.o(.text) referenced from startup_gd32f10x_hd.o(RESET)
 <LI><a href="#[9c]">TIMER4_IRQHandler</a> from startup_gd32f10x_hd.o(.text) referenced from startup_gd32f10x_hd.o(RESET)
 <LI><a href="#[a0]">TIMER5_IRQHandler</a> from startup_gd32f10x_hd.o(.text) referenced from startup_gd32f10x_hd.o(RESET)
 <LI><a href="#[a1]">TIMER6_IRQHandler</a> from startup_gd32f10x_hd.o(.text) referenced from startup_gd32f10x_hd.o(RESET)
 <LI><a href="#[95]">TIMER7_BRK_IRQHandler</a> from startup_gd32f10x_hd.o(.text) referenced from startup_gd32f10x_hd.o(RESET)
 <LI><a href="#[98]">TIMER7_Channel_IRQHandler</a> from startup_gd32f10x_hd.o(.text) referenced from startup_gd32f10x_hd.o(RESET)
 <LI><a href="#[97]">TIMER7_TRG_CMT_IRQHandler</a> from startup_gd32f10x_hd.o(.text) referenced from startup_gd32f10x_hd.o(RESET)
 <LI><a href="#[96]">TIMER7_UP_IRQHandler</a> from startup_gd32f10x_hd.o(.text) referenced from startup_gd32f10x_hd.o(RESET)
 <LI><a href="#[aa]">Task4GMain</a> from 4gmain.o(i.Task4GMain) referenced from 4gmain.o(i._4G_main_init)
 <LI><a href="#[ab]">Task4GRecv</a> from 4grecv.o(i.Task4GRecv) referenced from 4grecv.o(i._4G_recv_init)
 <LI><a href="#[ac]">Task4GSend</a> from 4gsend.o(i.Task4GSend) referenced from 4gsend.o(i._4G_send_init)
 <LI><a href="#[9e]">UART3_IRQHandler</a> from drv_usart.o(i.UART3_IRQHandler) referenced from startup_gd32f10x_hd.o(RESET)
 <LI><a href="#[9f]">UART4_IRQHandler</a> from drv_usart.o(i.UART4_IRQHandler) referenced from startup_gd32f10x_hd.o(RESET)
 <LI><a href="#[8f]">USART0_IRQHandler</a> from drv_usart.o(i.USART0_IRQHandler) referenced from startup_gd32f10x_hd.o(RESET)
 <LI><a href="#[90]">USART1_IRQHandler</a> from drv_usart.o(i.USART1_IRQHandler) referenced from startup_gd32f10x_hd.o(RESET)
 <LI><a href="#[91]">USART2_IRQHandler</a> from drv_usart.o(i.USART2_IRQHandler) referenced from startup_gd32f10x_hd.o(RESET)
 <LI><a href="#[7d]">USBD_HP_CAN0_TX_IRQHandler</a> from startup_gd32f10x_hd.o(.text) referenced from startup_gd32f10x_hd.o(RESET)
 <LI><a href="#[7e]">USBD_LP_CAN0_RX0_IRQHandler</a> from startup_gd32f10x_hd.o(.text) referenced from startup_gd32f10x_hd.o(RESET)
 <LI><a href="#[94]">USBD_WKUP_IRQHandler</a> from startup_gd32f10x_hd.o(.text) referenced from startup_gd32f10x_hd.o(RESET)
 <LI><a href="#[65]">UsageFault_Handler</a> from gd32f10x_it.o(i.UsageFault_Handler) referenced from startup_gd32f10x_hd.o(RESET)
 <LI><a href="#[6a]">WWDGT_IRQHandler</a> from startup_gd32f10x_hd.o(.text) referenced from startup_gd32f10x_hd.o(RESET)
 <LI><a href="#[115]">_4G_main_init</a> from 4gmain.o(i._4G_main_init) referenced from 4gmain.o(.rti_fn.6)
 <LI><a href="#[116]">_4G_recv_init</a> from 4grecv.o(i._4G_recv_init) referenced from 4grecv.o(.rti_fn.6)
 <LI><a href="#[117]">_4G_send_init</a> from 4gsend.o(i._4G_send_init) referenced from 4gsend.o(.rti_fn.6)
 <LI><a href="#[a8]">__main</a> from entry.o(.ARM.Collect$$$$00000000) referenced from startup_gd32f10x_hd.o(.text)
 <LI><a href="#[db]">_pin_attach_irq</a> from drv_gpio.o(i._pin_attach_irq) referenced from drv_gpio.o(.constdata)
 <LI><a href="#[bf]">_pin_control</a> from pin.o(i._pin_control) referenced from pin.o(i.rt_device_pin_register)
 <LI><a href="#[dc]">_pin_detach_irq</a> from drv_gpio.o(i._pin_detach_irq) referenced from drv_gpio.o(.constdata)
 <LI><a href="#[dd]">_pin_irq_enable</a> from drv_gpio.o(i._pin_irq_enable) referenced from drv_gpio.o(.constdata)
 <LI><a href="#[d8]">_pin_mode</a> from drv_gpio.o(i._pin_mode) referenced from drv_gpio.o(.constdata)
 <LI><a href="#[da]">_pin_read</a> from drv_gpio.o(i._pin_read) referenced from drv_gpio.o(.constdata)
 <LI><a href="#[bd]">_pin_read</a> from pin.o(i._pin_read) referenced from pin.o(i.rt_device_pin_register)
 <LI><a href="#[d9]">_pin_write</a> from drv_gpio.o(i._pin_write) referenced from drv_gpio.o(.constdata)
 <LI><a href="#[be]">_pin_write</a> from pin.o(i._pin_write) referenced from pin.o(i.rt_device_pin_register)
 <LI><a href="#[ad]">_snputc</a> from printf8.o(i._snputc) referenced from printf8.o(i.__0snprintf$8)
 <LI><a href="#[cf]">_spi_bus_device_control</a> from spi_dev.o(i._spi_bus_device_control) referenced from spi_dev.o(i.rt_spi_bus_device_init)
 <LI><a href="#[cd]">_spi_bus_device_read</a> from spi_dev.o(i._spi_bus_device_read) referenced from spi_dev.o(i.rt_spi_bus_device_init)
 <LI><a href="#[ce]">_spi_bus_device_write</a> from spi_dev.o(i._spi_bus_device_write) referenced from spi_dev.o(i.rt_spi_bus_device_init)
 <LI><a href="#[d2]">_spidev_device_control</a> from spi_dev.o(i._spidev_device_control) referenced from spi_dev.o(i.rt_spidev_device_init)
 <LI><a href="#[d0]">_spidev_device_read</a> from spi_dev.o(i._spidev_device_read) referenced from spi_dev.o(i.rt_spidev_device_init)
 <LI><a href="#[d1]">_spidev_device_write</a> from spi_dev.o(i._spidev_device_write) referenced from spi_dev.o(i.rt_spidev_device_init)
 <LI><a href="#[ae]">_thread_exit</a> from thread.o(i._thread_exit) referenced from thread.o(i._thread_init)
 <LI><a href="#[de]">_uart_configure</a> from drv_usart.o(i._uart_configure) referenced from drv_usart.o(.constdata)
 <LI><a href="#[df]">_uart_control</a> from drv_usart.o(i._uart_control) referenced from drv_usart.o(.constdata)
 <LI><a href="#[e1]">_uart_getc</a> from drv_usart.o(i._uart_getc) referenced from drv_usart.o(.constdata)
 <LI><a href="#[e0]">_uart_putc</a> from drv_usart.o(i._uart_putc) referenced from drv_usart.o(.constdata)
 <LI><a href="#[119]">adc</a> from adc.o(i.adc) referenced from adc.o(FSymTab)
 <LI><a href="#[b0]">agile_led_default_compelete_callback</a> from agile_led.o(i.agile_led_default_compelete_callback) referenced from agile_led.o(i.agile_led_create)
 <LI><a href="#[113]">agile_led_init</a> from agile_led.o(i.agile_led_init) referenced from agile_led.o(.rti_fn.6)
 <LI><a href="#[b2]">ch_thread_entry</a> from chtask.o(i.ch_thread_entry) referenced from chtask.o(i.ch_thread_init)
 <LI><a href="#[10f]">ch_thread_init</a> from chtask.o(i.ch_thread_init) referenced from chtask.o(.rti_fn.6)
 <LI><a href="#[131]">change_uid</a> from change_uid.o(i.change_uid) referenced from change_uid.o(FSymTab)
 <LI><a href="#[125]">clear</a> from cmd.o(i.clear) referenced from cmd.o(FSymTab)
 <LI><a href="#[123]">cmd_free</a> from msh.o(i.cmd_free) referenced from msh.o(FSymTab)
 <LI><a href="#[122]">cmd_ps</a> from msh.o(i.cmd_ps) referenced from msh.o(FSymTab)
 <LI><a href="#[2]">configure</a> from drv_spi.o(i.configure) referenced 2 times from drv_spi.o(.data)
 <LI><a href="#[11e]">date</a> from rtc.o(i.date) referenced from rtc.o(FSymTab)
 <LI><a href="#[1]">dlt645_hw_read</a> from dlt645_port.o(i.dlt645_hw_read) referenced 2 times from dlt645_port.o(.data)
 <LI><a href="#[0]">dlt645_hw_write</a> from dlt645_port.o(i.dlt645_hw_write) referenced 2 times from dlt645_port.o(.data)
 <LI><a href="#[110]">dlt645_port_init</a> from dlt645_port.o(i.dlt645_port_init) referenced from dlt645_port.o(.rti_fn.6)
 <LI><a href="#[133]">dump_info</a> from dunp_info.o(i.dump_info) referenced from dunp_info.o(FSymTab)
 <LI><a href="#[111]">dwin_com_init</a> from dwin_com_pro.o(i.dwin_com_init) referenced from dwin_com_pro.o(.rti_fn.6)
 <LI><a href="#[5]">dwin_hw_read</a> from dwin_com_pro.o(i.dwin_hw_read) referenced 2 times from dwin_com_pro.o(.data)
 <LI><a href="#[4]">dwin_hw_write</a> from dwin_com_pro.o(i.dwin_hw_write) referenced 2 times from dwin_com_pro.o(.data)
 <LI><a href="#[f0]">erase</a> from fal_flash_gd32f10x_port.o(i.erase) referenced from fal_flash_gd32f10x_port.o(.constdata)
 <LI><a href="#[4d]">erase</a> from fal_flash_sfud_port.o(i.erase) referenced 2 times from fal_flash_sfud_port.o(.data)
 <LI><a href="#[120]">fal</a> from fal_rtt.o(i.fal) referenced from fal_rtt.o(FSymTab)
 <LI><a href="#[130]">firmware_check</a> from firmware_check.o(i.firmware_check) referenced from firmware_check.o(FSymTab)
 <LI><a href="#[132]">fix_brickeduid</a> from fix_brickeduid.o(i.fix_brickeduid) referenced from fix_brickeduid.o(FSymTab)
 <LI><a href="#[105]">gd32_hw_spi_init</a> from drv_spi.o(i.gd32_hw_spi_init) referenced from drv_spi.o(.rti_fn.1)
 <LI><a href="#[106]">gd32_hw_usart_init</a> from drv_usart.o(i.gd32_hw_usart_init) referenced from drv_usart.o(.rti_fn.1)
 <LI><a href="#[e2]">gd32_i2c_xfer</a> from drv_i2c.o(i.gd32_i2c_xfer) referenced from drv_i2c.o(.constdata)
 <LI><a href="#[124]">hello</a> from cmd.o(i.hello) referenced from cmd.o(FSymTab)
 <LI><a href="#[4f]">hy_hw_read</a> from 4grecv.o(i.hy_hw_read) referenced 2 times from 4grecv.o(.data)
 <LI><a href="#[4e]">hy_hw_write</a> from 4grecv.o(i.hy_hw_write) referenced 2 times from 4grecv.o(.data)
 <LI><a href="#[c9]">i2c_bus_device_control</a> from i2c_dev.o(i.i2c_bus_device_control) referenced from i2c_dev.o(i.rt_i2c_bus_device_device_init)
 <LI><a href="#[c7]">i2c_bus_device_read</a> from i2c_dev.o(i.i2c_bus_device_read) referenced from i2c_dev.o(i.rt_i2c_bus_device_device_init)
 <LI><a href="#[c8]">i2c_bus_device_write</a> from i2c_dev.o(i.i2c_bus_device_write) referenced from i2c_dev.o(i.rt_i2c_bus_device_device_init)
 <LI><a href="#[ed]">init</a> from fal_flash_gd32f10x_port.o(i.init) referenced from fal_flash_gd32f10x_port.o(.constdata)
 <LI><a href="#[4a]">init</a> from fal_flash_sfud_port.o(i.init) referenced 2 times from fal_flash_sfud_port.o(.data)
 <LI><a href="#[b9]">input_io_period_check</a> from ch_in_io.o(i.input_io_period_check) referenced from ch_in_io.o(i.input_io_init)
 <LI><a href="#[135]">led_create</a> from example_agile_led.o(i.led_create) referenced from example_agile_led.o(FSymTab)
 <LI><a href="#[136]">led_delete</a> from example_agile_led.o(i.led_delete) referenced from example_agile_led.o(FSymTab)
 <LI><a href="#[b1]">led_process</a> from agile_led.o(i.led_process) referenced from agile_led.o(i.agile_led_init)
 <LI><a href="#[139]">led_set_mode</a> from example_agile_led.o(i.led_set_mode) referenced from example_agile_led.o(FSymTab)
 <LI><a href="#[137]">led_start</a> from example_agile_led.o(i.led_start) referenced from example_agile_led.o(FSymTab)
 <LI><a href="#[138]">led_stop</a> from example_agile_led.o(i.led_stop) referenced from example_agile_led.o(FSymTab)
 <LI><a href="#[ba]">led_thread_entry</a> from led_thread.o(i.led_thread_entry) referenced from led_thread.o(i.led_thread_init)
 <LI><a href="#[114]">led_thread_init</a> from led_thread.o(i.led_thread_init) referenced from led_thread.o(.rti_fn.6)
 <LI><a href="#[10d]">libc_system_init</a> from libc.o(i.libc_system_init) referenced from libc.o(.rti_fn.4)
 <LI><a href="#[12f]">list_device</a> from cmd.o(i.list_device) referenced from cmd.o(FSymTab)
 <LI><a href="#[129]">list_event</a> from cmd.o(i.list_event) referenced from cmd.o(FSymTab)
 <LI><a href="#[12b]">list_mailbox</a> from cmd.o(i.list_mailbox) referenced from cmd.o(FSymTab)
 <LI><a href="#[12d]">list_mempool</a> from cmd.o(i.list_mempool) referenced from cmd.o(FSymTab)
 <LI><a href="#[12c]">list_msgqueue</a> from cmd.o(i.list_msgqueue) referenced from cmd.o(FSymTab)
 <LI><a href="#[12a]">list_mutex</a> from cmd.o(i.list_mutex) referenced from cmd.o(FSymTab)
 <LI><a href="#[128]">list_sem</a> from cmd.o(i.list_sem) referenced from cmd.o(FSymTab)
 <LI><a href="#[127]">list_thread</a> from cmd.o(i.list_thread) referenced from cmd.o(FSymTab)
 <LI><a href="#[12e]">list_timer</a> from cmd.o(i.list_timer) referenced from cmd.o(FSymTab)
 <LI><a href="#[a6]">main</a> from components.o(i.$Sub$$main) referenced from entry9a.o(.ARM.Collect$$$$0000000B)
 <LI><a href="#[bc]">main_thread_entry</a> from components.o(i.main_thread_entry) referenced from components.o(i.rt_application_init)
 <LI><a href="#[134]">mifare_classic_value_block</a> from mifare_classic_value_block.o(i.mifare_classic_value_block) referenced from mifare_classic_value_block.o(FSymTab)
 <LI><a href="#[121]">msh_help</a> from msh.o(i.msh_help) referenced from msh.o(FSymTab)
 <LI><a href="#[ec]">mtd_nor_dev_erase</a> from fal_rtt.o(i.mtd_nor_dev_erase) referenced from fal_rtt.o(.constdata)
 <LI><a href="#[ea]">mtd_nor_dev_read</a> from fal_rtt.o(i.mtd_nor_dev_read) referenced from fal_rtt.o(.constdata)
 <LI><a href="#[eb]">mtd_nor_dev_write</a> from fal_rtt.o(i.mtd_nor_dev_write) referenced from fal_rtt.o(.constdata)
 <LI><a href="#[11b]">pwm_disable</a> from rt_drv_pwm.o(i.pwm_disable) referenced from rt_drv_pwm.o(FSymTab)
 <LI><a href="#[11a]">pwm_enable</a> from rt_drv_pwm.o(i.pwm_enable) referenced from rt_drv_pwm.o(FSymTab)
 <LI><a href="#[11d]">pwm_get</a> from rt_drv_pwm.o(i.pwm_get) referenced from rt_drv_pwm.o(FSymTab)
 <LI><a href="#[11c]">pwm_set</a> from rt_drv_pwm.o(i.pwm_set) referenced from rt_drv_pwm.o(FSymTab)
 <LI><a href="#[ee]">read</a> from fal_flash_gd32f10x_port.o(i.read) referenced from fal_flash_gd32f10x_port.o(.constdata)
 <LI><a href="#[4b]">read</a> from fal_flash_sfud_port.o(i.read) referenced 2 times from fal_flash_sfud_port.o(.data)
 <LI><a href="#[bb]">read_card_task</a> from read_nuid.o(i.read_card_task) referenced from read_nuid.o(i.read_nuid_init)
 <LI><a href="#[112]">read_nuid_init</a> from read_nuid.o(i.read_nuid_init) referenced from read_nuid.o(.rti_fn.6)
 <LI><a href="#[d7]">retry_delay_100us</a> from spi_flash_sfud.o(i.retry_delay_100us) referenced from spi_flash_sfud.o(i.sfud_spi_port_init)
 <LI><a href="#[b4]">rt_485_sendrecv_entry</a> from dlt645_port.o(i.rt_485_sendrecv_entry) referenced from dlt645_port.o(i.dlt645_port_init)
 <LI><a href="#[b6]">rt_dwin_period_entry</a> from dwin_com_pro.o(i.rt_dwin_period_entry) referenced from dwin_com_pro.o(i.dwin_com_init)
 <LI><a href="#[b5]">rt_dwin_thread_entry</a> from dwin_com_pro.o(i.rt_dwin_thread_entry) referenced from dwin_com_pro.o(i.dwin_com_init)
 <LI><a href="#[109]">rt_hw_gd25q40_init</a> from drv_spi_flash.o(i.rt_hw_gd25q40_init) referenced from drv_spi_flash.o(.rti_fn.3)
 <LI><a href="#[108]">rt_hw_i2c_init</a> from drv_i2c.o(i.rt_hw_i2c_init) referenced from drv_i2c.o(.rti_fn.3)
 <LI><a href="#[104]">rt_hw_pin_init</a> from drv_gpio.o(i.rt_hw_pin_init) referenced from drv_gpio.o(.rti_fn.1)
 <LI><a href="#[10a]">rt_hw_rtc_init</a> from drv_rtc.o(i.rt_hw_rtc_init) referenced from drv_rtc.o(.rti_fn.3)
 <LI><a href="#[10c]">rt_hw_spi_flash_with_sfud_init</a> from drv_spi_flash.o(i.rt_hw_spi_flash_with_sfud_init) referenced from drv_spi_flash.o(.rti_fn.4)
 <LI><a href="#[10e]">rt_hw_spi_rc522_init</a> from mfrc522_rtt_stm32_port.o(i.rt_hw_spi_rc522_init) referenced from mfrc522_rtt_stm32_port.o(.rti_fn.4)
 <LI><a href="#[10b]">rt_i2c_core_init</a> from i2c_core.o(i.rt_i2c_core_init) referenced from i2c_core.o(.rti_fn.4)
 <LI><a href="#[c0]">rt_rtc_control</a> from drv_rtc.o(i.rt_rtc_control) referenced from drv_rtc.o(i.rt_hw_rtc_register)
 <LI><a href="#[c3]">rt_serial_close</a> from serial.o(i.rt_serial_close) referenced from serial.o(i.rt_hw_serial_register)
 <LI><a href="#[c6]">rt_serial_control</a> from serial.o(i.rt_serial_control) referenced from serial.o(i.rt_hw_serial_register)
 <LI><a href="#[c1]">rt_serial_init</a> from serial.o(i.rt_serial_init) referenced from serial.o(i.rt_hw_serial_register)
 <LI><a href="#[c2]">rt_serial_open</a> from serial.o(i.rt_serial_open) referenced from serial.o(i.rt_hw_serial_register)
 <LI><a href="#[c4]">rt_serial_read</a> from serial.o(i.rt_serial_read) referenced from serial.o(i.rt_hw_serial_register)
 <LI><a href="#[c5]">rt_serial_write</a> from serial.o(i.rt_serial_write) referenced from serial.o(i.rt_hw_serial_register)
 <LI><a href="#[cc]">rt_sfud_control</a> from spi_flash_sfud.o(i.rt_sfud_control) referenced from spi_flash_sfud.o(i.rt_sfud_flash_probe_ex)
 <LI><a href="#[ca]">rt_sfud_read</a> from spi_flash_sfud.o(i.rt_sfud_read) referenced from spi_flash_sfud.o(i.rt_sfud_flash_probe_ex)
 <LI><a href="#[cb]">rt_sfud_write</a> from spi_flash_sfud.o(i.rt_sfud_write) referenced from spi_flash_sfud.o(i.rt_sfud_flash_probe_ex)
 <LI><a href="#[d3]">rt_thread_idle_entry</a> from idle.o(i.rt_thread_idle_entry) referenced from idle.o(i.rt_thread_idle_init)
 <LI><a href="#[af]">rt_thread_timeout</a> from thread.o(i.rt_thread_timeout) referenced from thread.o(i._thread_init)
 <LI><a href="#[107]">rti_board_end</a> from components.o(i.rti_board_end) referenced from components.o(.rti_fn.1.end)
 <LI><a href="#[103]">rti_board_start</a> from components.o(i.rti_board_start) referenced from components.o(.rti_fn.0.end)
 <LI><a href="#[118]">rti_end</a> from components.o(i.rti_end) referenced from components.o(.rti_fn.6.end)
 <LI><a href="#[102]">rti_start</a> from components.o(i.rti_start) referenced from components.o(.rti_fn.0)
 <LI><a href="#[11f]">sf</a> from spi_flash_sfud.o(i.sf) referenced from spi_flash_sfud.o(FSymTab)
 <LI><a href="#[d5]">spi_lock</a> from spi_flash_sfud.o(i.spi_lock) referenced from spi_flash_sfud.o(i.sfud_spi_port_init)
 <LI><a href="#[d6]">spi_unlock</a> from spi_flash_sfud.o(i.spi_unlock) referenced from spi_flash_sfud.o(i.sfud_spi_port_init)
 <LI><a href="#[d4]">spi_write_read</a> from spi_flash_sfud.o(i.spi_write_read) referenced from spi_flash_sfud.o(i.sfud_spi_port_init)
 <LI><a href="#[a9]">timerout</a> from mfrc522.o(i.timerout) referenced from mfrc522.o(i.PCD_Init)
 <LI><a href="#[b3]">uart1_handler</a> from dlt645_port.o(i.uart1_handler) referenced from dlt645_port.o(i.dlt645_port_init)
 <LI><a href="#[b8]">uart2_handler</a> from 4grecv.o(i.uart2_handler) referenced from 4grecv.o(i.hy4g_port_init)
 <LI><a href="#[b7]">uart4_handler</a> from dwin_com_pro.o(i.uart4_handler) referenced from dwin_com_pro.o(i.dwin_port_init)
 <LI><a href="#[126]">version</a> from cmd.o(i.version) referenced from cmd.o(FSymTab)
 <LI><a href="#[ef]">write</a> from fal_flash_gd32f10x_port.o(i.write) referenced from fal_flash_gd32f10x_port.o(.constdata)
 <LI><a href="#[4c]">write</a> from fal_flash_sfud_port.o(i.write) referenced 2 times from fal_flash_sfud_port.o(.data)
 <LI><a href="#[3]">xfer</a> from drv_spi.o(i.xfer) referenced 2 times from drv_spi.o(.data)
</UL>
<P>
<H3>
Global Symbols
</H3>
<P><STRONG><a name="[a8]"></a>__main</STRONG> (Thumb, 0 bytes, Stack size unknown bytes, entry.o(.ARM.Collect$$$$00000000))
<BR>[Address Reference Count : 1]<UL><LI> startup_gd32f10x_hd.o(.text)
</UL>
<P><STRONG><a name="[3f2]"></a>_main_stk</STRONG> (Thumb, 0 bytes, Stack size unknown bytes, entry2.o(.ARM.Collect$$$$00000001))

<P><STRONG><a name="[13a]"></a>_main_scatterload</STRONG> (Thumb, 0 bytes, Stack size unknown bytes, entry5.o(.ARM.Collect$$$$00000004))
<BR><BR>[Calls]<UL><LI><a href="#[13b]">&gt;&gt;</a>&nbsp;&nbsp;&nbsp;__scatterload
</UL>

<P><STRONG><a name="[156]"></a>__main_after_scatterload</STRONG> (Thumb, 0 bytes, Stack size unknown bytes, entry5.o(.ARM.Collect$$$$00000004))
<BR><BR>[Called By]<UL><LI><a href="#[13b]">&gt;&gt;</a>&nbsp;&nbsp;&nbsp;__scatterload
</UL>

<P><STRONG><a name="[3f3]"></a>_main_clock</STRONG> (Thumb, 0 bytes, Stack size unknown bytes, entry7b.o(.ARM.Collect$$$$00000008))

<P><STRONG><a name="[3f4]"></a>_main_cpp_init</STRONG> (Thumb, 0 bytes, Stack size unknown bytes, entry8b.o(.ARM.Collect$$$$0000000A))

<P><STRONG><a name="[3f5]"></a>_main_init</STRONG> (Thumb, 0 bytes, Stack size unknown bytes, entry9a.o(.ARM.Collect$$$$0000000B))

<P><STRONG><a name="[3f6]"></a>__rt_final_cpp</STRONG> (Thumb, 0 bytes, Stack size unknown bytes, entry10a.o(.ARM.Collect$$$$0000000D))

<P><STRONG><a name="[3f7]"></a>__rt_final_exit</STRONG> (Thumb, 0 bytes, Stack size unknown bytes, entry11a.o(.ARM.Collect$$$$0000000F))

<P><STRONG><a name="[23f]"></a>rt_hw_interrupt_disable</STRONG> (Thumb, 8 bytes, Stack size 0 bytes, context_rvds.o(.text))
<BR><BR>[Called By]<UL><LI><a href="#[340]">&gt;&gt;</a>&nbsp;&nbsp;&nbsp;rt_timer_start
<LI><a href="#[223]">&gt;&gt;</a>&nbsp;&nbsp;&nbsp;rt_mutex_take
<LI><a href="#[224]">&gt;&gt;</a>&nbsp;&nbsp;&nbsp;rt_mutex_release
<LI><a href="#[127]">&gt;&gt;</a>&nbsp;&nbsp;&nbsp;list_thread
<LI><a href="#[359]">&gt;&gt;</a>&nbsp;&nbsp;&nbsp;rt_mq_recv
<LI><a href="#[357]">&gt;&gt;</a>&nbsp;&nbsp;&nbsp;rt_mq_delete
<LI><a href="#[356]">&gt;&gt;</a>&nbsp;&nbsp;&nbsp;rt_mq_create
<LI><a href="#[1dc]">&gt;&gt;</a>&nbsp;&nbsp;&nbsp;rt_malloc
<LI><a href="#[1da]">&gt;&gt;</a>&nbsp;&nbsp;&nbsp;rt_free
<LI><a href="#[1fe]">&gt;&gt;</a>&nbsp;&nbsp;&nbsp;rt_exit_critical
<LI><a href="#[1fd]">&gt;&gt;</a>&nbsp;&nbsp;&nbsp;rt_enter_critical
<LI><a href="#[232]">&gt;&gt;</a>&nbsp;&nbsp;&nbsp;rt_thread_delete
<LI><a href="#[381]">&gt;&gt;</a>&nbsp;&nbsp;&nbsp;rt_timer_control
<LI><a href="#[243]">&gt;&gt;</a>&nbsp;&nbsp;&nbsp;rt_thread_suspend
<LI><a href="#[23d]">&gt;&gt;</a>&nbsp;&nbsp;&nbsp;rt_thread_resume
<LI><a href="#[26c]">&gt;&gt;</a>&nbsp;&nbsp;&nbsp;rt_schedule
<LI><a href="#[380]">&gt;&gt;</a>&nbsp;&nbsp;&nbsp;rt_interrupt_get_nest
<LI><a href="#[25d]">&gt;&gt;</a>&nbsp;&nbsp;&nbsp;rt_data_queue_push
<LI><a href="#[389]">&gt;&gt;</a>&nbsp;&nbsp;&nbsp;rt_data_queue_pop
<LI><a href="#[388]">&gt;&gt;</a>&nbsp;&nbsp;&nbsp;rt_data_queue_peek
<LI><a href="#[383]">&gt;&gt;</a>&nbsp;&nbsp;&nbsp;rt_data_queue_deinit
<LI><a href="#[261]">&gt;&gt;</a>&nbsp;&nbsp;&nbsp;rt_completion_wait
<LI><a href="#[37f]">&gt;&gt;</a>&nbsp;&nbsp;&nbsp;rt_completion_init
<LI><a href="#[37d]">&gt;&gt;</a>&nbsp;&nbsp;&nbsp;rt_completion_done
<LI><a href="#[3a0]">&gt;&gt;</a>&nbsp;&nbsp;&nbsp;rt_hw_serial_isr
<LI><a href="#[25f]">&gt;&gt;</a>&nbsp;&nbsp;&nbsp;_serial_int_rx
<LI><a href="#[25c]">&gt;&gt;</a>&nbsp;&nbsp;&nbsp;_serial_dma_tx
<LI><a href="#[257]">&gt;&gt;</a>&nbsp;&nbsp;&nbsp;_serial_dma_rx
<LI><a href="#[18a]">&gt;&gt;</a>&nbsp;&nbsp;&nbsp;rt_interrupt_leave
<LI><a href="#[188]">&gt;&gt;</a>&nbsp;&nbsp;&nbsp;rt_interrupt_enter
<LI><a href="#[dd]">&gt;&gt;</a>&nbsp;&nbsp;&nbsp;_pin_irq_enable
<LI><a href="#[dc]">&gt;&gt;</a>&nbsp;&nbsp;&nbsp;_pin_detach_irq
<LI><a href="#[db]">&gt;&gt;</a>&nbsp;&nbsp;&nbsp;_pin_attach_irq
<LI><a href="#[3cc]">&gt;&gt;</a>&nbsp;&nbsp;&nbsp;rt_timer_stop
<LI><a href="#[268]">&gt;&gt;</a>&nbsp;&nbsp;&nbsp;rt_timer_detach
<LI><a href="#[2f6]">&gt;&gt;</a>&nbsp;&nbsp;&nbsp;rt_sem_take
<LI><a href="#[397]">&gt;&gt;</a>&nbsp;&nbsp;&nbsp;rt_sem_release
<LI><a href="#[384]">&gt;&gt;</a>&nbsp;&nbsp;&nbsp;rt_data_queue_reset
<LI><a href="#[387]">&gt;&gt;</a>&nbsp;&nbsp;&nbsp;rt_data_queue_len
<LI><a href="#[208]">&gt;&gt;</a>&nbsp;&nbsp;&nbsp;rt_tick_increase
<LI><a href="#[39a]">&gt;&gt;</a>&nbsp;&nbsp;&nbsp;rt_system_heap_init
<LI><a href="#[393]">&gt;&gt;</a>&nbsp;&nbsp;&nbsp;rt_object_init
<LI><a href="#[26a]">&gt;&gt;</a>&nbsp;&nbsp;&nbsp;rt_object_detach
<LI><a href="#[38e]">&gt;&gt;</a>&nbsp;&nbsp;&nbsp;rt_object_delete
<LI><a href="#[3a6]">&gt;&gt;</a>&nbsp;&nbsp;&nbsp;rt_object_allocate
<LI><a href="#[12e]">&gt;&gt;</a>&nbsp;&nbsp;&nbsp;list_timer
<LI><a href="#[128]">&gt;&gt;</a>&nbsp;&nbsp;&nbsp;list_sem
<LI><a href="#[12a]">&gt;&gt;</a>&nbsp;&nbsp;&nbsp;list_mutex
<LI><a href="#[12c]">&gt;&gt;</a>&nbsp;&nbsp;&nbsp;list_msgqueue
<LI><a href="#[12d]">&gt;&gt;</a>&nbsp;&nbsp;&nbsp;list_mempool
<LI><a href="#[12b]">&gt;&gt;</a>&nbsp;&nbsp;&nbsp;list_mailbox
<LI><a href="#[129]">&gt;&gt;</a>&nbsp;&nbsp;&nbsp;list_event
<LI><a href="#[12f]">&gt;&gt;</a>&nbsp;&nbsp;&nbsp;list_device
<LI><a href="#[347]">&gt;&gt;</a>&nbsp;&nbsp;&nbsp;list_get_next
<LI><a href="#[158]">&gt;&gt;</a>&nbsp;&nbsp;&nbsp;rtthread_startup
<LI><a href="#[267]">&gt;&gt;</a>&nbsp;&nbsp;&nbsp;rt_schedule_remove_thread
<LI><a href="#[3b7]">&gt;&gt;</a>&nbsp;&nbsp;&nbsp;rt_schedule_insert_thread
<LI><a href="#[af]">&gt;&gt;</a>&nbsp;&nbsp;&nbsp;rt_thread_timeout
<LI><a href="#[3c8]">&gt;&gt;</a>&nbsp;&nbsp;&nbsp;rt_thread_sleep
<LI><a href="#[3c7]">&gt;&gt;</a>&nbsp;&nbsp;&nbsp;rt_thread_detach
<LI><a href="#[3a9]">&gt;&gt;</a>&nbsp;&nbsp;&nbsp;rt_thread_control
<LI><a href="#[ae]">&gt;&gt;</a>&nbsp;&nbsp;&nbsp;_thread_exit
<LI><a href="#[265]">&gt;&gt;</a>&nbsp;&nbsp;&nbsp;_thread_cleanup_execute
<LI><a href="#[390]">&gt;&gt;</a>&nbsp;&nbsp;&nbsp;rt_object_find
<LI><a href="#[38c]">&gt;&gt;</a>&nbsp;&nbsp;&nbsp;rt_defunct_execute
<LI><a href="#[3cd]">&gt;&gt;</a>&nbsp;&nbsp;&nbsp;rt_timer_check
<LI><a href="#[253]">&gt;&gt;</a>&nbsp;&nbsp;&nbsp;_rt_scheduler_stack_check
<LI><a href="#[2a0]">&gt;&gt;</a>&nbsp;&nbsp;&nbsp;rt_mutex_delete
<LI><a href="#[20c]">&gt;&gt;</a>&nbsp;&nbsp;&nbsp;rt_mutex_create
<LI><a href="#[3a7]">&gt;&gt;</a>&nbsp;&nbsp;&nbsp;rt_mq_send_wait
<LI><a href="#[23e]">&gt;&gt;</a>&nbsp;&nbsp;&nbsp;_ipc_list_resume_all
</UL>

<P><STRONG><a name="[240]"></a>rt_hw_interrupt_enable</STRONG> (Thumb, 6 bytes, Stack size 0 bytes, context_rvds.o(.text))
<BR><BR>[Called By]<UL><LI><a href="#[340]">&gt;&gt;</a>&nbsp;&nbsp;&nbsp;rt_timer_start
<LI><a href="#[223]">&gt;&gt;</a>&nbsp;&nbsp;&nbsp;rt_mutex_take
<LI><a href="#[224]">&gt;&gt;</a>&nbsp;&nbsp;&nbsp;rt_mutex_release
<LI><a href="#[127]">&gt;&gt;</a>&nbsp;&nbsp;&nbsp;list_thread
<LI><a href="#[359]">&gt;&gt;</a>&nbsp;&nbsp;&nbsp;rt_mq_recv
<LI><a href="#[357]">&gt;&gt;</a>&nbsp;&nbsp;&nbsp;rt_mq_delete
<LI><a href="#[356]">&gt;&gt;</a>&nbsp;&nbsp;&nbsp;rt_mq_create
<LI><a href="#[1dc]">&gt;&gt;</a>&nbsp;&nbsp;&nbsp;rt_malloc
<LI><a href="#[1da]">&gt;&gt;</a>&nbsp;&nbsp;&nbsp;rt_free
<LI><a href="#[1fe]">&gt;&gt;</a>&nbsp;&nbsp;&nbsp;rt_exit_critical
<LI><a href="#[1fd]">&gt;&gt;</a>&nbsp;&nbsp;&nbsp;rt_enter_critical
<LI><a href="#[232]">&gt;&gt;</a>&nbsp;&nbsp;&nbsp;rt_thread_delete
<LI><a href="#[381]">&gt;&gt;</a>&nbsp;&nbsp;&nbsp;rt_timer_control
<LI><a href="#[243]">&gt;&gt;</a>&nbsp;&nbsp;&nbsp;rt_thread_suspend
<LI><a href="#[23d]">&gt;&gt;</a>&nbsp;&nbsp;&nbsp;rt_thread_resume
<LI><a href="#[26c]">&gt;&gt;</a>&nbsp;&nbsp;&nbsp;rt_schedule
<LI><a href="#[380]">&gt;&gt;</a>&nbsp;&nbsp;&nbsp;rt_interrupt_get_nest
<LI><a href="#[25d]">&gt;&gt;</a>&nbsp;&nbsp;&nbsp;rt_data_queue_push
<LI><a href="#[389]">&gt;&gt;</a>&nbsp;&nbsp;&nbsp;rt_data_queue_pop
<LI><a href="#[388]">&gt;&gt;</a>&nbsp;&nbsp;&nbsp;rt_data_queue_peek
<LI><a href="#[383]">&gt;&gt;</a>&nbsp;&nbsp;&nbsp;rt_data_queue_deinit
<LI><a href="#[261]">&gt;&gt;</a>&nbsp;&nbsp;&nbsp;rt_completion_wait
<LI><a href="#[37f]">&gt;&gt;</a>&nbsp;&nbsp;&nbsp;rt_completion_init
<LI><a href="#[37d]">&gt;&gt;</a>&nbsp;&nbsp;&nbsp;rt_completion_done
<LI><a href="#[3a0]">&gt;&gt;</a>&nbsp;&nbsp;&nbsp;rt_hw_serial_isr
<LI><a href="#[25f]">&gt;&gt;</a>&nbsp;&nbsp;&nbsp;_serial_int_rx
<LI><a href="#[25c]">&gt;&gt;</a>&nbsp;&nbsp;&nbsp;_serial_dma_tx
<LI><a href="#[257]">&gt;&gt;</a>&nbsp;&nbsp;&nbsp;_serial_dma_rx
<LI><a href="#[18a]">&gt;&gt;</a>&nbsp;&nbsp;&nbsp;rt_interrupt_leave
<LI><a href="#[188]">&gt;&gt;</a>&nbsp;&nbsp;&nbsp;rt_interrupt_enter
<LI><a href="#[dd]">&gt;&gt;</a>&nbsp;&nbsp;&nbsp;_pin_irq_enable
<LI><a href="#[dc]">&gt;&gt;</a>&nbsp;&nbsp;&nbsp;_pin_detach_irq
<LI><a href="#[db]">&gt;&gt;</a>&nbsp;&nbsp;&nbsp;_pin_attach_irq
<LI><a href="#[3cc]">&gt;&gt;</a>&nbsp;&nbsp;&nbsp;rt_timer_stop
<LI><a href="#[268]">&gt;&gt;</a>&nbsp;&nbsp;&nbsp;rt_timer_detach
<LI><a href="#[2f6]">&gt;&gt;</a>&nbsp;&nbsp;&nbsp;rt_sem_take
<LI><a href="#[397]">&gt;&gt;</a>&nbsp;&nbsp;&nbsp;rt_sem_release
<LI><a href="#[384]">&gt;&gt;</a>&nbsp;&nbsp;&nbsp;rt_data_queue_reset
<LI><a href="#[387]">&gt;&gt;</a>&nbsp;&nbsp;&nbsp;rt_data_queue_len
<LI><a href="#[208]">&gt;&gt;</a>&nbsp;&nbsp;&nbsp;rt_tick_increase
<LI><a href="#[39a]">&gt;&gt;</a>&nbsp;&nbsp;&nbsp;rt_system_heap_init
<LI><a href="#[393]">&gt;&gt;</a>&nbsp;&nbsp;&nbsp;rt_object_init
<LI><a href="#[26a]">&gt;&gt;</a>&nbsp;&nbsp;&nbsp;rt_object_detach
<LI><a href="#[38e]">&gt;&gt;</a>&nbsp;&nbsp;&nbsp;rt_object_delete
<LI><a href="#[3a6]">&gt;&gt;</a>&nbsp;&nbsp;&nbsp;rt_object_allocate
<LI><a href="#[12e]">&gt;&gt;</a>&nbsp;&nbsp;&nbsp;list_timer
<LI><a href="#[128]">&gt;&gt;</a>&nbsp;&nbsp;&nbsp;list_sem
<LI><a href="#[12a]">&gt;&gt;</a>&nbsp;&nbsp;&nbsp;list_mutex
<LI><a href="#[12c]">&gt;&gt;</a>&nbsp;&nbsp;&nbsp;list_msgqueue
<LI><a href="#[12d]">&gt;&gt;</a>&nbsp;&nbsp;&nbsp;list_mempool
<LI><a href="#[12b]">&gt;&gt;</a>&nbsp;&nbsp;&nbsp;list_mailbox
<LI><a href="#[129]">&gt;&gt;</a>&nbsp;&nbsp;&nbsp;list_event
<LI><a href="#[12f]">&gt;&gt;</a>&nbsp;&nbsp;&nbsp;list_device
<LI><a href="#[347]">&gt;&gt;</a>&nbsp;&nbsp;&nbsp;list_get_next
<LI><a href="#[267]">&gt;&gt;</a>&nbsp;&nbsp;&nbsp;rt_schedule_remove_thread
<LI><a href="#[3b7]">&gt;&gt;</a>&nbsp;&nbsp;&nbsp;rt_schedule_insert_thread
<LI><a href="#[af]">&gt;&gt;</a>&nbsp;&nbsp;&nbsp;rt_thread_timeout
<LI><a href="#[3c8]">&gt;&gt;</a>&nbsp;&nbsp;&nbsp;rt_thread_sleep
<LI><a href="#[3c7]">&gt;&gt;</a>&nbsp;&nbsp;&nbsp;rt_thread_detach
<LI><a href="#[3a9]">&gt;&gt;</a>&nbsp;&nbsp;&nbsp;rt_thread_control
<LI><a href="#[ae]">&gt;&gt;</a>&nbsp;&nbsp;&nbsp;_thread_exit
<LI><a href="#[265]">&gt;&gt;</a>&nbsp;&nbsp;&nbsp;_thread_cleanup_execute
<LI><a href="#[390]">&gt;&gt;</a>&nbsp;&nbsp;&nbsp;rt_object_find
<LI><a href="#[38c]">&gt;&gt;</a>&nbsp;&nbsp;&nbsp;rt_defunct_execute
<LI><a href="#[3cd]">&gt;&gt;</a>&nbsp;&nbsp;&nbsp;rt_timer_check
<LI><a href="#[2a0]">&gt;&gt;</a>&nbsp;&nbsp;&nbsp;rt_mutex_delete
<LI><a href="#[20c]">&gt;&gt;</a>&nbsp;&nbsp;&nbsp;rt_mutex_create
<LI><a href="#[3a7]">&gt;&gt;</a>&nbsp;&nbsp;&nbsp;rt_mq_send_wait
<LI><a href="#[23e]">&gt;&gt;</a>&nbsp;&nbsp;&nbsp;_ipc_list_resume_all
</UL>

<P><STRONG><a name="[3b8]"></a>rt_hw_context_switch</STRONG> (Thumb, 32 bytes, Stack size 0 bytes, context_rvds.o(.text))
<BR><BR>[Called By]<UL><LI><a href="#[26c]">&gt;&gt;</a>&nbsp;&nbsp;&nbsp;rt_schedule
</UL>

<P><STRONG><a name="[3b9]"></a>rt_hw_context_switch_interrupt</STRONG> (Thumb, 0 bytes, Stack size 0 bytes, context_rvds.o(.text))
<BR><BR>[Called By]<UL><LI><a href="#[26c]">&gt;&gt;</a>&nbsp;&nbsp;&nbsp;rt_schedule
</UL>

<P><STRONG><a name="[68]"></a>PendSV_Handler</STRONG> (Thumb, 60 bytes, Stack size 0 bytes, context_rvds.o(.text))
<BR>[Address Reference Count : 1]<UL><LI> startup_gd32f10x_hd.o(RESET)
</UL>
<P><STRONG><a name="[3c5]"></a>rt_hw_context_switch_to</STRONG> (Thumb, 56 bytes, Stack size 0 bytes, context_rvds.o(.text))
<BR><BR>[Called By]<UL><LI><a href="#[3c4]">&gt;&gt;</a>&nbsp;&nbsp;&nbsp;rt_system_scheduler_start
</UL>

<P><STRONG><a name="[3f8]"></a>rt_hw_interrupt_thread_switch</STRONG> (Thumb, 2 bytes, Stack size 0 bytes, context_rvds.o(.text), UNUSED)

<P><STRONG><a name="[62]"></a>HardFault_Handler</STRONG> (Thumb, 52 bytes, Stack size 0 bytes, context_rvds.o(.text))
<BR><BR>[Stack]<UL><LI>Max Depth = 436<LI>Call Chain = HardFault_Handler &rArr; rt_hw_hard_fault_exception &rArr; list_thread &rArr; object_split &rArr; rt_kprintf &rArr; rt_vsnprintf &rArr; print_number
</UL>
<BR>[Calls]<UL><LI><a href="#[13c]">&gt;&gt;</a>&nbsp;&nbsp;&nbsp;rt_hw_hard_fault_exception
</UL>
<BR>[Address Reference Count : 1]<UL><LI> startup_gd32f10x_hd.o(RESET)
</UL>
<P><STRONG><a name="[60]"></a>Reset_Handler</STRONG> (Thumb, 8 bytes, Stack size 0 bytes, startup_gd32f10x_hd.o(.text))
<BR>[Address Reference Count : 1]<UL><LI> startup_gd32f10x_hd.o(RESET)
</UL>
<P><STRONG><a name="[7c]"></a>ADC0_1_IRQHandler</STRONG> (Thumb, 0 bytes, Stack size 0 bytes, startup_gd32f10x_hd.o(.text))
<BR><BR>[Calls]<UL><LI><a href="#[7c]">&gt;&gt;</a>&nbsp;&nbsp;&nbsp;ADC0_1_IRQHandler
</UL>
<BR>[Called By]<UL><LI><a href="#[7c]">&gt;&gt;</a>&nbsp;&nbsp;&nbsp;ADC0_1_IRQHandler
</UL>
<BR>[Address Reference Count : 1]<UL><LI> startup_gd32f10x_hd.o(RESET)
</UL>
<P><STRONG><a name="[99]"></a>ADC2_IRQHandler</STRONG> (Thumb, 0 bytes, Stack size 0 bytes, startup_gd32f10x_hd.o(.text))
<BR>[Address Reference Count : 1]<UL><LI> startup_gd32f10x_hd.o(RESET)
</UL>
<P><STRONG><a name="[80]"></a>CAN0_EWMC_IRQHandler</STRONG> (Thumb, 0 bytes, Stack size 0 bytes, startup_gd32f10x_hd.o(.text))
<BR>[Address Reference Count : 1]<UL><LI> startup_gd32f10x_hd.o(RESET)
</UL>
<P><STRONG><a name="[7f]"></a>CAN0_RX1_IRQHandler</STRONG> (Thumb, 0 bytes, Stack size 0 bytes, startup_gd32f10x_hd.o(.text))
<BR>[Address Reference Count : 1]<UL><LI> startup_gd32f10x_hd.o(RESET)
</UL>
<P><STRONG><a name="[75]"></a>DMA0_Channel0_IRQHandler</STRONG> (Thumb, 0 bytes, Stack size 0 bytes, startup_gd32f10x_hd.o(.text))
<BR>[Address Reference Count : 1]<UL><LI> startup_gd32f10x_hd.o(RESET)
</UL>
<P><STRONG><a name="[76]"></a>DMA0_Channel1_IRQHandler</STRONG> (Thumb, 0 bytes, Stack size 0 bytes, startup_gd32f10x_hd.o(.text))
<BR>[Address Reference Count : 1]<UL><LI> startup_gd32f10x_hd.o(RESET)
</UL>
<P><STRONG><a name="[77]"></a>DMA0_Channel2_IRQHandler</STRONG> (Thumb, 0 bytes, Stack size 0 bytes, startup_gd32f10x_hd.o(.text))
<BR>[Address Reference Count : 1]<UL><LI> startup_gd32f10x_hd.o(RESET)
</UL>
<P><STRONG><a name="[78]"></a>DMA0_Channel3_IRQHandler</STRONG> (Thumb, 0 bytes, Stack size 0 bytes, startup_gd32f10x_hd.o(.text))
<BR>[Address Reference Count : 1]<UL><LI> startup_gd32f10x_hd.o(RESET)
</UL>
<P><STRONG><a name="[79]"></a>DMA0_Channel4_IRQHandler</STRONG> (Thumb, 0 bytes, Stack size 0 bytes, startup_gd32f10x_hd.o(.text))
<BR>[Address Reference Count : 1]<UL><LI> startup_gd32f10x_hd.o(RESET)
</UL>
<P><STRONG><a name="[7a]"></a>DMA0_Channel5_IRQHandler</STRONG> (Thumb, 0 bytes, Stack size 0 bytes, startup_gd32f10x_hd.o(.text))
<BR>[Address Reference Count : 1]<UL><LI> startup_gd32f10x_hd.o(RESET)
</UL>
<P><STRONG><a name="[7b]"></a>DMA0_Channel6_IRQHandler</STRONG> (Thumb, 0 bytes, Stack size 0 bytes, startup_gd32f10x_hd.o(.text))
<BR>[Address Reference Count : 1]<UL><LI> startup_gd32f10x_hd.o(RESET)
</UL>
<P><STRONG><a name="[a2]"></a>DMA1_Channel0_IRQHandler</STRONG> (Thumb, 0 bytes, Stack size 0 bytes, startup_gd32f10x_hd.o(.text))
<BR>[Address Reference Count : 1]<UL><LI> startup_gd32f10x_hd.o(RESET)
</UL>
<P><STRONG><a name="[a3]"></a>DMA1_Channel1_IRQHandler</STRONG> (Thumb, 0 bytes, Stack size 0 bytes, startup_gd32f10x_hd.o(.text))
<BR>[Address Reference Count : 1]<UL><LI> startup_gd32f10x_hd.o(RESET)
</UL>
<P><STRONG><a name="[a4]"></a>DMA1_Channel2_IRQHandler</STRONG> (Thumb, 0 bytes, Stack size 0 bytes, startup_gd32f10x_hd.o(.text))
<BR>[Address Reference Count : 1]<UL><LI> startup_gd32f10x_hd.o(RESET)
</UL>
<P><STRONG><a name="[a5]"></a>DMA1_Channel3_4_IRQHandler</STRONG> (Thumb, 0 bytes, Stack size 0 bytes, startup_gd32f10x_hd.o(.text))
<BR>[Address Reference Count : 1]<UL><LI> startup_gd32f10x_hd.o(RESET)
</UL>
<P><STRONG><a name="[9a]"></a>EXMC_IRQHandler</STRONG> (Thumb, 0 bytes, Stack size 0 bytes, startup_gd32f10x_hd.o(.text))
<BR>[Address Reference Count : 1]<UL><LI> startup_gd32f10x_hd.o(RESET)
</UL>
<P><STRONG><a name="[6e]"></a>FMC_IRQHandler</STRONG> (Thumb, 0 bytes, Stack size 0 bytes, startup_gd32f10x_hd.o(.text))
<BR>[Address Reference Count : 1]<UL><LI> startup_gd32f10x_hd.o(RESET)
</UL>
<P><STRONG><a name="[8a]"></a>I2C0_ER_IRQHandler</STRONG> (Thumb, 0 bytes, Stack size 0 bytes, startup_gd32f10x_hd.o(.text))
<BR>[Address Reference Count : 1]<UL><LI> startup_gd32f10x_hd.o(RESET)
</UL>
<P><STRONG><a name="[89]"></a>I2C0_EV_IRQHandler</STRONG> (Thumb, 0 bytes, Stack size 0 bytes, startup_gd32f10x_hd.o(.text))
<BR>[Address Reference Count : 1]<UL><LI> startup_gd32f10x_hd.o(RESET)
</UL>
<P><STRONG><a name="[8c]"></a>I2C1_ER_IRQHandler</STRONG> (Thumb, 0 bytes, Stack size 0 bytes, startup_gd32f10x_hd.o(.text))
<BR>[Address Reference Count : 1]<UL><LI> startup_gd32f10x_hd.o(RESET)
</UL>
<P><STRONG><a name="[8b]"></a>I2C1_EV_IRQHandler</STRONG> (Thumb, 0 bytes, Stack size 0 bytes, startup_gd32f10x_hd.o(.text))
<BR>[Address Reference Count : 1]<UL><LI> startup_gd32f10x_hd.o(RESET)
</UL>
<P><STRONG><a name="[6b]"></a>LVD_IRQHandler</STRONG> (Thumb, 0 bytes, Stack size 0 bytes, startup_gd32f10x_hd.o(.text))
<BR>[Address Reference Count : 1]<UL><LI> startup_gd32f10x_hd.o(RESET)
</UL>
<P><STRONG><a name="[6f]"></a>RCU_IRQHandler</STRONG> (Thumb, 0 bytes, Stack size 0 bytes, startup_gd32f10x_hd.o(.text))
<BR>[Address Reference Count : 1]<UL><LI> startup_gd32f10x_hd.o(RESET)
</UL>
<P><STRONG><a name="[93]"></a>RTC_Alarm_IRQHandler</STRONG> (Thumb, 0 bytes, Stack size 0 bytes, startup_gd32f10x_hd.o(.text))
<BR>[Address Reference Count : 1]<UL><LI> startup_gd32f10x_hd.o(RESET)
</UL>
<P><STRONG><a name="[9b]"></a>SDIO_IRQHandler</STRONG> (Thumb, 0 bytes, Stack size 0 bytes, startup_gd32f10x_hd.o(.text))
<BR>[Address Reference Count : 1]<UL><LI> startup_gd32f10x_hd.o(RESET)
</UL>
<P><STRONG><a name="[8d]"></a>SPI0_IRQHandler</STRONG> (Thumb, 0 bytes, Stack size 0 bytes, startup_gd32f10x_hd.o(.text))
<BR>[Address Reference Count : 1]<UL><LI> startup_gd32f10x_hd.o(RESET)
</UL>
<P><STRONG><a name="[8e]"></a>SPI1_IRQHandler</STRONG> (Thumb, 0 bytes, Stack size 0 bytes, startup_gd32f10x_hd.o(.text))
<BR>[Address Reference Count : 1]<UL><LI> startup_gd32f10x_hd.o(RESET)
</UL>
<P><STRONG><a name="[9d]"></a>SPI2_IRQHandler</STRONG> (Thumb, 0 bytes, Stack size 0 bytes, startup_gd32f10x_hd.o(.text))
<BR>[Address Reference Count : 1]<UL><LI> startup_gd32f10x_hd.o(RESET)
</UL>
<P><STRONG><a name="[6c]"></a>TAMPER_IRQHandler</STRONG> (Thumb, 0 bytes, Stack size 0 bytes, startup_gd32f10x_hd.o(.text))
<BR>[Address Reference Count : 1]<UL><LI> startup_gd32f10x_hd.o(RESET)
</UL>
<P><STRONG><a name="[82]"></a>TIMER0_BRK_IRQHandler</STRONG> (Thumb, 0 bytes, Stack size 0 bytes, startup_gd32f10x_hd.o(.text))
<BR>[Address Reference Count : 1]<UL><LI> startup_gd32f10x_hd.o(RESET)
</UL>
<P><STRONG><a name="[85]"></a>TIMER0_Channel_IRQHandler</STRONG> (Thumb, 0 bytes, Stack size 0 bytes, startup_gd32f10x_hd.o(.text))
<BR>[Address Reference Count : 1]<UL><LI> startup_gd32f10x_hd.o(RESET)
</UL>
<P><STRONG><a name="[84]"></a>TIMER0_TRG_CMT_IRQHandler</STRONG> (Thumb, 0 bytes, Stack size 0 bytes, startup_gd32f10x_hd.o(.text))
<BR>[Address Reference Count : 1]<UL><LI> startup_gd32f10x_hd.o(RESET)
</UL>
<P><STRONG><a name="[83]"></a>TIMER0_UP_IRQHandler</STRONG> (Thumb, 0 bytes, Stack size 0 bytes, startup_gd32f10x_hd.o(.text))
<BR>[Address Reference Count : 1]<UL><LI> startup_gd32f10x_hd.o(RESET)
</UL>
<P><STRONG><a name="[86]"></a>TIMER1_IRQHandler</STRONG> (Thumb, 0 bytes, Stack size 0 bytes, startup_gd32f10x_hd.o(.text))
<BR>[Address Reference Count : 1]<UL><LI> startup_gd32f10x_hd.o(RESET)
</UL>
<P><STRONG><a name="[87]"></a>TIMER2_IRQHandler</STRONG> (Thumb, 0 bytes, Stack size 0 bytes, startup_gd32f10x_hd.o(.text))
<BR>[Address Reference Count : 1]<UL><LI> startup_gd32f10x_hd.o(RESET)
</UL>
<P><STRONG><a name="[88]"></a>TIMER3_IRQHandler</STRONG> (Thumb, 0 bytes, Stack size 0 bytes, startup_gd32f10x_hd.o(.text))
<BR>[Address Reference Count : 1]<UL><LI> startup_gd32f10x_hd.o(RESET)
</UL>
<P><STRONG><a name="[9c]"></a>TIMER4_IRQHandler</STRONG> (Thumb, 0 bytes, Stack size 0 bytes, startup_gd32f10x_hd.o(.text))
<BR>[Address Reference Count : 1]<UL><LI> startup_gd32f10x_hd.o(RESET)
</UL>
<P><STRONG><a name="[a0]"></a>TIMER5_IRQHandler</STRONG> (Thumb, 0 bytes, Stack size 0 bytes, startup_gd32f10x_hd.o(.text))
<BR>[Address Reference Count : 1]<UL><LI> startup_gd32f10x_hd.o(RESET)
</UL>
<P><STRONG><a name="[a1]"></a>TIMER6_IRQHandler</STRONG> (Thumb, 0 bytes, Stack size 0 bytes, startup_gd32f10x_hd.o(.text))
<BR>[Address Reference Count : 1]<UL><LI> startup_gd32f10x_hd.o(RESET)
</UL>
<P><STRONG><a name="[95]"></a>TIMER7_BRK_IRQHandler</STRONG> (Thumb, 0 bytes, Stack size 0 bytes, startup_gd32f10x_hd.o(.text))
<BR>[Address Reference Count : 1]<UL><LI> startup_gd32f10x_hd.o(RESET)
</UL>
<P><STRONG><a name="[98]"></a>TIMER7_Channel_IRQHandler</STRONG> (Thumb, 0 bytes, Stack size 0 bytes, startup_gd32f10x_hd.o(.text))
<BR>[Address Reference Count : 1]<UL><LI> startup_gd32f10x_hd.o(RESET)
</UL>
<P><STRONG><a name="[97]"></a>TIMER7_TRG_CMT_IRQHandler</STRONG> (Thumb, 0 bytes, Stack size 0 bytes, startup_gd32f10x_hd.o(.text))
<BR>[Address Reference Count : 1]<UL><LI> startup_gd32f10x_hd.o(RESET)
</UL>
<P><STRONG><a name="[96]"></a>TIMER7_UP_IRQHandler</STRONG> (Thumb, 0 bytes, Stack size 0 bytes, startup_gd32f10x_hd.o(.text))
<BR>[Address Reference Count : 1]<UL><LI> startup_gd32f10x_hd.o(RESET)
</UL>
<P><STRONG><a name="[7d]"></a>USBD_HP_CAN0_TX_IRQHandler</STRONG> (Thumb, 0 bytes, Stack size 0 bytes, startup_gd32f10x_hd.o(.text))
<BR>[Address Reference Count : 1]<UL><LI> startup_gd32f10x_hd.o(RESET)
</UL>
<P><STRONG><a name="[7e]"></a>USBD_LP_CAN0_RX0_IRQHandler</STRONG> (Thumb, 0 bytes, Stack size 0 bytes, startup_gd32f10x_hd.o(.text))
<BR>[Address Reference Count : 1]<UL><LI> startup_gd32f10x_hd.o(RESET)
</UL>
<P><STRONG><a name="[94]"></a>USBD_WKUP_IRQHandler</STRONG> (Thumb, 0 bytes, Stack size 0 bytes, startup_gd32f10x_hd.o(.text))
<BR>[Address Reference Count : 1]<UL><LI> startup_gd32f10x_hd.o(RESET)
</UL>
<P><STRONG><a name="[6a]"></a>WWDGT_IRQHandler</STRONG> (Thumb, 0 bytes, Stack size 0 bytes, startup_gd32f10x_hd.o(.text))
<BR>[Address Reference Count : 1]<UL><LI> startup_gd32f10x_hd.o(RESET)
</UL>
<P><STRONG><a name="[13d]"></a>__aeabi_uldivmod</STRONG> (Thumb, 98 bytes, Stack size 40 bytes, uldiv.o(.text))
<BR><BR>[Stack]<UL><LI>Max Depth = 40<LI>Call Chain = __aeabi_uldivmod
</UL>
<BR>[Calls]<UL><LI><a href="#[13e]">&gt;&gt;</a>&nbsp;&nbsp;&nbsp;__aeabi_llsr
<LI><a href="#[13f]">&gt;&gt;</a>&nbsp;&nbsp;&nbsp;__aeabi_llsl
</UL>
<BR>[Called By]<UL><LI><a href="#[2c0]">&gt;&gt;</a>&nbsp;&nbsp;&nbsp;rn8209d_get_current
<LI><a href="#[2c2]">&gt;&gt;</a>&nbsp;&nbsp;&nbsp;rn8209d_get_TotalE
<LI><a href="#[234]">&gt;&gt;</a>&nbsp;&nbsp;&nbsp;_printf_core
</UL>

<P><STRONG><a name="[162]"></a>__aeabi_memcpy</STRONG> (Thumb, 36 bytes, Stack size 0 bytes, memcpya.o(.text))
<BR><BR>[Called By]<UL><LI><a href="#[358]">&gt;&gt;</a>&nbsp;&nbsp;&nbsp;mq_service_send_msg
<LI><a href="#[211]">&gt;&gt;</a>&nbsp;&nbsp;&nbsp;mq_service_recv_msg
<LI><a href="#[375]">&gt;&gt;</a>&nbsp;&nbsp;&nbsp;rn8209d_write_reg_nocheck
<LI><a href="#[284]">&gt;&gt;</a>&nbsp;&nbsp;&nbsp;page256_or_1_byte_write
<LI><a href="#[15e]">&gt;&gt;</a>&nbsp;&nbsp;&nbsp;Dis_Showstop_reason
<LI><a href="#[15b]">&gt;&gt;</a>&nbsp;&nbsp;&nbsp;Dis_ShowCopy
<LI><a href="#[159]">&gt;&gt;</a>&nbsp;&nbsp;&nbsp;APPTransactionrecord
<LI><a href="#[305]">&gt;&gt;</a>&nbsp;&nbsp;&nbsp;dwin_show_state
<LI><a href="#[302]">&gt;&gt;</a>&nbsp;&nbsp;&nbsp;dwin_show_record
<LI><a href="#[301]">&gt;&gt;</a>&nbsp;&nbsp;&nbsp;dwin_show_bill
<LI><a href="#[16d]">&gt;&gt;</a>&nbsp;&nbsp;&nbsp;DispShow_Recode
<LI><a href="#[1c1]">&gt;&gt;</a>&nbsp;&nbsp;&nbsp;PCD_MIFARE_Transceive
<LI><a href="#[fe]">&gt;&gt;</a>&nbsp;&nbsp;&nbsp;Recv_AT_ReRecv1Cmd_Ack
<LI><a href="#[fd]">&gt;&gt;</a>&nbsp;&nbsp;&nbsp;Recv_AT_ReRecv0Cmd_Ack
<LI><a href="#[18f]">&gt;&gt;</a>&nbsp;&nbsp;&nbsp;HYFreamSend
<LI><a href="#[50]">&gt;&gt;</a>&nbsp;&nbsp;&nbsp;HY_SendRegister
<LI><a href="#[51]">&gt;&gt;</a>&nbsp;&nbsp;&nbsp;HY_SendHear
<LI><a href="#[54]">&gt;&gt;</a>&nbsp;&nbsp;&nbsp;HY_RecvStartCharge
<LI><a href="#[58]">&gt;&gt;</a>&nbsp;&nbsp;&nbsp;HY_RecvRegisterAck
<LI><a href="#[59]">&gt;&gt;</a>&nbsp;&nbsp;&nbsp;HY_RecvRecordAck
<LI><a href="#[5c]">&gt;&gt;</a>&nbsp;&nbsp;&nbsp;HY_RecvRateSet
<LI><a href="#[5f]">&gt;&gt;</a>&nbsp;&nbsp;&nbsp;HY_RecvCardStart
<LI><a href="#[1a6]">&gt;&gt;</a>&nbsp;&nbsp;&nbsp;HY_SendQueryRateAck
<LI><a href="#[1f3]">&gt;&gt;</a>&nbsp;&nbsp;&nbsp;PreHYBill
<LI><a href="#[1a9]">&gt;&gt;</a>&nbsp;&nbsp;&nbsp;HY_SendStopAck
<LI><a href="#[1a8]">&gt;&gt;</a>&nbsp;&nbsp;&nbsp;HY_SendStartAck
<LI><a href="#[52]">&gt;&gt;</a>&nbsp;&nbsp;&nbsp;HY_SendDevStateA
<LI><a href="#[1a2]">&gt;&gt;</a>&nbsp;&nbsp;&nbsp;HY_SendCardInfo
<LI><a href="#[19f]">&gt;&gt;</a>&nbsp;&nbsp;&nbsp;HY_SendBill
<LI><a href="#[194]">&gt;&gt;</a>&nbsp;&nbsp;&nbsp;HY_RecvFrameDispose
<LI><a href="#[169]">&gt;&gt;</a>&nbsp;&nbsp;&nbsp;APP_GetHYBatchNum
</UL>

<P><STRONG><a name="[16b]"></a>__aeabi_memcpy4</STRONG> (Thumb, 0 bytes, Stack size 0 bytes, memcpya.o(.text))
<BR><BR>[Called By]<UL><LI><a href="#[11f]">&gt;&gt;</a>&nbsp;&nbsp;&nbsp;sf
<LI><a href="#[120]">&gt;&gt;</a>&nbsp;&nbsp;&nbsp;fal
<LI><a href="#[170]">&gt;&gt;</a>&nbsp;&nbsp;&nbsp;APP_SelectUpNChargeRecode
<LI><a href="#[16f]">&gt;&gt;</a>&nbsp;&nbsp;&nbsp;APP_SelectNextNChargeRecode
<LI><a href="#[16a]">&gt;&gt;</a>&nbsp;&nbsp;&nbsp;APP_SelectCurChargeRecode
<LI><a href="#[302]">&gt;&gt;</a>&nbsp;&nbsp;&nbsp;dwin_show_record
<LI><a href="#[16d]">&gt;&gt;</a>&nbsp;&nbsp;&nbsp;DispShow_Recode
</UL>

<P><STRONG><a name="[3f9]"></a>__aeabi_memcpy8</STRONG> (Thumb, 0 bytes, Stack size 0 bytes, memcpya.o(.text), UNUSED)

<P><STRONG><a name="[141]"></a>__aeabi_memset</STRONG> (Thumb, 14 bytes, Stack size 0 bytes, memseta.o(.text))
<BR><BR>[Called By]<UL><LI><a href="#[373]">&gt;&gt;</a>&nbsp;&nbsp;&nbsp;rn8209d_read_reg
<LI><a href="#[120]">&gt;&gt;</a>&nbsp;&nbsp;&nbsp;fal
<LI><a href="#[5c]">&gt;&gt;</a>&nbsp;&nbsp;&nbsp;HY_RecvRateSet
<LI><a href="#[142]">&gt;&gt;</a>&nbsp;&nbsp;&nbsp;_memset$wrapper
<LI><a href="#[140]">&gt;&gt;</a>&nbsp;&nbsp;&nbsp;__aeabi_memclr
</UL>

<P><STRONG><a name="[3fa]"></a>__aeabi_memset4</STRONG> (Thumb, 0 bytes, Stack size 0 bytes, memseta.o(.text), UNUSED)

<P><STRONG><a name="[3fb]"></a>__aeabi_memset8</STRONG> (Thumb, 0 bytes, Stack size 0 bytes, memseta.o(.text), UNUSED)

<P><STRONG><a name="[140]"></a>__aeabi_memclr</STRONG> (Thumb, 4 bytes, Stack size 0 bytes, memseta.o(.text))
<BR><BR>[Calls]<UL><LI><a href="#[141]">&gt;&gt;</a>&nbsp;&nbsp;&nbsp;__aeabi_memset
</UL>
<BR>[Called By]<UL><LI><a href="#[2db]">&gt;&gt;</a>&nbsp;&nbsp;&nbsp;input_io_init
<LI><a href="#[301]">&gt;&gt;</a>&nbsp;&nbsp;&nbsp;dwin_show_bill
<LI><a href="#[176]">&gt;&gt;</a>&nbsp;&nbsp;&nbsp;SIM7600Reset
<LI><a href="#[52]">&gt;&gt;</a>&nbsp;&nbsp;&nbsp;HY_SendDevStateA
<LI><a href="#[1a2]">&gt;&gt;</a>&nbsp;&nbsp;&nbsp;HY_SendCardInfo
</UL>

<P><STRONG><a name="[15a]"></a>__aeabi_memclr4</STRONG> (Thumb, 0 bytes, Stack size 0 bytes, memseta.o(.text))
<BR><BR>[Called By]<UL><LI><a href="#[2c9]">&gt;&gt;</a>&nbsp;&nbsp;&nbsp;ch_start_func
<LI><a href="#[358]">&gt;&gt;</a>&nbsp;&nbsp;&nbsp;mq_service_send_msg
<LI><a href="#[2c5]">&gt;&gt;</a>&nbsp;&nbsp;&nbsp;ch_get_cp_volt
<LI><a href="#[2dd]">&gt;&gt;</a>&nbsp;&nbsp;&nbsp;ch_wait_msg
<LI><a href="#[36c]">&gt;&gt;</a>&nbsp;&nbsp;&nbsp;read_basic_table
<LI><a href="#[2f3]">&gt;&gt;</a>&nbsp;&nbsp;&nbsp;dlt645_2007_read_data
<LI><a href="#[2ed]">&gt;&gt;</a>&nbsp;&nbsp;&nbsp;dlt645_1997_read_data
<LI><a href="#[19e]">&gt;&gt;</a>&nbsp;&nbsp;&nbsp;send_ch_ctl_msg
<LI><a href="#[b5]">&gt;&gt;</a>&nbsp;&nbsp;&nbsp;rt_dwin_thread_entry
<LI><a href="#[192]">&gt;&gt;</a>&nbsp;&nbsp;&nbsp;Munu27_ShowSysInfo
<LI><a href="#[17c]">&gt;&gt;</a>&nbsp;&nbsp;&nbsp;Dis_ShowTime
<LI><a href="#[164]">&gt;&gt;</a>&nbsp;&nbsp;&nbsp;APP_ClearRecodeInfo
<LI><a href="#[159]">&gt;&gt;</a>&nbsp;&nbsp;&nbsp;APPTransactionrecord
<LI><a href="#[314]">&gt;&gt;</a>&nbsp;&nbsp;&nbsp;flash_para_init
<LI><a href="#[306]">&gt;&gt;</a>&nbsp;&nbsp;&nbsp;dwin_uart_read
<LI><a href="#[305]">&gt;&gt;</a>&nbsp;&nbsp;&nbsp;dwin_show_state
<LI><a href="#[302]">&gt;&gt;</a>&nbsp;&nbsp;&nbsp;dwin_show_record
<LI><a href="#[16d]">&gt;&gt;</a>&nbsp;&nbsp;&nbsp;DispShow_Recode
<LI><a href="#[22b]">&gt;&gt;</a>&nbsp;&nbsp;&nbsp;writer_lock_state
<LI><a href="#[227]">&gt;&gt;</a>&nbsp;&nbsp;&nbsp;read_lock_state
<LI><a href="#[bb]">&gt;&gt;</a>&nbsp;&nbsp;&nbsp;read_card_task
<LI><a href="#[228]">&gt;&gt;</a>&nbsp;&nbsp;&nbsp;read_card_money
<LI><a href="#[1e1]">&gt;&gt;</a>&nbsp;&nbsp;&nbsp;PCD_PerformSelfTest
<LI><a href="#[5c]">&gt;&gt;</a>&nbsp;&nbsp;&nbsp;HY_RecvRateSet
<LI><a href="#[ac]">&gt;&gt;</a>&nbsp;&nbsp;&nbsp;Task4GSend
<LI><a href="#[1a2]">&gt;&gt;</a>&nbsp;&nbsp;&nbsp;HY_SendCardInfo
</UL>

<P><STRONG><a name="[3fc]"></a>__aeabi_memclr8</STRONG> (Thumb, 0 bytes, Stack size 0 bytes, memseta.o(.text), UNUSED)

<P><STRONG><a name="[142]"></a>_memset$wrapper</STRONG> (Thumb, 18 bytes, Stack size 8 bytes, memseta.o(.text), UNUSED)
<BR><BR>[Calls]<UL><LI><a href="#[141]">&gt;&gt;</a>&nbsp;&nbsp;&nbsp;__aeabi_memset
</UL>

<P><STRONG><a name="[1ff]"></a>strstr</STRONG> (Thumb, 36 bytes, Stack size 12 bytes, strstr.o(.text))
<BR><BR>[Stack]<UL><LI>Max Depth = 12<LI>Call Chain = strstr
</UL>
<BR>[Called By]<UL><LI><a href="#[fc]">&gt;&gt;</a>&nbsp;&nbsp;&nbsp;Recv_AT_SendAck1Cmd_Ack
<LI><a href="#[fb]">&gt;&gt;</a>&nbsp;&nbsp;&nbsp;Recv_AT_SendAck0Cmd_Ack
<LI><a href="#[fe]">&gt;&gt;</a>&nbsp;&nbsp;&nbsp;Recv_AT_ReRecv1Cmd_Ack
<LI><a href="#[fd]">&gt;&gt;</a>&nbsp;&nbsp;&nbsp;Recv_AT_ReRecv0Cmd_Ack
<LI><a href="#[f9]">&gt;&gt;</a>&nbsp;&nbsp;&nbsp;Recv_AT_ConnectServer1_Ack
<LI><a href="#[f7]">&gt;&gt;</a>&nbsp;&nbsp;&nbsp;Recv_AT_ConnectServer1Cmd_Ack
<LI><a href="#[f8]">&gt;&gt;</a>&nbsp;&nbsp;&nbsp;Recv_AT_ConnectServer0_Ack
<LI><a href="#[f6]">&gt;&gt;</a>&nbsp;&nbsp;&nbsp;Recv_AT_ConnectServer0Cmd_Ack
<LI><a href="#[f1]">&gt;&gt;</a>&nbsp;&nbsp;&nbsp;Recv_AT_CSQ_Ack
<LI><a href="#[f2]">&gt;&gt;</a>&nbsp;&nbsp;&nbsp;Recv_AT_CIMI_Ack
</UL>

<P><STRONG><a name="[18e]"></a>strncpy</STRONG> (Thumb, 24 bytes, Stack size 8 bytes, strncpy.o(.text))
<BR><BR>[Stack]<UL><LI>Max Depth = 8<LI>Call Chain = strncpy
</UL>
<BR>[Called By]<UL><LI><a href="#[1e8]">&gt;&gt;</a>&nbsp;&nbsp;&nbsp;PICC_GetTypeName
<LI><a href="#[18d]">&gt;&gt;</a>&nbsp;&nbsp;&nbsp;GetStatusCodeName
</UL>

<P><STRONG><a name="[29f]"></a>strchr</STRONG> (Thumb, 20 bytes, Stack size 0 bytes, strchr.o(.text))
<BR><BR>[Called By]<UL><LI><a href="#[29c]">&gt;&gt;</a>&nbsp;&nbsp;&nbsp;agile_led_get_light_arr
</UL>

<P><STRONG><a name="[1c8]"></a>strlen</STRONG> (Thumb, 14 bytes, Stack size 0 bytes, strlen.o(.text))
<BR><BR>[Called By]<UL><LI><a href="#[2ec]">&gt;&gt;</a>&nbsp;&nbsp;&nbsp;dlt645_data_parse_by_format_to_float
<LI><a href="#[305]">&gt;&gt;</a>&nbsp;&nbsp;&nbsp;dwin_show_state
<LI><a href="#[30f]">&gt;&gt;</a>&nbsp;&nbsp;&nbsp;fal_show_part_table
<LI><a href="#[1c5]">&gt;&gt;</a>&nbsp;&nbsp;&nbsp;Send_AT_CIPSEND
<LI><a href="#[203]">&gt;&gt;</a>&nbsp;&nbsp;&nbsp;Send_AT_CIPCLOSE
<LI><a href="#[1c4]">&gt;&gt;</a>&nbsp;&nbsp;&nbsp;Module_ConnectServer
<LI><a href="#[202]">&gt;&gt;</a>&nbsp;&nbsp;&nbsp;Send_AT_CIPRXGET
<LI><a href="#[205]">&gt;&gt;</a>&nbsp;&nbsp;&nbsp;SIM7600_RecvDesposeCmd
</UL>

<P><STRONG><a name="[288]"></a>strcmp</STRONG> (Thumb, 28 bytes, Stack size 8 bytes, strcmp.o(.text))
<BR><BR>[Stack]<UL><LI>Max Depth = 8<LI>Call Chain = strcmp
</UL>
<BR>[Called By]<UL><LI><a href="#[119]">&gt;&gt;</a>&nbsp;&nbsp;&nbsp;adc
<LI><a href="#[11f]">&gt;&gt;</a>&nbsp;&nbsp;&nbsp;sf
<LI><a href="#[120]">&gt;&gt;</a>&nbsp;&nbsp;&nbsp;fal
<LI><a href="#[30e]">&gt;&gt;</a>&nbsp;&nbsp;&nbsp;fal_partition_find
</UL>

<P><STRONG><a name="[1e2]"></a>memcmp</STRONG> (Thumb, 26 bytes, Stack size 12 bytes, memcmp.o(.text))
<BR><BR>[Stack]<UL><LI>Max Depth = 12<LI>Call Chain = memcmp
</UL>
<BR>[Called By]<UL><LI><a href="#[376]">&gt;&gt;</a>&nbsp;&nbsp;&nbsp;rn8209d_write_reg
<LI><a href="#[373]">&gt;&gt;</a>&nbsp;&nbsp;&nbsp;rn8209d_read_reg
<LI><a href="#[2da]">&gt;&gt;</a>&nbsp;&nbsp;&nbsp;rn8209d_init
<LI><a href="#[11f]">&gt;&gt;</a>&nbsp;&nbsp;&nbsp;sf
<LI><a href="#[120]">&gt;&gt;</a>&nbsp;&nbsp;&nbsp;fal
<LI><a href="#[1e1]">&gt;&gt;</a>&nbsp;&nbsp;&nbsp;PCD_PerformSelfTest
</UL>

<P><STRONG><a name="[206]"></a>strncmp</STRONG> (Thumb, 30 bytes, Stack size 12 bytes, strncmp.o(.text))
<BR><BR>[Stack]<UL><LI>Max Depth = 12<LI>Call Chain = strncmp
</UL>
<BR>[Called By]<UL><LI><a href="#[305]">&gt;&gt;</a>&nbsp;&nbsp;&nbsp;dwin_show_state
<LI><a href="#[30d]">&gt;&gt;</a>&nbsp;&nbsp;&nbsp;fal_flash_device_find
<LI><a href="#[36f]">&gt;&gt;</a>&nbsp;&nbsp;&nbsp;stop_change_card
<LI><a href="#[3e1]">&gt;&gt;</a>&nbsp;&nbsp;&nbsp;startchargUnlock
<LI><a href="#[bb]">&gt;&gt;</a>&nbsp;&nbsp;&nbsp;read_card_task
<LI><a href="#[225]">&gt;&gt;</a>&nbsp;&nbsp;&nbsp;Unlock_settlement
<LI><a href="#[205]">&gt;&gt;</a>&nbsp;&nbsp;&nbsp;SIM7600_RecvDesposeCmd
</UL>

<P><STRONG><a name="[200]"></a>strtok</STRONG> (Thumb, 62 bytes, Stack size 16 bytes, strtok.o(.text))
<BR><BR>[Stack]<UL><LI>Max Depth = 16<LI>Call Chain = strtok
</UL>
<BR>[Called By]<UL><LI><a href="#[fe]">&gt;&gt;</a>&nbsp;&nbsp;&nbsp;Recv_AT_ReRecv1Cmd_Ack
<LI><a href="#[fd]">&gt;&gt;</a>&nbsp;&nbsp;&nbsp;Recv_AT_ReRecv0Cmd_Ack
<LI><a href="#[f9]">&gt;&gt;</a>&nbsp;&nbsp;&nbsp;Recv_AT_ConnectServer1_Ack
<LI><a href="#[f7]">&gt;&gt;</a>&nbsp;&nbsp;&nbsp;Recv_AT_ConnectServer1Cmd_Ack
<LI><a href="#[f8]">&gt;&gt;</a>&nbsp;&nbsp;&nbsp;Recv_AT_ConnectServer0_Ack
<LI><a href="#[f6]">&gt;&gt;</a>&nbsp;&nbsp;&nbsp;Recv_AT_ConnectServer0Cmd_Ack
</UL>

<P><STRONG><a name="[143]"></a>strtol</STRONG> (Thumb, 112 bytes, Stack size 32 bytes, strtol.o(.text))
<BR><BR>[Stack]<UL><LI>Max Depth = 72<LI>Call Chain = strtol &rArr; _strtoul
</UL>
<BR>[Calls]<UL><LI><a href="#[145]">&gt;&gt;</a>&nbsp;&nbsp;&nbsp;_strtoul
<LI><a href="#[146]">&gt;&gt;</a>&nbsp;&nbsp;&nbsp;__aeabi_errno_addr
<LI><a href="#[144]">&gt;&gt;</a>&nbsp;&nbsp;&nbsp;__rt_ctype_table
</UL>
<BR>[Called By]<UL><LI><a href="#[11f]">&gt;&gt;</a>&nbsp;&nbsp;&nbsp;sf
<LI><a href="#[120]">&gt;&gt;</a>&nbsp;&nbsp;&nbsp;fal
<LI><a href="#[147]">&gt;&gt;</a>&nbsp;&nbsp;&nbsp;atoi
</UL>

<P><STRONG><a name="[147]"></a>atoi</STRONG> (Thumb, 26 bytes, Stack size 16 bytes, atoi.o(.text))
<BR><BR>[Stack]<UL><LI>Max Depth = 88<LI>Call Chain = atoi &rArr; strtol &rArr; _strtoul
</UL>
<BR>[Calls]<UL><LI><a href="#[146]">&gt;&gt;</a>&nbsp;&nbsp;&nbsp;__aeabi_errno_addr
<LI><a href="#[143]">&gt;&gt;</a>&nbsp;&nbsp;&nbsp;strtol
</UL>
<BR>[Called By]<UL><LI><a href="#[11c]">&gt;&gt;</a>&nbsp;&nbsp;&nbsp;pwm_set
<LI><a href="#[11d]">&gt;&gt;</a>&nbsp;&nbsp;&nbsp;pwm_get
<LI><a href="#[11a]">&gt;&gt;</a>&nbsp;&nbsp;&nbsp;pwm_enable
<LI><a href="#[11b]">&gt;&gt;</a>&nbsp;&nbsp;&nbsp;pwm_disable
<LI><a href="#[119]">&gt;&gt;</a>&nbsp;&nbsp;&nbsp;adc
<LI><a href="#[11e]">&gt;&gt;</a>&nbsp;&nbsp;&nbsp;date
<LI><a href="#[139]">&gt;&gt;</a>&nbsp;&nbsp;&nbsp;led_set_mode
<LI><a href="#[135]">&gt;&gt;</a>&nbsp;&nbsp;&nbsp;led_create
<LI><a href="#[29c]">&gt;&gt;</a>&nbsp;&nbsp;&nbsp;agile_led_get_light_arr
<LI><a href="#[fe]">&gt;&gt;</a>&nbsp;&nbsp;&nbsp;Recv_AT_ReRecv1Cmd_Ack
<LI><a href="#[fd]">&gt;&gt;</a>&nbsp;&nbsp;&nbsp;Recv_AT_ReRecv0Cmd_Ack
<LI><a href="#[f9]">&gt;&gt;</a>&nbsp;&nbsp;&nbsp;Recv_AT_ConnectServer1_Ack
<LI><a href="#[f7]">&gt;&gt;</a>&nbsp;&nbsp;&nbsp;Recv_AT_ConnectServer1Cmd_Ack
<LI><a href="#[f8]">&gt;&gt;</a>&nbsp;&nbsp;&nbsp;Recv_AT_ConnectServer0_Ack
<LI><a href="#[f6]">&gt;&gt;</a>&nbsp;&nbsp;&nbsp;Recv_AT_ConnectServer0Cmd_Ack
<LI><a href="#[f1]">&gt;&gt;</a>&nbsp;&nbsp;&nbsp;Recv_AT_CSQ_Ack
</UL>

<P><STRONG><a name="[303]"></a>__aeabi_fmul</STRONG> (Thumb, 100 bytes, Stack size 8 bytes, fmul.o(.text))
<BR><BR>[Stack]<UL><LI>Max Depth = 8<LI>Call Chain = __aeabi_fmul
</UL>
<BR>[Called By]<UL><LI><a href="#[301]">&gt;&gt;</a>&nbsp;&nbsp;&nbsp;dwin_show_bill
</UL>

<P><STRONG><a name="[148]"></a>__aeabi_dadd</STRONG> (Thumb, 322 bytes, Stack size 48 bytes, dadd.o(.text))
<BR><BR>[Stack]<UL><LI>Max Depth = 88<LI>Call Chain = __aeabi_dadd &rArr; _double_epilogue &rArr; _double_round
</UL>
<BR>[Calls]<UL><LI><a href="#[149]">&gt;&gt;</a>&nbsp;&nbsp;&nbsp;__aeabi_lasr
<LI><a href="#[13f]">&gt;&gt;</a>&nbsp;&nbsp;&nbsp;__aeabi_llsl
<LI><a href="#[14b]">&gt;&gt;</a>&nbsp;&nbsp;&nbsp;_double_round
<LI><a href="#[14a]">&gt;&gt;</a>&nbsp;&nbsp;&nbsp;_double_epilogue
</UL>
<BR>[Called By]<UL><LI><a href="#[2e9]">&gt;&gt;</a>&nbsp;&nbsp;&nbsp;data_package_translate_to_int
<LI><a href="#[14c]">&gt;&gt;</a>&nbsp;&nbsp;&nbsp;__aeabi_dsub
<LI><a href="#[14d]">&gt;&gt;</a>&nbsp;&nbsp;&nbsp;__aeabi_drsub
<LI><a href="#[2ea]">&gt;&gt;</a>&nbsp;&nbsp;&nbsp;pow
<LI><a href="#[235]">&gt;&gt;</a>&nbsp;&nbsp;&nbsp;__kernel_poly
<LI><a href="#[237]">&gt;&gt;</a>&nbsp;&nbsp;&nbsp;__mathlib_dbl_infnan2
</UL>

<P><STRONG><a name="[14c]"></a>__aeabi_dsub</STRONG> (Thumb, 6 bytes, Stack size 0 bytes, dadd.o(.text))
<BR><BR>[Stack]<UL><LI>Max Depth = 88<LI>Call Chain = __aeabi_dsub &rArr; __aeabi_dadd &rArr; _double_epilogue &rArr; _double_round
</UL>
<BR>[Calls]<UL><LI><a href="#[148]">&gt;&gt;</a>&nbsp;&nbsp;&nbsp;__aeabi_dadd
</UL>
<BR>[Called By]<UL><LI><a href="#[2ea]">&gt;&gt;</a>&nbsp;&nbsp;&nbsp;pow
</UL>

<P><STRONG><a name="[14d]"></a>__aeabi_drsub</STRONG> (Thumb, 6 bytes, Stack size 0 bytes, dadd.o(.text))
<BR><BR>[Stack]<UL><LI>Max Depth = 88<LI>Call Chain = __aeabi_drsub &rArr; __aeabi_dadd &rArr; _double_epilogue &rArr; _double_round
</UL>
<BR>[Calls]<UL><LI><a href="#[148]">&gt;&gt;</a>&nbsp;&nbsp;&nbsp;__aeabi_dadd
</UL>
<BR>[Called By]<UL><LI><a href="#[2ea]">&gt;&gt;</a>&nbsp;&nbsp;&nbsp;pow
</UL>

<P><STRONG><a name="[14e]"></a>__aeabi_dmul</STRONG> (Thumb, 228 bytes, Stack size 48 bytes, dmul.o(.text))
<BR><BR>[Stack]<UL><LI>Max Depth = 88<LI>Call Chain = __aeabi_dmul &rArr; _double_epilogue &rArr; _double_round
</UL>
<BR>[Calls]<UL><LI><a href="#[14a]">&gt;&gt;</a>&nbsp;&nbsp;&nbsp;_double_epilogue
</UL>
<BR>[Called By]<UL><LI><a href="#[11d]">&gt;&gt;</a>&nbsp;&nbsp;&nbsp;pwm_get
<LI><a href="#[2e9]">&gt;&gt;</a>&nbsp;&nbsp;&nbsp;data_package_translate_to_int
<LI><a href="#[2ea]">&gt;&gt;</a>&nbsp;&nbsp;&nbsp;pow
<LI><a href="#[235]">&gt;&gt;</a>&nbsp;&nbsp;&nbsp;__kernel_poly
</UL>

<P><STRONG><a name="[14f]"></a>__aeabi_ddiv</STRONG> (Thumb, 222 bytes, Stack size 32 bytes, ddiv.o(.text))
<BR><BR>[Stack]<UL><LI>Max Depth = 40<LI>Call Chain = __aeabi_ddiv &rArr; _double_round
</UL>
<BR>[Calls]<UL><LI><a href="#[14b]">&gt;&gt;</a>&nbsp;&nbsp;&nbsp;_double_round
</UL>
<BR>[Called By]<UL><LI><a href="#[11d]">&gt;&gt;</a>&nbsp;&nbsp;&nbsp;pwm_get
<LI><a href="#[2ec]">&gt;&gt;</a>&nbsp;&nbsp;&nbsp;dlt645_data_parse_by_format_to_float
<LI><a href="#[2ea]">&gt;&gt;</a>&nbsp;&nbsp;&nbsp;pow
<LI><a href="#[238]">&gt;&gt;</a>&nbsp;&nbsp;&nbsp;__mathlib_dbl_invalid
<LI><a href="#[236]">&gt;&gt;</a>&nbsp;&nbsp;&nbsp;__mathlib_dbl_divzero
</UL>

<P><STRONG><a name="[150]"></a>__aeabi_i2d</STRONG> (Thumb, 34 bytes, Stack size 16 bytes, dflti.o(.text))
<BR><BR>[Stack]<UL><LI>Max Depth = 56<LI>Call Chain = __aeabi_i2d &rArr; _double_epilogue &rArr; _double_round
</UL>
<BR>[Calls]<UL><LI><a href="#[14a]">&gt;&gt;</a>&nbsp;&nbsp;&nbsp;_double_epilogue
</UL>
<BR>[Called By]<UL><LI><a href="#[2e9]">&gt;&gt;</a>&nbsp;&nbsp;&nbsp;data_package_translate_to_int
<LI><a href="#[2ec]">&gt;&gt;</a>&nbsp;&nbsp;&nbsp;dlt645_data_parse_by_format_to_float
<LI><a href="#[2ea]">&gt;&gt;</a>&nbsp;&nbsp;&nbsp;pow
</UL>

<P><STRONG><a name="[151]"></a>__aeabi_ui2d</STRONG> (Thumb, 26 bytes, Stack size 16 bytes, dfltui.o(.text))
<BR><BR>[Stack]<UL><LI>Max Depth = 56<LI>Call Chain = __aeabi_ui2d &rArr; _double_epilogue &rArr; _double_round
</UL>
<BR>[Calls]<UL><LI><a href="#[14a]">&gt;&gt;</a>&nbsp;&nbsp;&nbsp;_double_epilogue
</UL>
<BR>[Called By]<UL><LI><a href="#[11d]">&gt;&gt;</a>&nbsp;&nbsp;&nbsp;pwm_get
<LI><a href="#[2e9]">&gt;&gt;</a>&nbsp;&nbsp;&nbsp;data_package_translate_to_int
</UL>

<P><STRONG><a name="[304]"></a>__aeabi_f2uiz</STRONG> (Thumb, 40 bytes, Stack size 0 bytes, ffixui.o(.text))
<BR><BR>[Called By]<UL><LI><a href="#[301]">&gt;&gt;</a>&nbsp;&nbsp;&nbsp;dwin_show_bill
</UL>

<P><STRONG><a name="[152]"></a>__aeabi_d2iz</STRONG> (Thumb, 62 bytes, Stack size 16 bytes, dfixi.o(.text))
<BR><BR>[Stack]<UL><LI>Max Depth = 16<LI>Call Chain = __aeabi_d2iz
</UL>
<BR>[Calls]<UL><LI><a href="#[13e]">&gt;&gt;</a>&nbsp;&nbsp;&nbsp;__aeabi_llsr
</UL>
<BR>[Called By]<UL><LI><a href="#[11d]">&gt;&gt;</a>&nbsp;&nbsp;&nbsp;pwm_get
[...]
</UL>
<P><STRONG><a name="[50]"></a>HY_SendRegister</STRONG> (Thumb, 64 bytes, Stack size 8 bytes, hyframe.o(i.HY_SendRegister))
<BR><BR>[Stack]<UL><LI>Max Depth = 948<LI>Call Chain = HY_SendRegister &rArr; HYFreamSend &rArr; ModuleSIM7600_SendData &rArr; Send_AT_CIPSEND &rArr; UART_4GWrite &rArr; rt_thread_mdelay &rArr; rt_thread_sleep &rArr; rt_timer_start &rArr; rt_schedule &rArr; _rt_scheduler_stack_check &rArr; rt_kprintf &rArr; rt_vsnprintf &rArr; print_number
</UL>
<BR>[Calls]<UL><LI><a href="#[1a3]">&gt;&gt;</a>&nbsp;&nbsp;&nbsp;APP_GetAppRegisterState
<LI><a href="#[18f]">&gt;&gt;</a>&nbsp;&nbsp;&nbsp;HYFreamSend
<LI><a href="#[162]">&gt;&gt;</a>&nbsp;&nbsp;&nbsp;__aeabi_memcpy
</UL>
<BR>[Address Reference Count : 1]<UL><LI> hyframe.o(.data)
</UL>
<P><STRONG><a name="[190]"></a>get_crc_Data</STRONG> (Thumb, 28 bytes, Stack size 8 bytes, hyframe.o(i.get_crc_Data))
<BR><BR>[Stack]<UL><LI>Max Depth = 8<LI>Call Chain = get_crc_Data
</UL>
<BR>[Called By]<UL><LI><a href="#[18f]">&gt;&gt;</a>&nbsp;&nbsp;&nbsp;HYFreamSend
</UL>

<P><STRONG><a name="[1c4]"></a>Module_ConnectServer</STRONG> (Thumb, 98 bytes, Stack size 96 bytes, modulea7680c.o(i.Module_ConnectServer))
<BR><BR>[Stack]<UL><LI>Max Depth = 396<LI>Call Chain = Module_ConnectServer &rArr; UART_4GWrite &rArr; rt_thread_mdelay &rArr; rt_thread_sleep &rArr; rt_timer_start &rArr; rt_schedule &rArr; _rt_scheduler_stack_check &rArr; rt_kprintf &rArr; rt_vsnprintf &rArr; print_number
</UL>
<BR>[Calls]<UL><LI><a href="#[161]">&gt;&gt;</a>&nbsp;&nbsp;&nbsp;rt_kprintf
<LI><a href="#[1c7]">&gt;&gt;</a>&nbsp;&nbsp;&nbsp;UART_4GWrite
<LI><a href="#[1c8]">&gt;&gt;</a>&nbsp;&nbsp;&nbsp;strlen
<LI><a href="#[160]">&gt;&gt;</a>&nbsp;&nbsp;&nbsp;__2snprintf
</UL>
<BR>[Called By]<UL><LI><a href="#[178]">&gt;&gt;</a>&nbsp;&nbsp;&nbsp;ModuleSIM7600_ConnectServer
</UL>

<P><STRONG><a name="[f3]"></a>Recv_AT_CGDCONT_Ack</STRONG> (Thumb, 44 bytes, Stack size 16 bytes, modulea7680c.o(i.Recv_AT_CGDCONT_Ack))
<BR><BR>[Stack]<UL><LI>Max Depth = 244<LI>Call Chain = Recv_AT_CGDCONT_Ack &rArr; rt_exit_critical &rArr; rt_schedule &rArr; _rt_scheduler_stack_check &rArr; rt_kprintf &rArr; rt_vsnprintf &rArr; print_number
</UL>
<BR>[Calls]<UL><LI><a href="#[1fe]">&gt;&gt;</a>&nbsp;&nbsp;&nbsp;rt_exit_critical
<LI><a href="#[1fd]">&gt;&gt;</a>&nbsp;&nbsp;&nbsp;rt_enter_critical
</UL>
<BR>[Address Reference Count : 1]<UL><LI> modulea7680c.o(.constdata)
</UL>
<P><STRONG><a name="[f2]"></a>Recv_AT_CIMI_Ack</STRONG> (Thumb, 58 bytes, Stack size 16 bytes, modulea7680c.o(i.Recv_AT_CIMI_Ack))
<BR><BR>[Stack]<UL><LI>Max Depth = 244<LI>Call Chain = Recv_AT_CIMI_Ack &rArr; rt_exit_critical &rArr; rt_schedule &rArr; _rt_scheduler_stack_check &rArr; rt_kprintf &rArr; rt_vsnprintf &rArr; print_number
</UL>
<BR>[Calls]<UL><LI><a href="#[1fe]">&gt;&gt;</a>&nbsp;&nbsp;&nbsp;rt_exit_critical
<LI><a href="#[1fd]">&gt;&gt;</a>&nbsp;&nbsp;&nbsp;rt_enter_critical
<LI><a href="#[1ff]">&gt;&gt;</a>&nbsp;&nbsp;&nbsp;strstr
</UL>
<BR>[Address Reference Count : 1]<UL><LI> modulea7680c.o(.constdata)
</UL>
<P><STRONG><a name="[f4]"></a>Recv_AT_CIPMODE_Ack</STRONG> (Thumb, 44 bytes, Stack size 16 bytes, modulea7680c.o(i.Recv_AT_CIPMODE_Ack))
<BR><BR>[Stack]<UL><LI>Max Depth = 244<LI>Call Chain = Recv_AT_CIPMODE_Ack &rArr; rt_exit_critical &rArr; rt_schedule &rArr; _rt_scheduler_stack_check &rArr; rt_kprintf &rArr; rt_vsnprintf &rArr; print_number
</UL>
<BR>[Calls]<UL><LI><a href="#[1fe]">&gt;&gt;</a>&nbsp;&nbsp;&nbsp;rt_exit_critical
<LI><a href="#[1fd]">&gt;&gt;</a>&nbsp;&nbsp;&nbsp;rt_enter_critical
</UL>
<BR>[Address Reference Count : 1]<UL><LI> modulea7680c.o(.constdata)
</UL>
<P><STRONG><a name="[f1]"></a>Recv_AT_CSQ_Ack</STRONG> (Thumb, 90 bytes, Stack size 16 bytes, modulea7680c.o(i.Recv_AT_CSQ_Ack))
<BR><BR>[Stack]<UL><LI>Max Depth = 244<LI>Call Chain = Recv_AT_CSQ_Ack &rArr; rt_exit_critical &rArr; rt_schedule &rArr; _rt_scheduler_stack_check &rArr; rt_kprintf &rArr; rt_vsnprintf &rArr; print_number
</UL>
<BR>[Calls]<UL><LI><a href="#[1fe]">&gt;&gt;</a>&nbsp;&nbsp;&nbsp;rt_exit_critical
<LI><a href="#[1fd]">&gt;&gt;</a>&nbsp;&nbsp;&nbsp;rt_enter_critical
<LI><a href="#[1ff]">&gt;&gt;</a>&nbsp;&nbsp;&nbsp;strstr
<LI><a href="#[147]">&gt;&gt;</a>&nbsp;&nbsp;&nbsp;atoi
</UL>
<BR>[Address Reference Count : 1]<UL><LI> modulea7680c.o(.constdata)
</UL>
<P><STRONG><a name="[f6]"></a>Recv_AT_ConnectServer0Cmd_Ack</STRONG> (Thumb, 204 bytes, Stack size 24 bytes, modulea7680c.o(i.Recv_AT_ConnectServer0Cmd_Ack))
<BR><BR>[Stack]<UL><LI>Max Depth = 252<LI>Call Chain = Recv_AT_ConnectServer0Cmd_Ack &rArr; rt_exit_critical &rArr; rt_schedule &rArr; _rt_scheduler_stack_check &rArr; rt_kprintf &rArr; rt_vsnprintf &rArr; print_number
</UL>
<BR>[Calls]<UL><LI><a href="#[1fe]">&gt;&gt;</a>&nbsp;&nbsp;&nbsp;rt_exit_critical
<LI><a href="#[1fd]">&gt;&gt;</a>&nbsp;&nbsp;&nbsp;rt_enter_critical
<LI><a href="#[200]">&gt;&gt;</a>&nbsp;&nbsp;&nbsp;strtok
<LI><a href="#[1ff]">&gt;&gt;</a>&nbsp;&nbsp;&nbsp;strstr
<LI><a href="#[147]">&gt;&gt;</a>&nbsp;&nbsp;&nbsp;atoi
</UL>
<BR>[Address Reference Count : 1]<UL><LI> modulea7680c.o(.constdata)
</UL>
<P><STRONG><a name="[f8]"></a>Recv_AT_ConnectServer0_Ack</STRONG> (Thumb, 150 bytes, Stack size 24 bytes, modulea7680c.o(i.Recv_AT_ConnectServer0_Ack))
<BR><BR>[Stack]<UL><LI>Max Depth = 252<LI>Call Chain = Recv_AT_ConnectServer0_Ack &rArr; rt_exit_critical &rArr; rt_schedule &rArr; _rt_scheduler_stack_check &rArr; rt_kprintf &rArr; rt_vsnprintf &rArr; print_number
</UL>
<BR>[Calls]<UL><LI><a href="#[1fe]">&gt;&gt;</a>&nbsp;&nbsp;&nbsp;rt_exit_critical
<LI><a href="#[1fd]">&gt;&gt;</a>&nbsp;&nbsp;&nbsp;rt_enter_critical
<LI><a href="#[200]">&gt;&gt;</a>&nbsp;&nbsp;&nbsp;strtok
<LI><a href="#[1ff]">&gt;&gt;</a>&nbsp;&nbsp;&nbsp;strstr
<LI><a href="#[147]">&gt;&gt;</a>&nbsp;&nbsp;&nbsp;atoi
</UL>
<BR>[Address Reference Count : 1]<UL><LI> modulea7680c.o(.constdata)
</UL>
<P><STRONG><a name="[f7]"></a>Recv_AT_ConnectServer1Cmd_Ack</STRONG> (Thumb, 164 bytes, Stack size 24 bytes, modulea7680c.o(i.Recv_AT_ConnectServer1Cmd_Ack))
<BR><BR>[Stack]<UL><LI>Max Depth = 252<LI>Call Chain = Recv_AT_ConnectServer1Cmd_Ack &rArr; rt_exit_critical &rArr; rt_schedule &rArr; _rt_scheduler_stack_check &rArr; rt_kprintf &rArr; rt_vsnprintf &rArr; print_number
</UL>
<BR>[Calls]<UL><LI><a href="#[1fe]">&gt;&gt;</a>&nbsp;&nbsp;&nbsp;rt_exit_critical
<LI><a href="#[1fd]">&gt;&gt;</a>&nbsp;&nbsp;&nbsp;rt_enter_critical
<LI><a href="#[200]">&gt;&gt;</a>&nbsp;&nbsp;&nbsp;strtok
<LI><a href="#[1ff]">&gt;&gt;</a>&nbsp;&nbsp;&nbsp;strstr
<LI><a href="#[147]">&gt;&gt;</a>&nbsp;&nbsp;&nbsp;atoi
</UL>
<BR>[Address Reference Count : 1]<UL><LI> modulea7680c.o(.constdata)
</UL>
<P><STRONG><a name="[f9]"></a>Recv_AT_ConnectServer1_Ack</STRONG> (Thumb, 150 bytes, Stack size 24 bytes, modulea7680c.o(i.Recv_AT_ConnectServer1_Ack))
<BR><BR>[Stack]<UL><LI>Max Depth = 252<LI>Call Chain = Recv_AT_ConnectServer1_Ack &rArr; rt_exit_critical &rArr; rt_schedule &rArr; _rt_scheduler_stack_check &rArr; rt_kprintf &rArr; rt_vsnprintf &rArr; print_number
</UL>
<BR>[Calls]<UL><LI><a href="#[1fe]">&gt;&gt;</a>&nbsp;&nbsp;&nbsp;rt_exit_critical
<LI><a href="#[1fd]">&gt;&gt;</a>&nbsp;&nbsp;&nbsp;rt_enter_critical
<LI><a href="#[200]">&gt;&gt;</a>&nbsp;&nbsp;&nbsp;strtok
<LI><a href="#[1ff]">&gt;&gt;</a>&nbsp;&nbsp;&nbsp;strstr
<LI><a href="#[147]">&gt;&gt;</a>&nbsp;&nbsp;&nbsp;atoi
</UL>
<BR>[Address Reference Count : 1]<UL><LI> modulea7680c.o(.constdata)
</UL>
<P><STRONG><a name="[fa]"></a>Recv_AT_EnterATCmd_Ack</STRONG> (Thumb, 26 bytes, Stack size 16 bytes, modulea7680c.o(i.Recv_AT_EnterATCmd_Ack))
<BR><BR>[Stack]<UL><LI>Max Depth = 316<LI>Call Chain = Recv_AT_EnterATCmd_Ack &rArr; UART_4GWrite &rArr; rt_thread_mdelay &rArr; rt_thread_sleep &rArr; rt_timer_start &rArr; rt_schedule &rArr; _rt_scheduler_stack_check &rArr; rt_kprintf &rArr; rt_vsnprintf &rArr; print_number
</UL>
<BR>[Calls]<UL><LI><a href="#[1c7]">&gt;&gt;</a>&nbsp;&nbsp;&nbsp;UART_4GWrite
</UL>
<BR>[Address Reference Count : 1]<UL><LI> modulea7680c.o(.constdata)
</UL>
<P><STRONG><a name="[f5]"></a>Recv_AT_NETOPEN_Ack</STRONG> (Thumb, 44 bytes, Stack size 16 bytes, modulea7680c.o(i.Recv_AT_NETOPEN_Ack))
<BR><BR>[Stack]<UL><LI>Max Depth = 244<LI>Call Chain = Recv_AT_NETOPEN_Ack &rArr; rt_exit_critical &rArr; rt_schedule &rArr; _rt_scheduler_stack_check &rArr; rt_kprintf &rArr; rt_vsnprintf &rArr; print_number
</UL>
<BR>[Calls]<UL><LI><a href="#[1fe]">&gt;&gt;</a>&nbsp;&nbsp;&nbsp;rt_exit_critical
<LI><a href="#[1fd]">&gt;&gt;</a>&nbsp;&nbsp;&nbsp;rt_enter_critical
</UL>
<BR>[Address Reference Count : 1]<UL><LI> modulea7680c.o(.constdata)
</UL>
<P><STRONG><a name="[fd]"></a>Recv_AT_ReRecv0Cmd_Ack</STRONG> (Thumb, 182 bytes, Stack size 24 bytes, modulea7680c.o(i.Recv_AT_ReRecv0Cmd_Ack))
<BR><BR>[Stack]<UL><LI>Max Depth = 112<LI>Call Chain = Recv_AT_ReRecv0Cmd_Ack &rArr; atoi &rArr; strtol &rArr; _strtoul
</UL>
<BR>[Calls]<UL><LI><a href="#[201]">&gt;&gt;</a>&nbsp;&nbsp;&nbsp;APP_RecvDataControl
<LI><a href="#[200]">&gt;&gt;</a>&nbsp;&nbsp;&nbsp;strtok
<LI><a href="#[1ff]">&gt;&gt;</a>&nbsp;&nbsp;&nbsp;strstr
<LI><a href="#[162]">&gt;&gt;</a>&nbsp;&nbsp;&nbsp;__aeabi_memcpy
<LI><a href="#[147]">&gt;&gt;</a>&nbsp;&nbsp;&nbsp;atoi
</UL>
<BR>[Address Reference Count : 1]<UL><LI> modulea7680c.o(.constdata)
</UL>
<P><STRONG><a name="[fe]"></a>Recv_AT_ReRecv1Cmd_Ack</STRONG> (Thumb, 182 bytes, Stack size 24 bytes, modulea7680c.o(i.Recv_AT_ReRecv1Cmd_Ack))
<BR><BR>[Stack]<UL><LI>Max Depth = 112<LI>Call Chain = Recv_AT_ReRecv1Cmd_Ack &rArr; atoi &rArr; strtol &rArr; _strtoul
</UL>
<BR>[Calls]<UL><LI><a href="#[201]">&gt;&gt;</a>&nbsp;&nbsp;&nbsp;APP_RecvDataControl
<LI><a href="#[200]">&gt;&gt;</a>&nbsp;&nbsp;&nbsp;strtok
<LI><a href="#[1ff]">&gt;&gt;</a>&nbsp;&nbsp;&nbsp;strstr
<LI><a href="#[162]">&gt;&gt;</a>&nbsp;&nbsp;&nbsp;__aeabi_memcpy
<LI><a href="#[147]">&gt;&gt;</a>&nbsp;&nbsp;&nbsp;atoi
</UL>
<BR>[Address Reference Count : 1]<UL><LI> modulea7680c.o(.constdata)
</UL>
<P><STRONG><a name="[fb]"></a>Recv_AT_SendAck0Cmd_Ack</STRONG> (Thumb, 68 bytes, Stack size 16 bytes, modulea7680c.o(i.Recv_AT_SendAck0Cmd_Ack))
<BR><BR>[Stack]<UL><LI>Max Depth = 244<LI>Call Chain = Recv_AT_SendAck0Cmd_Ack &rArr; rt_exit_critical &rArr; rt_schedule &rArr; _rt_scheduler_stack_check &rArr; rt_kprintf &rArr; rt_vsnprintf &rArr; print_number
</UL>
<BR>[Calls]<UL><LI><a href="#[1fe]">&gt;&gt;</a>&nbsp;&nbsp;&nbsp;rt_exit_critical
<LI><a href="#[1fd]">&gt;&gt;</a>&nbsp;&nbsp;&nbsp;rt_enter_critical
<LI><a href="#[1ff]">&gt;&gt;</a>&nbsp;&nbsp;&nbsp;strstr
</UL>
<BR>[Address Reference Count : 1]<UL><LI> modulea7680c.o(.constdata)
</UL>
<P><STRONG><a name="[fc]"></a>Recv_AT_SendAck1Cmd_Ack</STRONG> (Thumb, 68 bytes, Stack size 16 bytes, modulea7680c.o(i.Recv_AT_SendAck1Cmd_Ack))
<BR><BR>[Stack]<UL><LI>Max Depth = 244<LI>Call Chain = Recv_AT_SendAck1Cmd_Ack &rArr; rt_exit_critical &rArr; rt_schedule &rArr; _rt_scheduler_stack_check &rArr; rt_kprintf &rArr; rt_vsnprintf &rArr; print_number
</UL>
<BR>[Calls]<UL><LI><a href="#[1fe]">&gt;&gt;</a>&nbsp;&nbsp;&nbsp;rt_exit_critical
<LI><a href="#[1fd]">&gt;&gt;</a>&nbsp;&nbsp;&nbsp;rt_enter_critical
<LI><a href="#[1ff]">&gt;&gt;</a>&nbsp;&nbsp;&nbsp;strstr
</UL>
<BR>[Address Reference Count : 1]<UL><LI> modulea7680c.o(.constdata)
</UL>
<P><STRONG><a name="[ff]"></a>Recv_AT_SetReAct_Ack</STRONG> (Thumb, 44 bytes, Stack size 16 bytes, modulea7680c.o(i.Recv_AT_SetReAct_Ack))
<BR><BR>[Stack]<UL><LI>Max Depth = 244<LI>Call Chain = Recv_AT_SetReAct_Ack &rArr; rt_exit_critical &rArr; rt_schedule &rArr; _rt_scheduler_stack_check &rArr; rt_kprintf &rArr; rt_vsnprintf &rArr; print_number
</UL>
<BR>[Calls]<UL><LI><a href="#[1fe]">&gt;&gt;</a>&nbsp;&nbsp;&nbsp;rt_exit_critical
<LI><a href="#[1fd]">&gt;&gt;</a>&nbsp;&nbsp;&nbsp;rt_enter_critical
</UL>
<BR>[Address Reference Count : 1]<UL><LI> modulea7680c.o(.constdata)
</UL>
<P><STRONG><a name="[100]"></a>Recv_ActRecv0_Ack</STRONG> (Thumb, 20 bytes, Stack size 16 bytes, modulea7680c.o(i.Recv_ActRecv0_Ack))
<BR><BR>[Stack]<UL><LI>Max Depth = 396<LI>Call Chain = Recv_ActRecv0_Ack &rArr; Send_AT_CIPRXGET &rArr; UART_4GWrite &rArr; rt_thread_mdelay &rArr; rt_thread_sleep &rArr; rt_timer_start &rArr; rt_schedule &rArr; _rt_scheduler_stack_check &rArr; rt_kprintf &rArr; rt_vsnprintf &rArr; print_number
</UL>
<BR>[Calls]<UL><LI><a href="#[202]">&gt;&gt;</a>&nbsp;&nbsp;&nbsp;Send_AT_CIPRXGET
</UL>
<BR>[Address Reference Count : 1]<UL><LI> modulea7680c.o(.constdata)
</UL>
<P><STRONG><a name="[101]"></a>Recv_ActRecv1_Ack</STRONG> (Thumb, 20 bytes, Stack size 16 bytes, modulea7680c.o(i.Recv_ActRecv1_Ack))
<BR><BR>[Stack]<UL><LI>Max Depth = 396<LI>Call Chain = Recv_ActRecv1_Ack &rArr; Send_AT_CIPRXGET &rArr; UART_4GWrite &rArr; rt_thread_mdelay &rArr; rt_thread_sleep &rArr; rt_timer_start &rArr; rt_schedule &rArr; _rt_scheduler_stack_check &rArr; rt_kprintf &rArr; rt_vsnprintf &rArr; print_number
</UL>
<BR>[Calls]<UL><LI><a href="#[202]">&gt;&gt;</a>&nbsp;&nbsp;&nbsp;Send_AT_CIPRXGET
</UL>
<BR>[Address Reference Count : 1]<UL><LI> modulea7680c.o(.constdata)
</UL>
<P><STRONG><a name="[1cb]"></a>Send_AT_CGDCONT</STRONG> (Thumb, 22 bytes, Stack size 8 bytes, modulea7680c.o(i.Send_AT_CGDCONT))
<BR><BR>[Stack]<UL><LI>Max Depth = 308<LI>Call Chain = Send_AT_CGDCONT &rArr; UART_4GWrite &rArr; rt_thread_mdelay &rArr; rt_thread_sleep &rArr; rt_timer_start &rArr; rt_schedule &rArr; _rt_scheduler_stack_check &rArr; rt_kprintf &rArr; rt_vsnprintf &rArr; print_number
</UL>
<BR>[Calls]<UL><LI><a href="#[1c7]">&gt;&gt;</a>&nbsp;&nbsp;&nbsp;UART_4GWrite
</UL>
<BR>[Called By]<UL><LI><a href="#[175]">&gt;&gt;</a>&nbsp;&nbsp;&nbsp;Module_SIM7600Test
</UL>

<P><STRONG><a name="[1c9]"></a>Send_AT_CIMI</STRONG> (Thumb, 22 bytes, Stack size 8 bytes, modulea7680c.o(i.Send_AT_CIMI))
<BR><BR>[Stack]<UL><LI>Max Depth = 308<LI>Call Chain = Send_AT_CIMI &rArr; UART_4GWrite &rArr; rt_thread_mdelay &rArr; rt_thread_sleep &rArr; rt_timer_start &rArr; rt_schedule &rArr; _rt_scheduler_stack_check &rArr; rt_kprintf &rArr; rt_vsnprintf &rArr; print_number
</UL>
<BR>[Calls]<UL><LI><a href="#[1c7]">&gt;&gt;</a>&nbsp;&nbsp;&nbsp;UART_4GWrite
</UL>
<BR>[Called By]<UL><LI><a href="#[175]">&gt;&gt;</a>&nbsp;&nbsp;&nbsp;Module_SIM7600Test
</UL>

<P><STRONG><a name="[203]"></a>Send_AT_CIPCLOSE</STRONG> (Thumb, 82 bytes, Stack size 80 bytes, modulea7680c.o(i.Send_AT_CIPCLOSE))
<BR><BR>[Stack]<UL><LI>Max Depth = 380<LI>Call Chain = Send_AT_CIPCLOSE &rArr; UART_4GWrite &rArr; rt_thread_mdelay &rArr; rt_thread_sleep &rArr; rt_timer_start &rArr; rt_schedule &rArr; _rt_scheduler_stack_check &rArr; rt_kprintf &rArr; rt_vsnprintf &rArr; print_number
</UL>
<BR>[Calls]<UL><LI><a href="#[161]">&gt;&gt;</a>&nbsp;&nbsp;&nbsp;rt_kprintf
<LI><a href="#[1c7]">&gt;&gt;</a>&nbsp;&nbsp;&nbsp;UART_4GWrite
<LI><a href="#[1c8]">&gt;&gt;</a>&nbsp;&nbsp;&nbsp;strlen
<LI><a href="#[160]">&gt;&gt;</a>&nbsp;&nbsp;&nbsp;__2snprintf
</UL>
<BR>[Called By]<UL><LI><a href="#[176]">&gt;&gt;</a>&nbsp;&nbsp;&nbsp;SIM7600Reset
<LI><a href="#[179]">&gt;&gt;</a>&nbsp;&nbsp;&nbsp;SIM7600CloseNet
</UL>

<P><STRONG><a name="[1cc]"></a>Send_AT_CIPMODE</STRONG> (Thumb, 22 bytes, Stack size 8 bytes, modulea7680c.o(i.Send_AT_CIPMODE))
<BR><BR>[Stack]<UL><LI>Max Depth = 308<LI>Call Chain = Send_AT_CIPMODE &rArr; UART_4GWrite &rArr; rt_thread_mdelay &rArr; rt_thread_sleep &rArr; rt_timer_start &rArr; rt_schedule &rArr; _rt_scheduler_stack_check &rArr; rt_kprintf &rArr; rt_vsnprintf &rArr; print_number
</UL>
<BR>[Calls]<UL><LI><a href="#[1c7]">&gt;&gt;</a>&nbsp;&nbsp;&nbsp;UART_4GWrite
</UL>
<BR>[Called By]<UL><LI><a href="#[175]">&gt;&gt;</a>&nbsp;&nbsp;&nbsp;Module_SIM7600Test
</UL>

<P><STRONG><a name="[1c5]"></a>Send_AT_CIPSEND</STRONG> (Thumb, 82 bytes, Stack size 88 bytes, modulea7680c.o(i.Send_AT_CIPSEND))
<BR><BR>[Stack]<UL><LI>Max Depth = 388<LI>Call Chain = Send_AT_CIPSEND &rArr; UART_4GWrite &rArr; rt_thread_mdelay &rArr; rt_thread_sleep &rArr; rt_timer_start &rArr; rt_schedule &rArr; _rt_scheduler_stack_check &rArr; rt_kprintf &rArr; rt_vsnprintf &rArr; print_number
</UL>
<BR>[Calls]<UL><LI><a href="#[161]">&gt;&gt;</a>&nbsp;&nbsp;&nbsp;rt_kprintf
<LI><a href="#[1c7]">&gt;&gt;</a>&nbsp;&nbsp;&nbsp;UART_4GWrite
<LI><a href="#[1c8]">&gt;&gt;</a>&nbsp;&nbsp;&nbsp;strlen
<LI><a href="#[160]">&gt;&gt;</a>&nbsp;&nbsp;&nbsp;__2snprintf
</UL>
<BR>[Called By]<UL><LI><a href="#[191]">&gt;&gt;</a>&nbsp;&nbsp;&nbsp;ModuleSIM7600_SendData
</UL>

<P><STRONG><a name="[204]"></a>Send_AT_NETCLOSE</STRONG> (Thumb, 22 bytes, Stack size 8 bytes, modulea7680c.o(i.Send_AT_NETCLOSE))
<BR><BR>[Stack]<UL><LI>Max Depth = 308<LI>Call Chain = Send_AT_NETCLOSE &rArr; UART_4GWrite &rArr; rt_thread_mdelay &rArr; rt_thread_sleep &rArr; rt_timer_start &rArr; rt_schedule &rArr; _rt_scheduler_stack_check &rArr; rt_kprintf &rArr; rt_vsnprintf &rArr; print_number
</UL>
<BR>[Calls]<UL><LI><a href="#[1c7]">&gt;&gt;</a>&nbsp;&nbsp;&nbsp;UART_4GWrite
</UL>
<BR>[Called By]<UL><LI><a href="#[176]">&gt;&gt;</a>&nbsp;&nbsp;&nbsp;SIM7600Reset
</UL>

<P><STRONG><a name="[1c3]"></a>Send_AT_NETOPEN</STRONG> (Thumb, 22 bytes, Stack size 8 bytes, modulea7680c.o(i.Send_AT_NETOPEN))
<BR><BR>[Stack]<UL><LI>Max Depth = 308<LI>Call Chain = Send_AT_NETOPEN &rArr; UART_4GWrite &rArr; rt_thread_mdelay &rArr; rt_thread_sleep &rArr; rt_timer_start &rArr; rt_schedule &rArr; _rt_scheduler_stack_check &rArr; rt_kprintf &rArr; rt_vsnprintf &rArr; print_number
</UL>
<BR>[Calls]<UL><LI><a href="#[1c7]">&gt;&gt;</a>&nbsp;&nbsp;&nbsp;UART_4GWrite
</UL>
<BR>[Called By]<UL><LI><a href="#[178]">&gt;&gt;</a>&nbsp;&nbsp;&nbsp;ModuleSIM7600_ConnectServer
</UL>

<P><STRONG><a name="[1cd]"></a>Send_AT_NOTCIPMODE</STRONG> (Thumb, 22 bytes, Stack size 8 bytes, modulea7680c.o(i.Send_AT_NOTCIPMODE))
<BR><BR>[Stack]<UL><LI>Max Depth = 308<LI>Call Chain = Send_AT_NOTCIPMODE &rArr; UART_4GWrite &rArr; rt_thread_mdelay &rArr; rt_thread_sleep &rArr; rt_timer_start &rArr; rt_schedule &rArr; _rt_scheduler_stack_check &rArr; rt_kprintf &rArr; rt_vsnprintf &rArr; print_number
</UL>
<BR>[Calls]<UL><LI><a href="#[1c7]">&gt;&gt;</a>&nbsp;&nbsp;&nbsp;UART_4GWrite
</UL>
<BR>[Called By]<UL><LI><a href="#[175]">&gt;&gt;</a>&nbsp;&nbsp;&nbsp;Module_SIM7600Test
</UL>

<P><STRONG><a name="[1ce]"></a>Send_AT_SetCIPRXGET</STRONG> (Thumb, 22 bytes, Stack size 8 bytes, modulea7680c.o(i.Send_AT_SetCIPRXGET))
<BR><BR>[Stack]<UL><LI>Max Depth = 308<LI>Call Chain = Send_AT_SetCIPRXGET &rArr; UART_4GWrite &rArr; rt_thread_mdelay &rArr; rt_thread_sleep &rArr; rt_timer_start &rArr; rt_schedule &rArr; _rt_scheduler_stack_check &rArr; rt_kprintf &rArr; rt_vsnprintf &rArr; print_number
</UL>
<BR>[Calls]<UL><LI><a href="#[1c7]">&gt;&gt;</a>&nbsp;&nbsp;&nbsp;UART_4GWrite
</UL>
<BR>[Called By]<UL><LI><a href="#[175]">&gt;&gt;</a>&nbsp;&nbsp;&nbsp;Module_SIM7600Test
</UL>

<P><STRONG><a name="[234]"></a>_printf_core</STRONG> (Thumb, 996 bytes, Stack size 104 bytes, printf8.o(i._printf_core), UNUSED)
<BR><BR>[Calls]<UL><LI><a href="#[13d]">&gt;&gt;</a>&nbsp;&nbsp;&nbsp;__aeabi_uldivmod
<LI><a href="#[251]">&gt;&gt;</a>&nbsp;&nbsp;&nbsp;_printf_pre_padding
<LI><a href="#[252]">&gt;&gt;</a>&nbsp;&nbsp;&nbsp;_printf_post_padding
</UL>
<BR>[Called By]<UL><LI><a href="#[233]">&gt;&gt;</a>&nbsp;&nbsp;&nbsp;__0snprintf$8
</UL>

<P><STRONG><a name="[252]"></a>_printf_post_padding</STRONG> (Thumb, 36 bytes, Stack size 24 bytes, printf8.o(i._printf_post_padding), UNUSED)
<BR><BR>[Called By]<UL><LI><a href="#[234]">&gt;&gt;</a>&nbsp;&nbsp;&nbsp;_printf_core
</UL>

<P><STRONG><a name="[251]"></a>_printf_pre_padding</STRONG> (Thumb, 46 bytes, Stack size 24 bytes, printf8.o(i._printf_pre_padding), UNUSED)
<BR><BR>[Called By]<UL><LI><a href="#[234]">&gt;&gt;</a>&nbsp;&nbsp;&nbsp;_printf_core
</UL>

<P><STRONG><a name="[ad]"></a>_snputc</STRONG> (Thumb, 22 bytes, Stack size 0 bytes, printf8.o(i._snputc))
<BR>[Address Reference Count : 1]<UL><LI> printf8.o(i.__0snprintf$8)
</UL><P>
<H3>
Undefined Global Symbols
</H3><HR></body></html>
