<!doctype html public "-//w3c//dtd html 4.0 transitional//en">
<html><head>
<title>Static Call Graph - [.\output\rtthread-gd32f10x.axf]</title></head>
<body><HR>
<H1>Static Call Graph for image .\output\rtthread-gd32f10x.axf</H1><HR>
<BR><P>#&#060CALLGRAPH&#062# ARM Linker, 5060750: Last Updated: Tue Nov 23 21:39:23 2021
<BR><P>
<H3>Maximum Stack Usage =        884 bytes + Unknown(Cycles, Untraceable Function Pointers)</H3><H3>
Call chain for Maximum Stack Depth:</H3>
do_gc &rArr; move_env &rArr; del_env &rArr; find_env &rArr; find_env_no_cache &rArr; env_iterator &rArr; read_sector_meta_data &rArr; read_env &rArr; write_status &rArr; ef_port_write &rArr; fal_partition_write &rArr; fal_flash_device_find &rArr; rt_kprintf &rArr; rt_vsnprintf &rArr; print_number
<P>
<H3>
Mutually Recursive functions
</H3> <LI><a href="#[12f]">rt_assert_handler</a>&nbsp;&nbsp;&nbsp;&rArr;&nbsp;&nbsp;&nbsp;<a href="#[de]">rt_kprintf</a><BR>
 <LI><a href="#[24]">ADC0_1_IRQHandler</a>&nbsp;&nbsp;&nbsp;&rArr;&nbsp;&nbsp;&nbsp;<a href="#[24]">ADC0_1_IRQHandler</a><BR>
</UL>
<P>
<H3>
Function Pointers
</H3><UL>
 <LI><a href="#[24]">ADC0_1_IRQHandler</a> from startup_gd32f10x_xd.o(.text) referenced from startup_gd32f10x_xd.o(RESET)
 <LI><a href="#[41]">ADC2_IRQHandler</a> from startup_gd32f10x_xd.o(.text) referenced from startup_gd32f10x_xd.o(RESET)
 <LI><a href="#[c]">BusFault_Handler</a> from gd32f10x_it.o(i.BusFault_Handler) referenced from startup_gd32f10x_xd.o(RESET)
 <LI><a href="#[28]">CAN0_EWMC_IRQHandler</a> from startup_gd32f10x_xd.o(.text) referenced from startup_gd32f10x_xd.o(RESET)
 <LI><a href="#[27]">CAN0_RX1_IRQHandler</a> from startup_gd32f10x_xd.o(.text) referenced from startup_gd32f10x_xd.o(RESET)
 <LI><a href="#[1d]">DMA0_Channel0_IRQHandler</a> from startup_gd32f10x_xd.o(.text) referenced from startup_gd32f10x_xd.o(RESET)
 <LI><a href="#[1e]">DMA0_Channel1_IRQHandler</a> from startup_gd32f10x_xd.o(.text) referenced from startup_gd32f10x_xd.o(RESET)
 <LI><a href="#[1f]">DMA0_Channel2_IRQHandler</a> from startup_gd32f10x_xd.o(.text) referenced from startup_gd32f10x_xd.o(RESET)
 <LI><a href="#[20]">DMA0_Channel3_IRQHandler</a> from startup_gd32f10x_xd.o(.text) referenced from startup_gd32f10x_xd.o(RESET)
 <LI><a href="#[21]">DMA0_Channel4_IRQHandler</a> from startup_gd32f10x_xd.o(.text) referenced from startup_gd32f10x_xd.o(RESET)
 <LI><a href="#[22]">DMA0_Channel5_IRQHandler</a> from startup_gd32f10x_xd.o(.text) referenced from startup_gd32f10x_xd.o(RESET)
 <LI><a href="#[23]">DMA0_Channel6_IRQHandler</a> from startup_gd32f10x_xd.o(.text) referenced from startup_gd32f10x_xd.o(RESET)
 <LI><a href="#[4a]">DMA1_Channel0_IRQHandler</a> from startup_gd32f10x_xd.o(.text) referenced from startup_gd32f10x_xd.o(RESET)
 <LI><a href="#[4b]">DMA1_Channel1_IRQHandler</a> from startup_gd32f10x_xd.o(.text) referenced from startup_gd32f10x_xd.o(RESET)
 <LI><a href="#[4c]">DMA1_Channel2_IRQHandler</a> from startup_gd32f10x_xd.o(.text) referenced from startup_gd32f10x_xd.o(RESET)
 <LI><a href="#[4d]">DMA1_Channel3_4_IRQHandler</a> from startup_gd32f10x_xd.o(.text) referenced from startup_gd32f10x_xd.o(RESET)
 <LI><a href="#[f]">DebugMon_Handler</a> from gd32f10x_it.o(i.DebugMon_Handler) referenced from startup_gd32f10x_xd.o(RESET)
 <LI><a href="#[42]">EXMC_IRQHandler</a> from startup_gd32f10x_xd.o(.text) referenced from startup_gd32f10x_xd.o(RESET)
 <LI><a href="#[18]">EXTI0_IRQHandler</a> from drv_gpio.o(i.EXTI0_IRQHandler) referenced from startup_gd32f10x_xd.o(RESET)
 <LI><a href="#[3a]">EXTI10_15_IRQHandler</a> from drv_gpio.o(i.EXTI10_15_IRQHandler) referenced from startup_gd32f10x_xd.o(RESET)
 <LI><a href="#[19]">EXTI1_IRQHandler</a> from drv_gpio.o(i.EXTI1_IRQHandler) referenced from startup_gd32f10x_xd.o(RESET)
 <LI><a href="#[1a]">EXTI2_IRQHandler</a> from drv_gpio.o(i.EXTI2_IRQHandler) referenced from startup_gd32f10x_xd.o(RESET)
 <LI><a href="#[1b]">EXTI3_IRQHandler</a> from drv_gpio.o(i.EXTI3_IRQHandler) referenced from startup_gd32f10x_xd.o(RESET)
 <LI><a href="#[1c]">EXTI4_IRQHandler</a> from drv_gpio.o(i.EXTI4_IRQHandler) referenced from startup_gd32f10x_xd.o(RESET)
 <LI><a href="#[29]">EXTI5_9_IRQHandler</a> from drv_gpio.o(i.EXTI5_9_IRQHandler) referenced from startup_gd32f10x_xd.o(RESET)
 <LI><a href="#[16]">FMC_IRQHandler</a> from startup_gd32f10x_xd.o(.text) referenced from startup_gd32f10x_xd.o(RESET)
 <LI><a href="#[a]">HardFault_Handler</a> from context_rvds.o(.text) referenced from startup_gd32f10x_xd.o(RESET)
 <LI><a href="#[32]">I2C0_ER_IRQHandler</a> from startup_gd32f10x_xd.o(.text) referenced from startup_gd32f10x_xd.o(RESET)
 <LI><a href="#[31]">I2C0_EV_IRQHandler</a> from startup_gd32f10x_xd.o(.text) referenced from startup_gd32f10x_xd.o(RESET)
 <LI><a href="#[34]">I2C1_ER_IRQHandler</a> from startup_gd32f10x_xd.o(.text) referenced from startup_gd32f10x_xd.o(RESET)
 <LI><a href="#[33]">I2C1_EV_IRQHandler</a> from startup_gd32f10x_xd.o(.text) referenced from startup_gd32f10x_xd.o(RESET)
 <LI><a href="#[13]">LVD_IRQHandler</a> from startup_gd32f10x_xd.o(.text) referenced from startup_gd32f10x_xd.o(RESET)
 <LI><a href="#[b]">MemManage_Handler</a> from gd32f10x_it.o(i.MemManage_Handler) referenced from startup_gd32f10x_xd.o(RESET)
 <LI><a href="#[9]">NMI_Handler</a> from gd32f10x_it.o(i.NMI_Handler) referenced from startup_gd32f10x_xd.o(RESET)
 <LI><a href="#[10]">PendSV_Handler</a> from context_rvds.o(.text) referenced from startup_gd32f10x_xd.o(RESET)
 <LI><a href="#[17]">RCU_IRQHandler</a> from startup_gd32f10x_xd.o(.text) referenced from startup_gd32f10x_xd.o(RESET)
 <LI><a href="#[3b]">RTC_Alarm_IRQHandler</a> from startup_gd32f10x_xd.o(.text) referenced from startup_gd32f10x_xd.o(RESET)
 <LI><a href="#[15]">RTC_IRQHandler</a> from gd32f10x_it.o(i.RTC_IRQHandler) referenced from startup_gd32f10x_xd.o(RESET)
 <LI><a href="#[8]">Reset_Handler</a> from startup_gd32f10x_xd.o(.text) referenced from startup_gd32f10x_xd.o(RESET)
 <LI><a href="#[43]">SDIO_IRQHandler</a> from startup_gd32f10x_xd.o(.text) referenced from startup_gd32f10x_xd.o(RESET)
 <LI><a href="#[35]">SPI0_IRQHandler</a> from startup_gd32f10x_xd.o(.text) referenced from startup_gd32f10x_xd.o(RESET)
 <LI><a href="#[36]">SPI1_IRQHandler</a> from startup_gd32f10x_xd.o(.text) referenced from startup_gd32f10x_xd.o(RESET)
 <LI><a href="#[45]">SPI2_IRQHandler</a> from startup_gd32f10x_xd.o(.text) referenced from startup_gd32f10x_xd.o(RESET)
 <LI><a href="#[e]">SVC_Handler</a> from gd32f10x_it.o(i.SVC_Handler) referenced from startup_gd32f10x_xd.o(RESET)
 <LI><a href="#[11]">SysTick_Handler</a> from board.o(i.SysTick_Handler) referenced from startup_gd32f10x_xd.o(RESET)
 <LI><a href="#[4f]">SystemInit</a> from system_gd32f10x.o(i.SystemInit) referenced from startup_gd32f10x_xd.o(.text)
 <LI><a href="#[14]">TAMPER_IRQHandler</a> from startup_gd32f10x_xd.o(.text) referenced from startup_gd32f10x_xd.o(RESET)
 <LI><a href="#[2a]">TIMER0_BRK_TIMER8_IRQHandler</a> from startup_gd32f10x_xd.o(.text) referenced from startup_gd32f10x_xd.o(RESET)
 <LI><a href="#[2d]">TIMER0_Channel_IRQHandler</a> from startup_gd32f10x_xd.o(.text) referenced from startup_gd32f10x_xd.o(RESET)
 <LI><a href="#[2c]">TIMER0_TRG_CMT_TIMER10_IRQHandler</a> from startup_gd32f10x_xd.o(.text) referenced from startup_gd32f10x_xd.o(RESET)
 <LI><a href="#[2b]">TIMER0_UP_TIMER9_IRQHandler</a> from startup_gd32f10x_xd.o(.text) referenced from startup_gd32f10x_xd.o(RESET)
 <LI><a href="#[2e]">TIMER1_IRQHandler</a> from startup_gd32f10x_xd.o(.text) referenced from startup_gd32f10x_xd.o(RESET)
 <LI><a href="#[2f]">TIMER2_IRQHandler</a> from startup_gd32f10x_xd.o(.text) referenced from startup_gd32f10x_xd.o(RESET)
 <LI><a href="#[30]">TIMER3_IRQHandler</a> from startup_gd32f10x_xd.o(.text) referenced from startup_gd32f10x_xd.o(RESET)
 <LI><a href="#[44]">TIMER4_IRQHandler</a> from startup_gd32f10x_xd.o(.text) referenced from startup_gd32f10x_xd.o(RESET)
 <LI><a href="#[48]">TIMER5_IRQHandler</a> from startup_gd32f10x_xd.o(.text) referenced from startup_gd32f10x_xd.o(RESET)
 <LI><a href="#[49]">TIMER6_IRQHandler</a> from startup_gd32f10x_xd.o(.text) referenced from startup_gd32f10x_xd.o(RESET)
 <LI><a href="#[3d]">TIMER7_BRK_TIMER11_IRQHandler</a> from startup_gd32f10x_xd.o(.text) referenced from startup_gd32f10x_xd.o(RESET)
 <LI><a href="#[40]">TIMER7_Channel_IRQHandler</a> from startup_gd32f10x_xd.o(.text) referenced from startup_gd32f10x_xd.o(RESET)
 <LI><a href="#[3f]">TIMER7_TRG_CMT_TIMER13_IRQHandler</a> from startup_gd32f10x_xd.o(.text) referenced from startup_gd32f10x_xd.o(RESET)
 <LI><a href="#[3e]">TIMER7_UP_TIMER12_IRQHandler</a> from startup_gd32f10x_xd.o(.text) referenced from startup_gd32f10x_xd.o(RESET)
 <LI><a href="#[46]">UART3_IRQHandler</a> from drv_usart.o(i.UART3_IRQHandler) referenced from startup_gd32f10x_xd.o(RESET)
 <LI><a href="#[47]">UART4_IRQHandler</a> from drv_usart.o(i.UART4_IRQHandler) referenced from startup_gd32f10x_xd.o(RESET)
 <LI><a href="#[37]">USART0_IRQHandler</a> from drv_usart.o(i.USART0_IRQHandler) referenced from startup_gd32f10x_xd.o(RESET)
 <LI><a href="#[38]">USART1_IRQHandler</a> from drv_usart.o(i.USART1_IRQHandler) referenced from startup_gd32f10x_xd.o(RESET)
 <LI><a href="#[39]">USART2_IRQHandler</a> from drv_usart.o(i.USART2_IRQHandler) referenced from startup_gd32f10x_xd.o(RESET)
 <LI><a href="#[25]">USBD_HP_CAN0_TX_IRQHandler</a> from startup_gd32f10x_xd.o(.text) referenced from startup_gd32f10x_xd.o(RESET)
 <LI><a href="#[26]">USBD_LP_CAN0_RX0_IRQHandler</a> from startup_gd32f10x_xd.o(.text) referenced from startup_gd32f10x_xd.o(RESET)
 <LI><a href="#[3c]">USBD_WKUP_IRQHandler</a> from startup_gd32f10x_xd.o(.text) referenced from startup_gd32f10x_xd.o(RESET)
 <LI><a href="#[d]">UsageFault_Handler</a> from gd32f10x_it.o(i.UsageFault_Handler) referenced from startup_gd32f10x_xd.o(RESET)
 <LI><a href="#[12]">WWDGT_IRQHandler</a> from startup_gd32f10x_xd.o(.text) referenced from startup_gd32f10x_xd.o(RESET)
 <LI><a href="#[50]">__main</a> from entry.o(.ARM.Collect$$$$00000000) referenced from startup_gd32f10x_xd.o(.text)
 <LI><a href="#[af]">__setenv</a> from ef_cmd.o(i.__setenv) referenced from ef_cmd.o(FSymTab)
 <LI><a href="#[88]">_pin_attach_irq</a> from drv_gpio.o(i._pin_attach_irq) referenced from drv_gpio.o(.constdata)
 <LI><a href="#[67]">_pin_control</a> from pin.o(i._pin_control) referenced from pin.o(i.rt_device_pin_register)
 <LI><a href="#[89]">_pin_detach_irq</a> from drv_gpio.o(i._pin_detach_irq) referenced from drv_gpio.o(.constdata)
 <LI><a href="#[8a]">_pin_irq_enable</a> from drv_gpio.o(i._pin_irq_enable) referenced from drv_gpio.o(.constdata)
 <LI><a href="#[85]">_pin_mode</a> from drv_gpio.o(i._pin_mode) referenced from drv_gpio.o(.constdata)
 <LI><a href="#[87]">_pin_read</a> from drv_gpio.o(i._pin_read) referenced from drv_gpio.o(.constdata)
 <LI><a href="#[65]">_pin_read</a> from pin.o(i._pin_read) referenced from pin.o(i.rt_device_pin_register)
 <LI><a href="#[86]">_pin_write</a> from drv_gpio.o(i._pin_write) referenced from drv_gpio.o(.constdata)
 <LI><a href="#[66]">_pin_write</a> from pin.o(i._pin_write) referenced from pin.o(i.rt_device_pin_register)
 <LI><a href="#[52]">_snputc</a> from printf8.o(i._snputc) referenced from printf8.o(i.__0snprintf$8)
 <LI><a href="#[77]">_spi_bus_device_control</a> from spi_dev.o(i._spi_bus_device_control) referenced from spi_dev.o(i.rt_spi_bus_device_init)
 <LI><a href="#[75]">_spi_bus_device_read</a> from spi_dev.o(i._spi_bus_device_read) referenced from spi_dev.o(i.rt_spi_bus_device_init)
 <LI><a href="#[76]">_spi_bus_device_write</a> from spi_dev.o(i._spi_bus_device_write) referenced from spi_dev.o(i.rt_spi_bus_device_init)
 <LI><a href="#[7a]">_spidev_device_control</a> from spi_dev.o(i._spidev_device_control) referenced from spi_dev.o(i.rt_spidev_device_init)
 <LI><a href="#[78]">_spidev_device_read</a> from spi_dev.o(i._spidev_device_read) referenced from spi_dev.o(i.rt_spidev_device_init)
 <LI><a href="#[79]">_spidev_device_write</a> from spi_dev.o(i._spidev_device_write) referenced from spi_dev.o(i.rt_spidev_device_init)
 <LI><a href="#[53]">_sputc</a> from printf8.o(i._sputc) referenced from printf8.o(i.__0sprintf$8)
 <LI><a href="#[54]">_thread_exit</a> from thread.o(i._thread_exit) referenced from thread.o(i._thread_init)
 <LI><a href="#[8b]">_uart_configure</a> from drv_usart.o(i._uart_configure) referenced from drv_usart.o(.constdata)
 <LI><a href="#[8c]">_uart_control</a> from drv_usart.o(i._uart_control) referenced from drv_usart.o(.constdata)
 <LI><a href="#[8e]">_uart_getc</a> from drv_usart.o(i._uart_getc) referenced from drv_usart.o(.constdata)
 <LI><a href="#[8d]">_uart_putc</a> from drv_usart.o(i._uart_putc) referenced from drv_usart.o(.constdata)
 <LI><a href="#[a8]">adc</a> from adc.o(i.adc) referenced from adc.o(FSymTab)
 <LI><a href="#[57]">alloc_env_cb</a> from ef_env.o(i.alloc_env_cb) referenced from ef_env.o(i.alloc_env)
 <LI><a href="#[58]">ch_ctl_timeout</a> from chproc.o(i.ch_ctl_timeout) referenced from chproc.o(i.ch_ctl_init)
 <LI><a href="#[59]">ch_thread_entry</a> from chtask.o(i.ch_thread_entry) referenced from chtask.o(i.ch_thread_init)
 <LI><a href="#[a4]">ch_thread_init</a> from chtask.o(i.ch_thread_init) referenced from chtask.o(.rti_fn.6)
 <LI><a href="#[5c]">check_and_recovery_env_cb</a> from ef_env.o(i.check_and_recovery_env_cb) referenced from ef_env.o(i.ef_load_env)
 <LI><a href="#[5b]">check_and_recovery_gc_cb</a> from ef_env.o(i.check_and_recovery_gc_cb) referenced from ef_env.o(i.ef_load_env)
 <LI><a href="#[5a]">check_sec_hdr_cb</a> from ef_env.o(i.check_sec_hdr_cb) referenced from ef_env.o(i.ef_load_env)
 <LI><a href="#[b9]">clear</a> from cmd.o(i.clear) referenced from cmd.o(FSymTab)
 <LI><a href="#[b7]">cmd_free</a> from msh.o(i.cmd_free) referenced from msh.o(FSymTab)
 <LI><a href="#[b6]">cmd_ps</a> from msh.o(i.cmd_ps) referenced from msh.o(FSymTab)
 <LI><a href="#[0]">configure</a> from drv_spi.o(i.configure) referenced 2 times from drv_spi.o(.data)
 <LI><a href="#[ad]">date</a> from rtc.o(i.date) referenced from rtc.o(FSymTab)
 <LI><a href="#[62]">do_gc</a> from ef_env.o(i.do_gc) referenced from ef_env.o(i.gc_collect)
 <LI><a href="#[93]">erase</a> from fal_flash_gd32f10x_port.o(i.erase) referenced from fal_flash_gd32f10x_port.o(.constdata)
 <LI><a href="#[5]">erase</a> from fal_flash_sfud_port.o(i.erase) referenced 2 times from fal_flash_sfud_port.o(.data)
 <LI><a href="#[b4]">fal</a> from fal_rtt.o(i.fal) referenced from fal_rtt.o(FSymTab)
 <LI><a href="#[5e]">find_env_cb</a> from ef_env.o(i.find_env_cb) referenced from ef_env.o(i.find_env_no_cache)
 <LI><a href="#[5f]">finsh_rx_ind</a> from shell.o(i.finsh_rx_ind) referenced from shell.o(i.finsh_set_device)
 <LI><a href="#[a5]">finsh_system_init</a> from shell.o(i.finsh_system_init) referenced from shell.o(.rti_fn.6)
 <LI><a href="#[60]">finsh_thread_entry</a> from shell.o(i.finsh_thread_entry) referenced from shell.o(i.finsh_system_init)
 <LI><a href="#[51]">fputc</a> from syscalls.o(i.fputc) referenced from printf8.o(i.__0printf$8)
 <LI><a href="#[61]">gc_check_cb</a> from ef_env.o(i.gc_check_cb) referenced from ef_env.o(i.gc_collect)
 <LI><a href="#[9a]">gd32_hw_spi_init</a> from drv_spi.o(i.gd32_hw_spi_init) referenced from drv_spi.o(.rti_fn.1)
 <LI><a href="#[9b]">gd32_hw_usart_init</a> from drv_usart.o(i.gd32_hw_usart_init) referenced from drv_usart.o(.rti_fn.1)
 <LI><a href="#[8f]">gd32_i2c_xfer</a> from drv_i2c.o(i.gd32_i2c_xfer) referenced from drv_i2c.o(.constdata)
 <LI><a href="#[b2]">getvalue</a> from ef_cmd.o(i.getvalue) referenced from ef_cmd.o(FSymTab)
 <LI><a href="#[b8]">hello</a> from cmd.o(i.hello) referenced from cmd.o(FSymTab)
 <LI><a href="#[71]">i2c_bus_device_control</a> from i2c_dev.o(i.i2c_bus_device_control) referenced from i2c_dev.o(i.rt_i2c_bus_device_device_init)
 <LI><a href="#[6f]">i2c_bus_device_read</a> from i2c_dev.o(i.i2c_bus_device_read) referenced from i2c_dev.o(i.rt_i2c_bus_device_device_init)
 <LI><a href="#[70]">i2c_bus_device_write</a> from i2c_dev.o(i.i2c_bus_device_write) referenced from i2c_dev.o(i.rt_i2c_bus_device_device_init)
 <LI><a href="#[90]">init</a> from fal_flash_gd32f10x_port.o(i.init) referenced from fal_flash_gd32f10x_port.o(.constdata)
 <LI><a href="#[2]">init</a> from fal_flash_sfud_port.o(i.init) referenced 2 times from fal_flash_sfud_port.o(.data)
 <LI><a href="#[63]">input_io_period_check</a> from ch_in_io.o(i.input_io_period_check) referenced from ch_in_io.o(i.input_io_init)
 <LI><a href="#[a2]">libc_system_init</a> from libc.o(i.libc_system_init) referenced from libc.o(.rti_fn.4)
 <LI><a href="#[c4]">list</a> from cmd.o(i.list) referenced from cmd.o(FSymTab)
 <LI><a href="#[c3]">list_device</a> from cmd.o(i.list_device) referenced from cmd.o(FSymTab)
 <LI><a href="#[bd]">list_event</a> from cmd.o(i.list_event) referenced from cmd.o(FSymTab)
 <LI><a href="#[bf]">list_mailbox</a> from cmd.o(i.list_mailbox) referenced from cmd.o(FSymTab)
 <LI><a href="#[c1]">list_mempool</a> from cmd.o(i.list_mempool) referenced from cmd.o(FSymTab)
 <LI><a href="#[c0]">list_msgqueue</a> from cmd.o(i.list_msgqueue) referenced from cmd.o(FSymTab)
 <LI><a href="#[be]">list_mutex</a> from cmd.o(i.list_mutex) referenced from cmd.o(FSymTab)
 <LI><a href="#[bc]">list_sem</a> from cmd.o(i.list_sem) referenced from cmd.o(FSymTab)
 <LI><a href="#[bb]">list_thread</a> from cmd.o(i.list_thread) referenced from cmd.o(FSymTab)
 <LI><a href="#[c2]">list_timer</a> from cmd.o(i.list_timer) referenced from cmd.o(FSymTab)
 <LI><a href="#[4e]">main</a> from components.o(i.$Sub$$main) referenced from entry9a.o(.ARM.Collect$$$$0000000B)
 <LI><a href="#[64]">main_thread_entry</a> from components.o(i.main_thread_entry) referenced from components.o(i.rt_application_init)
 <LI><a href="#[b5]">msh_help</a> from msh.o(i.msh_help) referenced from msh.o(FSymTab)
 <LI><a href="#[96]">mtd_nor_dev_erase</a> from fal_rtt.o(i.mtd_nor_dev_erase) referenced from fal_rtt.o(.constdata)
 <LI><a href="#[94]">mtd_nor_dev_read</a> from fal_rtt.o(i.mtd_nor_dev_read) referenced from fal_rtt.o(.constdata)
 <LI><a href="#[95]">mtd_nor_dev_write</a> from fal_rtt.o(i.mtd_nor_dev_write) referenced from fal_rtt.o(.constdata)
 <LI><a href="#[5d]">print_env_cb</a> from ef_env.o(i.print_env_cb) referenced from ef_env.o(i.ef_print_env)
 <LI><a href="#[b0]">printenv</a> from ef_cmd.o(i.printenv) referenced from ef_cmd.o(FSymTab)
 <LI><a href="#[aa]">pwm_disable</a> from rt_drv_pwm.o(i.pwm_disable) referenced from rt_drv_pwm.o(FSymTab)
 <LI><a href="#[a9]">pwm_enable</a> from rt_drv_pwm.o(i.pwm_enable) referenced from rt_drv_pwm.o(FSymTab)
 <LI><a href="#[ac]">pwm_get</a> from rt_drv_pwm.o(i.pwm_get) referenced from rt_drv_pwm.o(FSymTab)
 <LI><a href="#[ab]">pwm_set</a> from rt_drv_pwm.o(i.pwm_set) referenced from rt_drv_pwm.o(FSymTab)
 <LI><a href="#[91]">read</a> from fal_flash_gd32f10x_port.o(i.read) referenced from fal_flash_gd32f10x_port.o(.constdata)
 <LI><a href="#[3]">read</a> from fal_flash_sfud_port.o(i.read) referenced 2 times from fal_flash_sfud_port.o(.data)
 <LI><a href="#[b3]">resetenv</a> from ef_cmd.o(i.resetenv) referenced from ef_cmd.o(FSymTab)
 <LI><a href="#[7f]">retry_delay_100us</a> from spi_flash_sfud.o(i.retry_delay_100us) referenced from spi_flash_sfud.o(i.sfud_spi_port_init)
 <LI><a href="#[9e]">rt_hw_gd25q40_init</a> from drv_spi_flash.o(i.rt_hw_gd25q40_init) referenced from drv_spi_flash.o(.rti_fn.3)
 <LI><a href="#[9d]">rt_hw_i2c_init</a> from drv_i2c.o(i.rt_hw_i2c_init) referenced from drv_i2c.o(.rti_fn.3)
 <LI><a href="#[99]">rt_hw_pin_init</a> from drv_gpio.o(i.rt_hw_pin_init) referenced from drv_gpio.o(.rti_fn.1)
 <LI><a href="#[9f]">rt_hw_rtc_init</a> from drv_rtc.o(i.rt_hw_rtc_init) referenced from drv_rtc.o(.rti_fn.3)
 <LI><a href="#[a1]">rt_hw_spi_flash_with_sfud_init</a> from drv_spi_flash.o(i.rt_hw_spi_flash_with_sfud_init) referenced from drv_spi_flash.o(.rti_fn.4)
 <LI><a href="#[a0]">rt_i2c_core_init</a> from i2c_core.o(i.rt_i2c_core_init) referenced from i2c_core.o(.rti_fn.4)
 <LI><a href="#[68]">rt_rtc_control</a> from drv_rtc.o(i.rt_rtc_control) referenced from drv_rtc.o(i.rt_hw_rtc_register)
 <LI><a href="#[6b]">rt_serial_close</a> from serial.o(i.rt_serial_close) referenced from serial.o(i.rt_hw_serial_register)
 <LI><a href="#[6e]">rt_serial_control</a> from serial.o(i.rt_serial_control) referenced from serial.o(i.rt_hw_serial_register)
 <LI><a href="#[69]">rt_serial_init</a> from serial.o(i.rt_serial_init) referenced from serial.o(i.rt_hw_serial_register)
 <LI><a href="#[6a]">rt_serial_open</a> from serial.o(i.rt_serial_open) referenced from serial.o(i.rt_hw_serial_register)
 <LI><a href="#[6c]">rt_serial_read</a> from serial.o(i.rt_serial_read) referenced from serial.o(i.rt_hw_serial_register)
 <LI><a href="#[6d]">rt_serial_write</a> from serial.o(i.rt_serial_write) referenced from serial.o(i.rt_hw_serial_register)
 <LI><a href="#[74]">rt_sfud_control</a> from spi_flash_sfud.o(i.rt_sfud_control) referenced from spi_flash_sfud.o(i.rt_sfud_flash_probe_ex)
 <LI><a href="#[72]">rt_sfud_read</a> from spi_flash_sfud.o(i.rt_sfud_read) referenced from spi_flash_sfud.o(i.rt_sfud_flash_probe_ex)
 <LI><a href="#[73]">rt_sfud_write</a> from spi_flash_sfud.o(i.rt_sfud_write) referenced from spi_flash_sfud.o(i.rt_sfud_flash_probe_ex)
 <LI><a href="#[7b]">rt_thread_idle_entry</a> from idle.o(i.rt_thread_idle_entry) referenced from idle.o(i.rt_thread_idle_init)
 <LI><a href="#[55]">rt_thread_timeout</a> from thread.o(i.rt_thread_timeout) referenced from thread.o(i._thread_init)
 <LI><a href="#[9c]">rti_board_end</a> from components.o(i.rti_board_end) referenced from components.o(.rti_fn.1.end)
 <LI><a href="#[98]">rti_board_start</a> from components.o(i.rti_board_start) referenced from components.o(.rti_fn.0.end)
 <LI><a href="#[a7]">rti_end</a> from components.o(i.rti_end) referenced from components.o(.rti_fn.6.end)
 <LI><a href="#[97]">rti_start</a> from components.o(i.rti_start) referenced from components.o(.rti_fn.0)
 <LI><a href="#[b1]">saveenv</a> from ef_cmd.o(i.saveenv) referenced from ef_cmd.o(FSymTab)
 <LI><a href="#[56]">sector_statistics_cb</a> from ef_env.o(i.sector_statistics_cb) referenced from ef_env.o(i.alloc_env)
 <LI><a href="#[ae]">sf</a> from spi_flash_sfud.o(i.sf) referenced from spi_flash_sfud.o(FSymTab)
 <LI><a href="#[7d]">spi_lock</a> from spi_flash_sfud.o(i.spi_lock) referenced from spi_flash_sfud.o(i.sfud_spi_port_init)
 <LI><a href="#[7e]">spi_unlock</a> from spi_flash_sfud.o(i.spi_unlock) referenced from spi_flash_sfud.o(i.sfud_spi_port_init)
 <LI><a href="#[7c]">spi_write_read</a> from spi_flash_sfud.o(i.spi_write_read) referenced from spi_flash_sfud.o(i.sfud_spi_port_init)
 <LI><a href="#[80]">uart2_handler</a> from wzgprs_com_drv.o(i.uart2_handler) referenced from wzgprs_com_drv.o(i.wzgprs_port_init)
 <LI><a href="#[ba]">version</a> from cmd.o(i.version) referenced from cmd.o(FSymTab)
 <LI><a href="#[92]">write</a> from fal_flash_gd32f10x_port.o(i.write) referenced from fal_flash_gd32f10x_port.o(.constdata)
 <LI><a href="#[4]">write</a> from fal_flash_sfud_port.o(i.write) referenced 2 times from fal_flash_sfud_port.o(.data)
 <LI><a href="#[7]">wz_hw_read</a> from wzgprs_com_drv.o(i.wz_hw_read) referenced 2 times from wzgprs_com_drv.o(.data)
 <LI><a href="#[6]">wz_hw_write</a> from wzgprs_com_drv.o(i.wz_hw_write) referenced 2 times from wzgprs_com_drv.o(.data)
 <LI><a href="#[81]">wzgprs_serial_recive_data</a> from wzgprs_serial.o(i.wzgprs_serial_recive_data) referenced from wzgprs_serial.o(i.wzgprs_serial_recive_init)
 <LI><a href="#[83]">wzgprs_thread_entry</a> from wzgprs_task.o(i.wzgprs_thread_entry) referenced from wzgprs_task.o(i.wzgprs_thread_init)
 <LI><a href="#[a6]">wzgprs_thread_init</a> from wzgprs_task.o(i.wzgprs_thread_init) referenced from wzgprs_task.o(.rti_fn.6)
 <LI><a href="#[82]">wzgprs_time</a> from wzgprs_task.o(i.wzgprs_time) referenced from wzgprs_task.o(i.wzgprs_thread_entry)
 <LI><a href="#[84]">wztcu_thread_entry</a> from app_wanzhuang.o(i.wztcu_thread_entry) referenced from app_wanzhuang.o(i.wztcu_thread_init)
 <LI><a href="#[a3]">wztcu_thread_init</a> from app_wanzhuang.o(i.wztcu_thread_init) referenced from app_wanzhuang.o(.rti_fn.6)
 <LI><a href="#[1]">xfer</a> from drv_spi.o(i.xfer) referenced 2 times from drv_spi.o(.data)
</UL>
<P>
<H3>
Global Symbols
</H3>
<P><STRONG><a name="[50]"></a>__main</STRONG> (Thumb, 0 bytes, Stack size unknown bytes, entry.o(.ARM.Collect$$$$00000000))
<BR>[Address Reference Count : 1]<UL><LI> startup_gd32f10x_xd.o(.text)
</UL>
<P><STRONG><a name="[331]"></a>_main_stk</STRONG> (Thumb, 0 bytes, Stack size unknown bytes, entry2.o(.ARM.Collect$$$$00000001))

<P><STRONG><a name="[c5]"></a>_main_scatterload</STRONG> (Thumb, 0 bytes, Stack size unknown bytes, entry5.o(.ARM.Collect$$$$00000004))
<BR><BR>[Calls]<UL><LI><a href="#[c6]">&gt;&gt;</a>&nbsp;&nbsp;&nbsp;__scatterload
</UL>

<P><STRONG><a name="[da]"></a>__main_after_scatterload</STRONG> (Thumb, 0 bytes, Stack size unknown bytes, entry5.o(.ARM.Collect$$$$00000004))
<BR><BR>[Called By]<UL><LI><a href="#[c6]">&gt;&gt;</a>&nbsp;&nbsp;&nbsp;__scatterload
</UL>

<P><STRONG><a name="[332]"></a>_main_clock</STRONG> (Thumb, 0 bytes, Stack size unknown bytes, entry7b.o(.ARM.Collect$$$$00000008))

<P><STRONG><a name="[333]"></a>_main_cpp_init</STRONG> (Thumb, 0 bytes, Stack size unknown bytes, entry8b.o(.ARM.Collect$$$$0000000A))

<P><STRONG><a name="[334]"></a>_main_init</STRONG> (Thumb, 0 bytes, Stack size unknown bytes, entry9a.o(.ARM.Collect$$$$0000000B))

<P><STRONG><a name="[335]"></a>__rt_final_cpp</STRONG> (Thumb, 0 bytes, Stack size unknown bytes, entry10a.o(.ARM.Collect$$$$0000000D))

<P><STRONG><a name="[336]"></a>__rt_final_exit</STRONG> (Thumb, 0 bytes, Stack size unknown bytes, entry11a.o(.ARM.Collect$$$$0000000F))

<P><STRONG><a name="[129]"></a>rt_hw_interrupt_disable</STRONG> (Thumb, 8 bytes, Stack size 0 bytes, context_rvds.o(.text))
<BR><BR>[Called By]<UL><LI><a href="#[1d4]">&gt;&gt;</a>&nbsp;&nbsp;&nbsp;rt_thread_delete
<LI><a href="#[dd]">&gt;&gt;</a>&nbsp;&nbsp;&nbsp;rt_malloc
<LI><a href="#[e0]">&gt;&gt;</a>&nbsp;&nbsp;&nbsp;rt_free
<LI><a href="#[1a1]">&gt;&gt;</a>&nbsp;&nbsp;&nbsp;rt_timer_stop
<LI><a href="#[1a4]">&gt;&gt;</a>&nbsp;&nbsp;&nbsp;rt_exit_critical
<LI><a href="#[1a0]">&gt;&gt;</a>&nbsp;&nbsp;&nbsp;rt_enter_critical
<LI><a href="#[1a3]">&gt;&gt;</a>&nbsp;&nbsp;&nbsp;rt_timer_start
<LI><a href="#[2c2]">&gt;&gt;</a>&nbsp;&nbsp;&nbsp;rt_mutex_take
<LI><a href="#[2c3]">&gt;&gt;</a>&nbsp;&nbsp;&nbsp;rt_mutex_release
<LI><a href="#[bb]">&gt;&gt;</a>&nbsp;&nbsp;&nbsp;list_thread
<LI><a href="#[278]">&gt;&gt;</a>&nbsp;&nbsp;&nbsp;rt_mq_recv
<LI><a href="#[276]">&gt;&gt;</a>&nbsp;&nbsp;&nbsp;rt_mq_delete
<LI><a href="#[275]">&gt;&gt;</a>&nbsp;&nbsp;&nbsp;rt_mq_create
<LI><a href="#[2a0]">&gt;&gt;</a>&nbsp;&nbsp;&nbsp;rt_timer_control
<LI><a href="#[12d]">&gt;&gt;</a>&nbsp;&nbsp;&nbsp;rt_thread_suspend
<LI><a href="#[127]">&gt;&gt;</a>&nbsp;&nbsp;&nbsp;rt_thread_resume
<LI><a href="#[15a]">&gt;&gt;</a>&nbsp;&nbsp;&nbsp;rt_schedule
<LI><a href="#[29f]">&gt;&gt;</a>&nbsp;&nbsp;&nbsp;rt_interrupt_get_nest
<LI><a href="#[14b]">&gt;&gt;</a>&nbsp;&nbsp;&nbsp;rt_data_queue_push
<LI><a href="#[2a8]">&gt;&gt;</a>&nbsp;&nbsp;&nbsp;rt_data_queue_pop
<LI><a href="#[2a7]">&gt;&gt;</a>&nbsp;&nbsp;&nbsp;rt_data_queue_peek
<LI><a href="#[2a2]">&gt;&gt;</a>&nbsp;&nbsp;&nbsp;rt_data_queue_deinit
<LI><a href="#[14f]">&gt;&gt;</a>&nbsp;&nbsp;&nbsp;rt_completion_wait
<LI><a href="#[29e]">&gt;&gt;</a>&nbsp;&nbsp;&nbsp;rt_completion_init
<LI><a href="#[29c]">&gt;&gt;</a>&nbsp;&nbsp;&nbsp;rt_completion_done
<LI><a href="#[2be]">&gt;&gt;</a>&nbsp;&nbsp;&nbsp;rt_hw_serial_isr
<LI><a href="#[14d]">&gt;&gt;</a>&nbsp;&nbsp;&nbsp;_serial_int_rx
<LI><a href="#[14a]">&gt;&gt;</a>&nbsp;&nbsp;&nbsp;_serial_dma_tx
<LI><a href="#[145]">&gt;&gt;</a>&nbsp;&nbsp;&nbsp;_serial_dma_rx
<LI><a href="#[111]">&gt;&gt;</a>&nbsp;&nbsp;&nbsp;rt_interrupt_leave
<LI><a href="#[10f]">&gt;&gt;</a>&nbsp;&nbsp;&nbsp;rt_interrupt_enter
<LI><a href="#[8a]">&gt;&gt;</a>&nbsp;&nbsp;&nbsp;_pin_irq_enable
<LI><a href="#[89]">&gt;&gt;</a>&nbsp;&nbsp;&nbsp;_pin_detach_irq
<LI><a href="#[88]">&gt;&gt;</a>&nbsp;&nbsp;&nbsp;_pin_attach_irq
<LI><a href="#[156]">&gt;&gt;</a>&nbsp;&nbsp;&nbsp;rt_timer_detach
<LI><a href="#[206]">&gt;&gt;</a>&nbsp;&nbsp;&nbsp;rt_sem_take
<LI><a href="#[207]">&gt;&gt;</a>&nbsp;&nbsp;&nbsp;rt_sem_release
<LI><a href="#[2a3]">&gt;&gt;</a>&nbsp;&nbsp;&nbsp;rt_data_queue_reset
<LI><a href="#[2a6]">&gt;&gt;</a>&nbsp;&nbsp;&nbsp;rt_data_queue_len
<LI><a href="#[11b]">&gt;&gt;</a>&nbsp;&nbsp;&nbsp;rt_tick_increase
<LI><a href="#[2b8]">&gt;&gt;</a>&nbsp;&nbsp;&nbsp;rt_system_heap_init
<LI><a href="#[2b2]">&gt;&gt;</a>&nbsp;&nbsp;&nbsp;rt_object_init
<LI><a href="#[2af]">&gt;&gt;</a>&nbsp;&nbsp;&nbsp;rt_object_find
<LI><a href="#[2c6]">&gt;&gt;</a>&nbsp;&nbsp;&nbsp;rt_object_allocate
<LI><a href="#[158]">&gt;&gt;</a>&nbsp;&nbsp;&nbsp;rt_object_detach
<LI><a href="#[2ad]">&gt;&gt;</a>&nbsp;&nbsp;&nbsp;rt_object_delete
<LI><a href="#[2ab]">&gt;&gt;</a>&nbsp;&nbsp;&nbsp;rt_defunct_execute
<LI><a href="#[2ec]">&gt;&gt;</a>&nbsp;&nbsp;&nbsp;rt_timer_check
<LI><a href="#[c2]">&gt;&gt;</a>&nbsp;&nbsp;&nbsp;list_timer
<LI><a href="#[bc]">&gt;&gt;</a>&nbsp;&nbsp;&nbsp;list_sem
<LI><a href="#[be]">&gt;&gt;</a>&nbsp;&nbsp;&nbsp;list_mutex
<LI><a href="#[c0]">&gt;&gt;</a>&nbsp;&nbsp;&nbsp;list_msgqueue
<LI><a href="#[c1]">&gt;&gt;</a>&nbsp;&nbsp;&nbsp;list_mempool
<LI><a href="#[bf]">&gt;&gt;</a>&nbsp;&nbsp;&nbsp;list_mailbox
<LI><a href="#[bd]">&gt;&gt;</a>&nbsp;&nbsp;&nbsp;list_event
<LI><a href="#[c3]">&gt;&gt;</a>&nbsp;&nbsp;&nbsp;list_device
<LI><a href="#[269]">&gt;&gt;</a>&nbsp;&nbsp;&nbsp;list_get_next
<LI><a href="#[141]">&gt;&gt;</a>&nbsp;&nbsp;&nbsp;_rt_scheduler_stack_check
<LI><a href="#[2c7]">&gt;&gt;</a>&nbsp;&nbsp;&nbsp;rt_mq_send_wait
<LI><a href="#[128]">&gt;&gt;</a>&nbsp;&nbsp;&nbsp;_ipc_list_resume_all
<LI><a href="#[155]">&gt;&gt;</a>&nbsp;&nbsp;&nbsp;rt_schedule_remove_thread
<LI><a href="#[2d6]">&gt;&gt;</a>&nbsp;&nbsp;&nbsp;rt_schedule_insert_thread
<LI><a href="#[55]">&gt;&gt;</a>&nbsp;&nbsp;&nbsp;rt_thread_timeout
<LI><a href="#[2e7]">&gt;&gt;</a>&nbsp;&nbsp;&nbsp;rt_thread_sleep
<LI><a href="#[2e6]">&gt;&gt;</a>&nbsp;&nbsp;&nbsp;rt_thread_detach
<LI><a href="#[2c9]">&gt;&gt;</a>&nbsp;&nbsp;&nbsp;rt_thread_control
<LI><a href="#[54]">&gt;&gt;</a>&nbsp;&nbsp;&nbsp;_thread_exit
<LI><a href="#[153]">&gt;&gt;</a>&nbsp;&nbsp;&nbsp;_thread_cleanup_execute
<LI><a href="#[db]">&gt;&gt;</a>&nbsp;&nbsp;&nbsp;rtthread_startup
</UL>

<P><STRONG><a name="[12a]"></a>rt_hw_interrupt_enable</STRONG> (Thumb, 6 bytes, Stack size 0 bytes, context_rvds.o(.text))
<BR><BR>[Called By]<UL><LI><a href="#[1d4]">&gt;&gt;</a>&nbsp;&nbsp;&nbsp;rt_thread_delete
<LI><a href="#[dd]">&gt;&gt;</a>&nbsp;&nbsp;&nbsp;rt_malloc
<LI><a href="#[e0]">&gt;&gt;</a>&nbsp;&nbsp;&nbsp;rt_free
<LI><a href="#[1a1]">&gt;&gt;</a>&nbsp;&nbsp;&nbsp;rt_timer_stop
<LI><a href="#[1a4]">&gt;&gt;</a>&nbsp;&nbsp;&nbsp;rt_exit_critical
<LI><a href="#[1a0]">&gt;&gt;</a>&nbsp;&nbsp;&nbsp;rt_enter_critical
<LI><a href="#[1a3]">&gt;&gt;</a>&nbsp;&nbsp;&nbsp;rt_timer_start
<LI><a href="#[2c2]">&gt;&gt;</a>&nbsp;&nbsp;&nbsp;rt_mutex_take
<LI><a href="#[2c3]">&gt;&gt;</a>&nbsp;&nbsp;&nbsp;rt_mutex_release
<LI><a href="#[bb]">&gt;&gt;</a>&nbsp;&nbsp;&nbsp;list_thread
<LI><a href="#[278]">&gt;&gt;</a>&nbsp;&nbsp;&nbsp;rt_mq_recv
<LI><a href="#[276]">&gt;&gt;</a>&nbsp;&nbsp;&nbsp;rt_mq_delete
<LI><a href="#[275]">&gt;&gt;</a>&nbsp;&nbsp;&nbsp;rt_mq_create
<LI><a href="#[2a0]">&gt;&gt;</a>&nbsp;&nbsp;&nbsp;rt_timer_control
<LI><a href="#[12d]">&gt;&gt;</a>&nbsp;&nbsp;&nbsp;rt_thread_suspend
<LI><a href="#[127]">&gt;&gt;</a>&nbsp;&nbsp;&nbsp;rt_thread_resume
<LI><a href="#[15a]">&gt;&gt;</a>&nbsp;&nbsp;&nbsp;rt_schedule
<LI><a href="#[29f]">&gt;&gt;</a>&nbsp;&nbsp;&nbsp;rt_interrupt_get_nest
<LI><a href="#[14b]">&gt;&gt;</a>&nbsp;&nbsp;&nbsp;rt_data_queue_push
<LI><a href="#[2a8]">&gt;&gt;</a>&nbsp;&nbsp;&nbsp;rt_data_queue_pop
<LI><a href="#[2a7]">&gt;&gt;</a>&nbsp;&nbsp;&nbsp;rt_data_queue_peek
<LI><a href="#[2a2]">&gt;&gt;</a>&nbsp;&nbsp;&nbsp;rt_data_queue_deinit
<LI><a href="#[14f]">&gt;&gt;</a>&nbsp;&nbsp;&nbsp;rt_completion_wait
<LI><a href="#[29e]">&gt;&gt;</a>&nbsp;&nbsp;&nbsp;rt_completion_init
<LI><a href="#[29c]">&gt;&gt;</a>&nbsp;&nbsp;&nbsp;rt_completion_done
<LI><a href="#[2be]">&gt;&gt;</a>&nbsp;&nbsp;&nbsp;rt_hw_serial_isr
<LI><a href="#[14d]">&gt;&gt;</a>&nbsp;&nbsp;&nbsp;_serial_int_rx
<LI><a href="#[14a]">&gt;&gt;</a>&nbsp;&nbsp;&nbsp;_serial_dma_tx
<LI><a href="#[145]">&gt;&gt;</a>&nbsp;&nbsp;&nbsp;_serial_dma_rx
<LI><a href="#[111]">&gt;&gt;</a>&nbsp;&nbsp;&nbsp;rt_interrupt_leave
<LI><a href="#[10f]">&gt;&gt;</a>&nbsp;&nbsp;&nbsp;rt_interrupt_enter
<LI><a href="#[8a]">&gt;&gt;</a>&nbsp;&nbsp;&nbsp;_pin_irq_enable
<LI><a href="#[89]">&gt;&gt;</a>&nbsp;&nbsp;&nbsp;_pin_detach_irq
<LI><a href="#[88]">&gt;&gt;</a>&nbsp;&nbsp;&nbsp;_pin_attach_irq
<LI><a href="#[156]">&gt;&gt;</a>&nbsp;&nbsp;&nbsp;rt_timer_detach
<LI><a href="#[206]">&gt;&gt;</a>&nbsp;&nbsp;&nbsp;rt_sem_take
<LI><a href="#[207]">&gt;&gt;</a>&nbsp;&nbsp;&nbsp;rt_sem_release
<LI><a href="#[2a3]">&gt;&gt;</a>&nbsp;&nbsp;&nbsp;rt_data_queue_reset
<LI><a href="#[2a6]">&gt;&gt;</a>&nbsp;&nbsp;&nbsp;rt_data_queue_len
<LI><a href="#[11b]">&gt;&gt;</a>&nbsp;&nbsp;&nbsp;rt_tick_increase
<LI><a href="#[2b8]">&gt;&gt;</a>&nbsp;&nbsp;&nbsp;rt_system_heap_init
<LI><a href="#[2b2]">&gt;&gt;</a>&nbsp;&nbsp;&nbsp;rt_object_init
<LI><a href="#[2af]">&gt;&gt;</a>&nbsp;&nbsp;&nbsp;rt_object_find
<LI><a href="#[2c6]">&gt;&gt;</a>&nbsp;&nbsp;&nbsp;rt_object_allocate
<LI><a href="#[158]">&gt;&gt;</a>&nbsp;&nbsp;&nbsp;rt_object_detach
<LI><a href="#[2ad]">&gt;&gt;</a>&nbsp;&nbsp;&nbsp;rt_object_delete
<LI><a href="#[2ab]">&gt;&gt;</a>&nbsp;&nbsp;&nbsp;rt_defunct_execute
<LI><a href="#[2ec]">&gt;&gt;</a>&nbsp;&nbsp;&nbsp;rt_timer_check
<LI><a href="#[c2]">&gt;&gt;</a>&nbsp;&nbsp;&nbsp;list_timer
<LI><a href="#[bc]">&gt;&gt;</a>&nbsp;&nbsp;&nbsp;list_sem
<LI><a href="#[be]">&gt;&gt;</a>&nbsp;&nbsp;&nbsp;list_mutex
<LI><a href="#[c0]">&gt;&gt;</a>&nbsp;&nbsp;&nbsp;list_msgqueue
<LI><a href="#[c1]">&gt;&gt;</a>&nbsp;&nbsp;&nbsp;list_mempool
<LI><a href="#[bf]">&gt;&gt;</a>&nbsp;&nbsp;&nbsp;list_mailbox
<LI><a href="#[bd]">&gt;&gt;</a>&nbsp;&nbsp;&nbsp;list_event
<LI><a href="#[c3]">&gt;&gt;</a>&nbsp;&nbsp;&nbsp;list_device
<LI><a href="#[269]">&gt;&gt;</a>&nbsp;&nbsp;&nbsp;list_get_next
<LI><a href="#[2c7]">&gt;&gt;</a>&nbsp;&nbsp;&nbsp;rt_mq_send_wait
<LI><a href="#[128]">&gt;&gt;</a>&nbsp;&nbsp;&nbsp;_ipc_list_resume_all
<LI><a href="#[155]">&gt;&gt;</a>&nbsp;&nbsp;&nbsp;rt_schedule_remove_thread
<LI><a href="#[2d6]">&gt;&gt;</a>&nbsp;&nbsp;&nbsp;rt_schedule_insert_thread
<LI><a href="#[55]">&gt;&gt;</a>&nbsp;&nbsp;&nbsp;rt_thread_timeout
<LI><a href="#[2e7]">&gt;&gt;</a>&nbsp;&nbsp;&nbsp;rt_thread_sleep
<LI><a href="#[2e6]">&gt;&gt;</a>&nbsp;&nbsp;&nbsp;rt_thread_detach
<LI><a href="#[2c9]">&gt;&gt;</a>&nbsp;&nbsp;&nbsp;rt_thread_control
<LI><a href="#[54]">&gt;&gt;</a>&nbsp;&nbsp;&nbsp;_thread_exit
<LI><a href="#[153]">&gt;&gt;</a>&nbsp;&nbsp;&nbsp;_thread_cleanup_execute
</UL>

<P><STRONG><a name="[2d7]"></a>rt_hw_context_switch</STRONG> (Thumb, 32 bytes, Stack size 0 bytes, context_rvds.o(.text))
<BR><BR>[Called By]<UL><LI><a href="#[15a]">&gt;&gt;</a>&nbsp;&nbsp;&nbsp;rt_schedule
</UL>

<P><STRONG><a name="[2d8]"></a>rt_hw_context_switch_interrupt</STRONG> (Thumb, 0 bytes, Stack size 0 bytes, context_rvds.o(.text))
<BR><BR>[Called By]<UL><LI><a href="#[15a]">&gt;&gt;</a>&nbsp;&nbsp;&nbsp;rt_schedule
</UL>

<P><STRONG><a name="[10]"></a>PendSV_Handler</STRONG> (Thumb, 60 bytes, Stack size 0 bytes, context_rvds.o(.text))
<BR>[Address Reference Count : 1]<UL><LI> startup_gd32f10x_xd.o(RESET)
</UL>
<P><STRONG><a name="[2e4]"></a>rt_hw_context_switch_to</STRONG> (Thumb, 56 bytes, Stack size 0 bytes, context_rvds.o(.text))
<BR><BR>[Called By]<UL><LI><a href="#[2e3]">&gt;&gt;</a>&nbsp;&nbsp;&nbsp;rt_system_scheduler_start
</UL>

<P><STRONG><a name="[337]"></a>rt_hw_interrupt_thread_switch</STRONG> (Thumb, 2 bytes, Stack size 0 bytes, context_rvds.o(.text), UNUSED)

<P><STRONG><a name="[a]"></a>HardFault_Handler</STRONG> (Thumb, 52 bytes, Stack size 0 bytes, context_rvds.o(.text))
<BR><BR>[Stack]<UL><LI>Max Depth = 436<LI>Call Chain = HardFault_Handler &rArr; rt_hw_hard_fault_exception &rArr; list_thread &rArr; object_split &rArr; rt_kprintf &rArr; rt_vsnprintf &rArr; print_number
</UL>
<BR>[Calls]<UL><LI><a href="#[c7]">&gt;&gt;</a>&nbsp;&nbsp;&nbsp;rt_hw_hard_fault_exception
</UL>
<BR>[Address Reference Count : 1]<UL><LI> startup_gd32f10x_xd.o(RESET)
</UL>
<P><STRONG><a name="[8]"></a>Reset_Handler</STRONG> (Thumb, 8 bytes, Stack size 0 bytes, startup_gd32f10x_xd.o(.text))
<BR>[Address Reference Count : 1]<UL><LI> startup_gd32f10x_xd.o(RESET)
</UL>
<P><STRONG><a name="[24]"></a>ADC0_1_IRQHandler</STRONG> (Thumb, 0 bytes, Stack size 0 bytes, startup_gd32f10x_xd.o(.text))
<BR><BR>[Calls]<UL><LI><a href="#[24]">&gt;&gt;</a>&nbsp;&nbsp;&nbsp;ADC0_1_IRQHandler
</UL>
<BR>[Called By]<UL><LI><a href="#[24]">&gt;&gt;</a>&nbsp;&nbsp;&nbsp;ADC0_1_IRQHandler
</UL>
<BR>[Address Reference Count : 1]<UL><LI> startup_gd32f10x_xd.o(RESET)
</UL>
<P><STRONG><a name="[41]"></a>ADC2_IRQHandler</STRONG> (Thumb, 0 bytes, Stack size 0 bytes, startup_gd32f10x_xd.o(.text))
<BR>[Address Reference Count : 1]<UL><LI> startup_gd32f10x_xd.o(RESET)
</UL>
<P><STRONG><a name="[28]"></a>CAN0_EWMC_IRQHandler</STRONG> (Thumb, 0 bytes, Stack size 0 bytes, startup_gd32f10x_xd.o(.text))
<BR>[Address Reference Count : 1]<UL><LI> startup_gd32f10x_xd.o(RESET)
</UL>
<P><STRONG><a name="[27]"></a>CAN0_RX1_IRQHandler</STRONG> (Thumb, 0 bytes, Stack size 0 bytes, startup_gd32f10x_xd.o(.text))
<BR>[Address Reference Count : 1]<UL><LI> startup_gd32f10x_xd.o(RESET)
</UL>
<P><STRONG><a name="[1d]"></a>DMA0_Channel0_IRQHandler</STRONG> (Thumb, 0 bytes, Stack size 0 bytes, startup_gd32f10x_xd.o(.text))
<BR>[Address Reference Count : 1]<UL><LI> startup_gd32f10x_xd.o(RESET)
</UL>
<P><STRONG><a name="[1e]"></a>DMA0_Channel1_IRQHandler</STRONG> (Thumb, 0 bytes, Stack size 0 bytes, startup_gd32f10x_xd.o(.text))
<BR>[Address Reference Count : 1]<UL><LI> startup_gd32f10x_xd.o(RESET)
</UL>
<P><STRONG><a name="[1f]"></a>DMA0_Channel2_IRQHandler</STRONG> (Thumb, 0 bytes, Stack size 0 bytes, startup_gd32f10x_xd.o(.text))
<BR>[Address Reference Count : 1]<UL><LI> startup_gd32f10x_xd.o(RESET)
</UL>
<P><STRONG><a name="[20]"></a>DMA0_Channel3_IRQHandler</STRONG> (Thumb, 0 bytes, Stack size 0 bytes, startup_gd32f10x_xd.o(.text))
<BR>[Address Reference Count : 1]<UL><LI> startup_gd32f10x_xd.o(RESET)
</UL>
<P><STRONG><a name="[21]"></a>DMA0_Channel4_IRQHandler</STRONG> (Thumb, 0 bytes, Stack size 0 bytes, startup_gd32f10x_xd.o(.text))
<BR>[Address Reference Count : 1]<UL><LI> startup_gd32f10x_xd.o(RESET)
</UL>
<P><STRONG><a name="[22]"></a>DMA0_Channel5_IRQHandler</STRONG> (Thumb, 0 bytes, Stack size 0 bytes, startup_gd32f10x_xd.o(.text))
<BR>[Address Reference Count : 1]<UL><LI> startup_gd32f10x_xd.o(RESET)
</UL>
<P><STRONG><a name="[23]"></a>DMA0_Channel6_IRQHandler</STRONG> (Thumb, 0 bytes, Stack size 0 bytes, startup_gd32f10x_xd.o(.text))
<BR>[Address Reference Count : 1]<UL><LI> startup_gd32f10x_xd.o(RESET)
</UL>
<P><STRONG><a name="[4a]"></a>DMA1_Channel0_IRQHandler</STRONG> (Thumb, 0 bytes, Stack size 0 bytes, startup_gd32f10x_xd.o(.text))
<BR>[Address Reference Count : 1]<UL><LI> startup_gd32f10x_xd.o(RESET)
</UL>
<P><STRONG><a name="[4b]"></a>DMA1_Channel1_IRQHandler</STRONG> (Thumb, 0 bytes, Stack size 0 bytes, startup_gd32f10x_xd.o(.text))
<BR>[Address Reference Count : 1]<UL><LI> startup_gd32f10x_xd.o(RESET)
</UL>
<P><STRONG><a name="[4c]"></a>DMA1_Channel2_IRQHandler</STRONG> (Thumb, 0 bytes, Stack size 0 bytes, startup_gd32f10x_xd.o(.text))
<BR>[Address Reference Count : 1]<UL><LI> startup_gd32f10x_xd.o(RESET)
</UL>
<P><STRONG><a name="[4d]"></a>DMA1_Channel3_4_IRQHandler</STRONG> (Thumb, 0 bytes, Stack size 0 bytes, startup_gd32f10x_xd.o(.text))
<BR>[Address Reference Count : 1]<UL><LI> startup_gd32f10x_xd.o(RESET)
</UL>
<P><STRONG><a name="[42]"></a>EXMC_IRQHandler</STRONG> (Thumb, 0 bytes, Stack size 0 bytes, startup_gd32f10x_xd.o(.text))
<BR>[Address Reference Count : 1]<UL><LI> startup_gd32f10x_xd.o(RESET)
</UL>
<P><STRONG><a name="[16]"></a>FMC_IRQHandler</STRONG> (Thumb, 0 bytes, Stack size 0 bytes, startup_gd32f10x_xd.o(.text))
<BR>[Address Reference Count : 1]<UL><LI> startup_gd32f10x_xd.o(RESET)
</UL>
<P><STRONG><a name="[32]"></a>I2C0_ER_IRQHandler</STRONG> (Thumb, 0 bytes, Stack size 0 bytes, startup_gd32f10x_xd.o(.text))
<BR>[Address Reference Count : 1]<UL><LI> startup_gd32f10x_xd.o(RESET)
</UL>
<P><STRONG><a name="[31]"></a>I2C0_EV_IRQHandler</STRONG> (Thumb, 0 bytes, Stack size 0 bytes, startup_gd32f10x_xd.o(.text))
<BR>[Address Reference Count : 1]<UL><LI> startup_gd32f10x_xd.o(RESET)
</UL>
<P><STRONG><a name="[34]"></a>I2C1_ER_IRQHandler</STRONG> (Thumb, 0 bytes, Stack size 0 bytes, startup_gd32f10x_xd.o(.text))
<BR>[Address Reference Count : 1]<UL><LI> startup_gd32f10x_xd.o(RESET)
</UL>
<P><STRONG><a name="[33]"></a>I2C1_EV_IRQHandler</STRONG> (Thumb, 0 bytes, Stack size 0 bytes, startup_gd32f10x_xd.o(.text))
<BR>[Address Reference Count : 1]<UL><LI> startup_gd32f10x_xd.o(RESET)
</UL>
<P><STRONG><a name="[13]"></a>LVD_IRQHandler</STRONG> (Thumb, 0 bytes, Stack size 0 bytes, startup_gd32f10x_xd.o(.text))
<BR>[Address Reference Count : 1]<UL><LI> startup_gd32f10x_xd.o(RESET)
</UL>
<P><STRONG><a name="[17]"></a>RCU_IRQHandler</STRONG> (Thumb, 0 bytes, Stack size 0 bytes, startup_gd32f10x_xd.o(.text))
<BR>[Address Reference Count : 1]<UL><LI> startup_gd32f10x_xd.o(RESET)
</UL>
<P><STRONG><a name="[3b]"></a>RTC_Alarm_IRQHandler</STRONG> (Thumb, 0 bytes, Stack size 0 bytes, startup_gd32f10x_xd.o(.text))
<BR>[Address Reference Count : 1]<UL><LI> startup_gd32f10x_xd.o(RESET)
</UL>
<P><STRONG><a name="[43]"></a>SDIO_IRQHandler</STRONG> (Thumb, 0 bytes, Stack size 0 bytes, startup_gd32f10x_xd.o(.text))
<BR>[Address Reference Count : 1]<UL><LI> startup_gd32f10x_xd.o(RESET)
</UL>
<P><STRONG><a name="[35]"></a>SPI0_IRQHandler</STRONG> (Thumb, 0 bytes, Stack size 0 bytes, startup_gd32f10x_xd.o(.text))
<BR>[Address Reference Count : 1]<UL><LI> startup_gd32f10x_xd.o(RESET)
</UL>
<P><STRONG><a name="[36]"></a>SPI1_IRQHandler</STRONG> (Thumb, 0 bytes, Stack size 0 bytes, startup_gd32f10x_xd.o(.text))
<BR>[Address Reference Count : 1]<UL><LI> startup_gd32f10x_xd.o(RESET)
</UL>
<P><STRONG><a name="[45]"></a>SPI2_IRQHandler</STRONG> (Thumb, 0 bytes, Stack size 0 bytes, startup_gd32f10x_xd.o(.text))
<BR>[Address Reference Count : 1]<UL><LI> startup_gd32f10x_xd.o(RESET)
</UL>
<P><STRONG><a name="[14]"></a>TAMPER_IRQHandler</STRONG> (Thumb, 0 bytes, Stack size 0 bytes, startup_gd32f10x_xd.o(.text))
<BR>[Address Reference Count : 1]<UL><LI> startup_gd32f10x_xd.o(RESET)
</UL>
<P><STRONG><a name="[2a]"></a>TIMER0_BRK_TIMER8_IRQHandler</STRONG> (Thumb, 0 bytes, Stack size 0 bytes, startup_gd32f10x_xd.o(.text))
<BR>[Address Reference Count : 1]<UL><LI> startup_gd32f10x_xd.o(RESET)
</UL>
<P><STRONG><a name="[2d]"></a>TIMER0_Channel_IRQHandler</STRONG> (Thumb, 0 bytes, Stack size 0 bytes, startup_gd32f10x_xd.o(.text))
<BR>[Address Reference Count : 1]<UL><LI> startup_gd32f10x_xd.o(RESET)
</UL>
<P><STRONG><a name="[2c]"></a>TIMER0_TRG_CMT_TIMER10_IRQHandler</STRONG> (Thumb, 0 bytes, Stack size 0 bytes, startup_gd32f10x_xd.o(.text))
<BR>[Address Reference Count : 1]<UL><LI> startup_gd32f10x_xd.o(RESET)
</UL>
<P><STRONG><a name="[2b]"></a>TIMER0_UP_TIMER9_IRQHandler</STRONG> (Thumb, 0 bytes, Stack size 0 bytes, startup_gd32f10x_xd.o(.text))
<BR>[Address Reference Count : 1]<UL><LI> startup_gd32f10x_xd.o(RESET)
</UL>
<P><STRONG><a name="[2e]"></a>TIMER1_IRQHandler</STRONG> (Thumb, 0 bytes, Stack size 0 bytes, startup_gd32f10x_xd.o(.text))
<BR>[Address Reference Count : 1]<UL><LI> startup_gd32f10x_xd.o(RESET)
</UL>
<P><STRONG><a name="[2f]"></a>TIMER2_IRQHandler</STRONG> (Thumb, 0 bytes, Stack size 0 bytes, startup_gd32f10x_xd.o(.text))
<BR>[Address Reference Count : 1]<UL><LI> startup_gd32f10x_xd.o(RESET)
</UL>
<P><STRONG><a name="[30]"></a>TIMER3_IRQHandler</STRONG> (Thumb, 0 bytes, Stack size 0 bytes, startup_gd32f10x_xd.o(.text))
<BR>[Address Reference Count : 1]<UL><LI> startup_gd32f10x_xd.o(RESET)
</UL>
<P><STRONG><a name="[44]"></a>TIMER4_IRQHandler</STRONG> (Thumb, 0 bytes, Stack size 0 bytes, startup_gd32f10x_xd.o(.text))
<BR>[Address Reference Count : 1]<UL><LI> startup_gd32f10x_xd.o(RESET)
</UL>
<P><STRONG><a name="[48]"></a>TIMER5_IRQHandler</STRONG> (Thumb, 0 bytes, Stack size 0 bytes, startup_gd32f10x_xd.o(.text))
<BR>[Address Reference Count : 1]<UL><LI> startup_gd32f10x_xd.o(RESET)
</UL>
<P><STRONG><a name="[49]"></a>TIMER6_IRQHandler</STRONG> (Thumb, 0 bytes, Stack size 0 bytes, startup_gd32f10x_xd.o(.text))
<BR>[Address Reference Count : 1]<UL><LI> startup_gd32f10x_xd.o(RESET)
</UL>
<P><STRONG><a name="[3d]"></a>TIMER7_BRK_TIMER11_IRQHandler</STRONG> (Thumb, 0 bytes, Stack size 0 bytes, startup_gd32f10x_xd.o(.text))
<BR>[Address Reference Count : 1]<UL><LI> startup_gd32f10x_xd.o(RESET)
</UL>
<P><STRONG><a name="[40]"></a>TIMER7_Channel_IRQHandler</STRONG> (Thumb, 0 bytes, Stack size 0 bytes, startup_gd32f10x_xd.o(.text))
<BR>[Address Reference Count : 1]<UL><LI> startup_gd32f10x_xd.o(RESET)
</UL>
<P><STRONG><a name="[3f]"></a>TIMER7_TRG_CMT_TIMER13_IRQHandler</STRONG> (Thumb, 0 bytes, Stack size 0 bytes, startup_gd32f10x_xd.o(.text))
<BR>[Address Reference Count : 1]<UL><LI> startup_gd32f10x_xd.o(RESET)
</UL>
<P><STRONG><a name="[3e]"></a>TIMER7_UP_TIMER12_IRQHandler</STRONG> (Thumb, 0 bytes, Stack size 0 bytes, startup_gd32f10x_xd.o(.text))
<BR>[Address Reference Count : 1]<UL><LI> startup_gd32f10x_xd.o(RESET)
</UL>
<P><STRONG><a name="[25]"></a>USBD_HP_CAN0_TX_IRQHandler</STRONG> (Thumb, 0 bytes, Stack size 0 bytes, startup_gd32f10x_xd.o(.text))
<BR>[Address Reference Count : 1]<UL><LI> startup_gd32f10x_xd.o(RESET)
</UL>
<P><STRONG><a name="[26]"></a>USBD_LP_CAN0_RX0_IRQHandler</STRONG> (Thumb, 0 bytes, Stack size 0 bytes, startup_gd32f10x_xd.o(.text))
<BR>[Address Reference Count : 1]<UL><LI> startup_gd32f10x_xd.o(RESET)
</UL>
<P><STRONG><a name="[3c]"></a>USBD_WKUP_IRQHandler</STRONG> (Thumb, 0 bytes, Stack size 0 bytes, startup_gd32f10x_xd.o(.text))
<BR>[Address Reference Count : 1]<UL><LI> startup_gd32f10x_xd.o(RESET)
</UL>
<P><STRONG><a name="[12]"></a>WWDGT_IRQHandler</STRONG> (Thumb, 0 bytes, Stack size 0 bytes, startup_gd32f10x_xd.o(.text))
<BR>[Address Reference Count : 1]<UL><LI> startup_gd32f10x_xd.o(RESET)
</UL>
<P><STRONG><a name="[c8]"></a>__aeabi_uldivmod</STRONG> (Thumb, 98 bytes, Stack size 40 bytes, uldiv.o(.text))
<BR><BR>[Stack]<UL><LI>Max Depth = 40<LI>Call Chain = __aeabi_uldivmod
</UL>
<BR>[Calls]<UL><LI><a href="#[c9]">&gt;&gt;</a>&nbsp;&nbsp;&nbsp;__aeabi_llsr
<LI><a href="#[ca]">&gt;&gt;</a>&nbsp;&nbsp;&nbsp;__aeabi_llsl
</UL>
<BR>[Called By]<UL><LI><a href="#[1aa]">&gt;&gt;</a>&nbsp;&nbsp;&nbsp;rn8209d_get_current
<LI><a href="#[1ac]">&gt;&gt;</a>&nbsp;&nbsp;&nbsp;rn8209d_get_TotalE
<LI><a href="#[121]">&gt;&gt;</a>&nbsp;&nbsp;&nbsp;_printf_core
</UL>

<P><STRONG><a name="[115]"></a>toupper</STRONG> (Thumb, 12 bytes, Stack size 0 bytes, toupper.o(.text))
<BR><BR>[Called By]<UL><LI><a href="#[114]">&gt;&gt;</a>&nbsp;&nbsp;&nbsp;LIB_Asc2Bcd
</UL>

<P><STRONG><a name="[df]"></a>__aeabi_memcpy</STRONG> (Thumb, 36 bytes, Stack size 0 bytes, memcpya.o(.text))
<BR><BR>[Called By]<UL><LI><a href="#[1d6]">&gt;&gt;</a>&nbsp;&nbsp;&nbsp;mq_service_recv_msg
<LI><a href="#[fe]">&gt;&gt;</a>&nbsp;&nbsp;&nbsp;APP_InfoDecode
<LI><a href="#[102]">&gt;&gt;</a>&nbsp;&nbsp;&nbsp;App_CsFeeRequestAck
<LI><a href="#[10a]">&gt;&gt;</a>&nbsp;&nbsp;&nbsp;App_CpChargingData
<LI><a href="#[e1]">&gt;&gt;</a>&nbsp;&nbsp;&nbsp;APP_FramePkt
<LI><a href="#[f7]">&gt;&gt;</a>&nbsp;&nbsp;&nbsp;APP_CsStartChargeAuthAck
<LI><a href="#[f4]">&gt;&gt;</a>&nbsp;&nbsp;&nbsp;APP_CsRemoteStart
<LI><a href="#[ea]">&gt;&gt;</a>&nbsp;&nbsp;&nbsp;APP_CpRequestAndOutput
<LI><a href="#[e8]">&gt;&gt;</a>&nbsp;&nbsp;&nbsp;APP_CpRemoteStartAck
<LI><a href="#[e2]">&gt;&gt;</a>&nbsp;&nbsp;&nbsp;APP_CpChargeRecord
<LI><a href="#[dc]">&gt;&gt;</a>&nbsp;&nbsp;&nbsp;APP_CpBmsInfo
<LI><a href="#[277]">&gt;&gt;</a>&nbsp;&nbsp;&nbsp;mq_service_send_msg
<LI><a href="#[295]">&gt;&gt;</a>&nbsp;&nbsp;&nbsp;rn8209d_write_reg_nocheck
<LI><a href="#[172]">&gt;&gt;</a>&nbsp;&nbsp;&nbsp;page256_or_1_byte_write
<LI><a href="#[18a]">&gt;&gt;</a>&nbsp;&nbsp;&nbsp;align_write
<LI><a href="#[60]">&gt;&gt;</a>&nbsp;&nbsp;&nbsp;finsh_thread_entry
<LI><a href="#[235]">&gt;&gt;</a>&nbsp;&nbsp;&nbsp;shell_push_history
<LI><a href="#[313]">&gt;&gt;</a>&nbsp;&nbsp;&nbsp;wzgprs_device_start_file_down
<LI><a href="#[312]">&gt;&gt;</a>&nbsp;&nbsp;&nbsp;wzgprs_device_set_remote
<LI><a href="#[30e]">&gt;&gt;</a>&nbsp;&nbsp;&nbsp;wzgprs_device_data_send
<LI><a href="#[319]">&gt;&gt;</a>&nbsp;&nbsp;&nbsp;wzgprs_inter_msg_rx_imsi
<LI><a href="#[318]">&gt;&gt;</a>&nbsp;&nbsp;&nbsp;wzgprs_inter_msg_rx_imei
</UL>

<P><STRONG><a name="[217]"></a>__aeabi_memcpy4</STRONG> (Thumb, 0 bytes, Stack size 0 bytes, memcpya.o(.text))
<BR><BR>[Called By]<UL><LI><a href="#[ae]">&gt;&gt;</a>&nbsp;&nbsp;&nbsp;sf
<LI><a href="#[b4]">&gt;&gt;</a>&nbsp;&nbsp;&nbsp;fal
</UL>

<P><STRONG><a name="[338]"></a>__aeabi_memcpy8</STRONG> (Thumb, 0 bytes, Stack size 0 bytes, memcpya.o(.text), UNUSED)

<P><STRONG><a name="[cc]"></a>__aeabi_memset</STRONG> (Thumb, 14 bytes, Stack size 0 bytes, memseta.o(.text))
<BR><BR>[Called By]<UL><LI><a href="#[293]">&gt;&gt;</a>&nbsp;&nbsp;&nbsp;rn8209d_read_reg
<LI><a href="#[23c]">&gt;&gt;</a>&nbsp;&nbsp;&nbsp;set_status
<LI><a href="#[1db]">&gt;&gt;</a>&nbsp;&nbsp;&nbsp;format_sector
<LI><a href="#[1e6]">&gt;&gt;</a>&nbsp;&nbsp;&nbsp;create_env_blob
<LI><a href="#[18a]">&gt;&gt;</a>&nbsp;&nbsp;&nbsp;align_write
<LI><a href="#[b4]">&gt;&gt;</a>&nbsp;&nbsp;&nbsp;fal
<LI><a href="#[cd]">&gt;&gt;</a>&nbsp;&nbsp;&nbsp;_memset$wrapper
<LI><a href="#[cb]">&gt;&gt;</a>&nbsp;&nbsp;&nbsp;__aeabi_memclr
</UL>

<P><STRONG><a name="[339]"></a>__aeabi_memset4</STRONG> (Thumb, 0 bytes, Stack size 0 bytes, memseta.o(.text), UNUSED)

<P><STRONG><a name="[33a]"></a>__aeabi_memset8</STRONG> (Thumb, 0 bytes, Stack size 0 bytes, memseta.o(.text), UNUSED)

<P><STRONG><a name="[cb]"></a>__aeabi_memclr</STRONG> (Thumb, 4 bytes, Stack size 0 bytes, memseta.o(.text))
<BR><BR>[Calls]<UL><LI><a href="#[cc]">&gt;&gt;</a>&nbsp;&nbsp;&nbsp;__aeabi_memset
</UL>
<BR>[Called By]<UL><LI><a href="#[10a]">&gt;&gt;</a>&nbsp;&nbsp;&nbsp;App_CpChargingData
<LI><a href="#[ea]">&gt;&gt;</a>&nbsp;&nbsp;&nbsp;APP_CpRequestAndOutput
<LI><a href="#[e8]">&gt;&gt;</a>&nbsp;&nbsp;&nbsp;APP_CpRemoteStartAck
<LI><a href="#[e3]">&gt;&gt;</a>&nbsp;&nbsp;&nbsp;APP_CpChargerRegist
<LI><a href="#[dc]">&gt;&gt;</a>&nbsp;&nbsp;&nbsp;APP_CpBmsInfo
<LI><a href="#[ed]">&gt;&gt;</a>&nbsp;&nbsp;&nbsp;APP_CpUpdataRemainenceAck
<LI><a href="#[1ce]">&gt;&gt;</a>&nbsp;&nbsp;&nbsp;input_io_init
<LI><a href="#[60]">&gt;&gt;</a>&nbsp;&nbsp;&nbsp;finsh_thread_entry
<LI><a href="#[22a]">&gt;&gt;</a>&nbsp;&nbsp;&nbsp;finsh_set_device
<LI><a href="#[235]">&gt;&gt;</a>&nbsp;&nbsp;&nbsp;shell_push_history
<LI><a href="#[30e]">&gt;&gt;</a>&nbsp;&nbsp;&nbsp;wzgprs_device_data_send
<LI><a href="#[81]">&gt;&gt;</a>&nbsp;&nbsp;&nbsp;wzgprs_serial_recive_data
</UL>

<P><STRONG><a name="[f0]"></a>__aeabi_memclr4</STRONG> (Thumb, 0 bytes, Stack size 0 bytes, memseta.o(.text))
<BR><BR>[Called By]<UL><LI><a href="#[104]">&gt;&gt;</a>&nbsp;&nbsp;&nbsp;send_ch_ctl_msg
<LI><a href="#[32d]">&gt;&gt;</a>&nbsp;&nbsp;&nbsp;wztcu_wait_msg
<LI><a href="#[84]">&gt;&gt;</a>&nbsp;&nbsp;&nbsp;wztcu_thread_entry
<LI><a href="#[f4]">&gt;&gt;</a>&nbsp;&nbsp;&nbsp;APP_CsRemoteStart
<LI><a href="#[ef]">&gt;&gt;</a>&nbsp;&nbsp;&nbsp;APP_CsChargeRecordACK
<LI><a href="#[1d1]">&gt;&gt;</a>&nbsp;&nbsp;&nbsp;ch_wait_msg
<LI><a href="#[1b6]">&gt;&gt;</a>&nbsp;&nbsp;&nbsp;ch_start_func
<LI><a href="#[1b1]">&gt;&gt;</a>&nbsp;&nbsp;&nbsp;ch_get_cp_volt
<LI><a href="#[277]">&gt;&gt;</a>&nbsp;&nbsp;&nbsp;mq_service_send_msg
<LI><a href="#[28e]">&gt;&gt;</a>&nbsp;&nbsp;&nbsp;read_basic_table
<LI><a href="#[1d8]">&gt;&gt;</a>&nbsp;&nbsp;&nbsp;move_env
<LI><a href="#[132]">&gt;&gt;</a>&nbsp;&nbsp;&nbsp;_msh_exec_cmd
<LI><a href="#[327]">&gt;&gt;</a>&nbsp;&nbsp;&nbsp;wzgprs_wait_msg
<LI><a href="#[83]">&gt;&gt;</a>&nbsp;&nbsp;&nbsp;wzgprs_thread_entry
<LI><a href="#[313]">&gt;&gt;</a>&nbsp;&nbsp;&nbsp;wzgprs_device_start_file_down
<LI><a href="#[312]">&gt;&gt;</a>&nbsp;&nbsp;&nbsp;wzgprs_device_set_remote
</UL>

<P><STRONG><a name="[33b]"></a>__aeabi_memclr8</STRONG> (Thumb, 0 bytes, Stack size 0 bytes, memseta.o(.text), UNUSED)

<P><STRONG><a name="[cd]"></a>_memset$wrapper</STRONG> (Thumb, 18 bytes, Stack size 8 bytes, memseta.o(.text), UNUSED)
<BR><BR>[Calls]<UL><LI><a href="#[cc]">&gt;&gt;</a>&nbsp;&nbsp;&nbsp;__aeabi_memset
</UL>

<P><STRONG><a name="[227]"></a>strcat</STRONG> (Thumb, 24 bytes, Stack size 0 bytes, strcat.o(.text))
<BR><BR>[Called By]<UL><LI><a href="#[224]">&gt;&gt;</a>&nbsp;&nbsp;&nbsp;finsh_get_prompt
</UL>

<P><STRONG><a name="[225]"></a>strncpy</STRONG> (Thumb, 24 bytes, Stack size 8 bytes, strncpy.o(.text))
<BR><BR>[Stack]<UL><LI>Max Depth = 8<LI>Call Chain = strncpy
</UL>
<BR>[Called By]<UL><LI><a href="#[1d8]">&gt;&gt;</a>&nbsp;&nbsp;&nbsp;move_env
<LI><a href="#[224]">&gt;&gt;</a>&nbsp;&nbsp;&nbsp;finsh_get_prompt
</UL>

<P><STRONG><a name="[1e7]"></a>strlen</STRONG> (Thumb, 14 bytes, Stack size 0 bytes, strlen.o(.text))
<BR><BR>[Called By]<UL><LI><a href="#[21a]">&gt;&gt;</a>&nbsp;&nbsp;&nbsp;fal_show_part_table
<LI><a href="#[210]">&gt;&gt;</a>&nbsp;&nbsp;&nbsp;set_env
<LI><a href="#[5e]">&gt;&gt;</a>&nbsp;&nbsp;&nbsp;find_env_cb
<LI><a href="#[1f4]">&gt;&gt;</a>&nbsp;&nbsp;&nbsp;find_env
<LI><a href="#[1f3]">&gt;&gt;</a>&nbsp;&nbsp;&nbsp;del_env
<LI><a href="#[1e6]">&gt;&gt;</a>&nbsp;&nbsp;&nbsp;create_env_blob
<LI><a href="#[125]">&gt;&gt;</a>&nbsp;&nbsp;&nbsp;ef_set_env
<LI><a href="#[1fc]">&gt;&gt;</a>&nbsp;&nbsp;&nbsp;ef_env_set_default
<LI><a href="#[27d]">&gt;&gt;</a>&nbsp;&nbsp;&nbsp;msh_auto_complete
<LI><a href="#[60]">&gt;&gt;</a>&nbsp;&nbsp;&nbsp;finsh_thread_entry
</UL>

<P><STRONG><a name="[176]"></a>strcmp</STRONG> (Thumb, 28 bytes, Stack size 8 bytes, strcmp.o(.text))
<BR><BR>[Stack]<UL><LI>Max Depth = 8<LI>Call Chain = strcmp
</UL>
<BR>[Called By]<UL><LI><a href="#[a8]">&gt;&gt;</a>&nbsp;&nbsp;&nbsp;adc
<LI><a href="#[ae]">&gt;&gt;</a>&nbsp;&nbsp;&nbsp;sf
<LI><a href="#[20b]">&gt;&gt;</a>&nbsp;&nbsp;&nbsp;fal_partition_find
<LI><a href="#[b4]">&gt;&gt;</a>&nbsp;&nbsp;&nbsp;fal
</UL>

<P><STRONG><a name="[f2]"></a>memcmp</STRONG> (Thumb, 26 bytes, Stack size 12 bytes, memcmp.o(.text))
<BR><BR>[Stack]<UL><LI>Max Depth = 12<LI>Call Chain = memcmp
</UL>
<BR>[Called By]<UL><LI><a href="#[105]">&gt;&gt;</a>&nbsp;&nbsp;&nbsp;App_CsUpdataCmd
<LI><a href="#[fa]">&gt;&gt;</a>&nbsp;&nbsp;&nbsp;APP_CsUpdataRemainence
<LI><a href="#[f6]">&gt;&gt;</a>&nbsp;&nbsp;&nbsp;APP_CsSetConfiguration
<LI><a href="#[f5]">&gt;&gt;</a>&nbsp;&nbsp;&nbsp;APP_CsRemoteStop
<LI><a href="#[f4]">&gt;&gt;</a>&nbsp;&nbsp;&nbsp;APP_CsRemoteStart
<LI><a href="#[f1]">&gt;&gt;</a>&nbsp;&nbsp;&nbsp;APP_CsFeeSet
<LI><a href="#[1cf]">&gt;&gt;</a>&nbsp;&nbsp;&nbsp;rn8209d_init
<LI><a href="#[296]">&gt;&gt;</a>&nbsp;&nbsp;&nbsp;rn8209d_write_reg
<LI><a href="#[293]">&gt;&gt;</a>&nbsp;&nbsp;&nbsp;rn8209d_read_reg
<LI><a href="#[ae]">&gt;&gt;</a>&nbsp;&nbsp;&nbsp;sf
<LI><a href="#[235]">&gt;&gt;</a>&nbsp;&nbsp;&nbsp;shell_push_history
<LI><a href="#[b4]">&gt;&gt;</a>&nbsp;&nbsp;&nbsp;fal
<LI><a href="#[319]">&gt;&gt;</a>&nbsp;&nbsp;&nbsp;wzgprs_inter_msg_rx_imsi
<LI><a href="#[318]">&gt;&gt;</a>&nbsp;&nbsp;&nbsp;wzgprs_inter_msg_rx_imei
</UL>

<P><STRONG><a name="[226]"></a>strcpy</STRONG> (Thumb, 18 bytes, Stack size 0 bytes, strcpy.o(.text))
<BR><BR>[Called By]<UL><LI><a href="#[224]">&gt;&gt;</a>&nbsp;&nbsp;&nbsp;finsh_get_prompt
</UL>

<P><STRONG><a name="[21c]"></a>strncmp</STRONG> (Thumb, 30 bytes, Stack size 12 bytes, strncmp.o(.text))
<BR><BR>[Stack]<UL><LI>Max Depth = 12<LI>Call Chain = strncmp
</UL>
<BR>[Called By]<UL><LI><a href="#[219]">&gt;&gt;</a>&nbsp;&nbsp;&nbsp;fal_flash_device_find
<LI><a href="#[220]">&gt;&gt;</a>&nbsp;&nbsp;&nbsp;get_env_from_cache
<LI><a href="#[5e]">&gt;&gt;</a>&nbsp;&nbsp;&nbsp;find_env_cb
<LI><a href="#[c4]">&gt;&gt;</a>&nbsp;&nbsp;&nbsp;list
<LI><a href="#[133]">&gt;&gt;</a>&nbsp;&nbsp;&nbsp;msh_get_cmd
<LI><a href="#[27d]">&gt;&gt;</a>&nbsp;&nbsp;&nbsp;msh_auto_complete
</UL>

<P><STRONG><a name="[ce]"></a>strtol</STRONG> (Thumb, 112 bytes, Stack size 32 bytes, strtol.o(.text))
<BR><BR>[Stack]<UL><LI>Max Depth = 72<LI>Call Chain = strtol &rArr; _strtoul
</UL>
<BR>[Calls]<UL><LI><a href="#[d0]">&gt;&gt;</a>&nbsp;&nbsp;&nbsp;_strtoul
<LI><a href="#[d1]">&gt;&gt;</a>&nbsp;&nbsp;&nbsp;__aeabi_errno_addr
<LI><a href="#[cf]">&gt;&gt;</a>&nbsp;&nbsp;&nbsp;__rt_ctype_table
</UL>
<BR>[Called By]<UL><LI><a href="#[ae]">&gt;&gt;</a>&nbsp;&nbsp;&nbsp;sf
<LI><a href="#[b4]">&gt;&gt;</a>&nbsp;&nbsp;&nbsp;fal
<LI><a href="#[d2]">&gt;&gt;</a>&nbsp;&nbsp;&nbsp;atoi
</UL>

<P><STRONG><a name="[d2]"></a>atoi</STRONG> (Thumb, 26 bytes, Stack size 16 bytes, atoi.o(.text))
<BR><BR>[Stack]<UL><LI>Max Depth = 88<LI>Call Chain = atoi &rArr; strtol &rArr; _strtoul
</UL>
<BR>[Calls]<UL><LI><a href="#[d1]">&gt;&gt;</a>&nbsp;&nbsp;&nbsp;__aeabi_errno_addr
<LI><a href="#[ce]">&gt;&gt;</a>&nbsp;&nbsp;&nbsp;strtol
</UL>
<BR>[Called By]<UL><LI><a href="#[ad]">&gt;&gt;</a>&nbsp;&nbsp;&nbsp;date
<LI><a href="#[ab]">&gt;&gt;</a>&nbsp;&nbsp;&nbsp;pwm_set
<LI><a href="#[ac]">&gt;&gt;</a>&nbsp;&nbsp;&nbsp;pwm_get
<LI><a href="#[a9]">&gt;&gt;</a>&nbsp;&nbsp;&nbsp;pwm_enable
<LI><a href="#[aa]">&gt;&gt;</a>&nbsp;&nbsp;&nbsp;pwm_disable
<LI><a href="#[a8]">&gt;&gt;</a>&nbsp;&nbsp;&nbsp;adc
</UL>

<P><STRONG><a name="[d3]"></a>__aeabi_dmul</STRONG> (Thumb, 228 bytes, Stack size 48 bytes, dmul.o(.text))
<BR><BR>[Stack]<UL><LI>Max Depth = 88<LI>Call Chain = __aeabi_dmul &rArr; _double_epilogue &rArr; _double_round
</UL>
<BR>[Calls]<UL><LI><a href="#[d4]">&gt;&gt;</a>&nbsp;&nbsp;&nbsp;_double_epilogue
</UL>
<BR>[Called By]<UL><LI><a href="#[ac]">&gt;&gt;</a>&nbsp;&nbsp;&nbsp;pwm_get
</UL>

<P><STRONG><a name="[d5]"></a>__aeabi_ddiv</STRONG> (Thumb, 222 bytes, Stack size 32 bytes, ddiv.o(.text))
<BR><BR>[Stack]<UL><LI>Max Depth = 40<LI>Call Chain = __aeabi_ddiv &rArr; _double_round
</UL>
<BR>[Calls]<UL><LI><a href="#[d6]">&gt;&gt;</a>&nbsp;&nbsp;&nbsp;_double_round
</UL>
<BR>[Called By]<UL><LI><a href="#[ac]">&gt;&gt;</a>&nbsp;&nbsp;&nbsp;pwm_get
</UL>

<P><STRONG><a name="[d7]"></a>__aeabi_ui2d</STRONG> (Thumb, 26 bytes, Stack size 16 bytes, dfltui.o(.text))
<BR><BR>[Stack]<UL><LI>Max Depth = 56<LI>Call Chain = __aeabi_ui2d &rArr; _double_epilogue &rArr; _double_round
</UL>
<BR>[Calls]<UL><LI><a href="#[d4]">&gt;&gt;</a>&nbsp;&nbsp;&nbsp;_double_epilogue
</UL>
<BR>[Called By]<UL><LI><a href="#[ac]">&gt;&gt;</a>&nbsp;&nbsp;&nbsp;pwm_get
</UL>

<P><STRONG><a name="[d8]"></a>__aeabi_d2iz</STRONG> (Thumb, 62 bytes, Stack size 16 bytes, dfixi.o(.text))
<BR><BR>[Stack]<UL><LI>Max Depth = 16<LI>Call Chain = __aeabi_d2iz
</UL>
<BR>[Calls]<UL><LI><a href="#[c9]">&gt;&gt;</a>&nbsp;&nbsp;&nbsp;__aeabi_llsr
</UL>
<BR>[Called By]<UL><LI><a href="#[ac]">&gt;&gt;</a>&nbsp;&nbsp;&nbsp;pwm_get
</UL>

<P><STRONG><a name="[ca]"></a>__aeabi_llsl</STRONG> (Thumb, 30 bytes, Stack size 0 bytes, llshl.o(.text))
<BR><BR>[Called By]<UL><LI><a href="#[d4]">&gt;&gt;</a>&nbsp;&nbsp;&nbsp;_double_epilogue
<LI><a href="#[c8]">&gt;&gt;</a>&nbsp;&nbsp;&nbsp;__aeabi_uldivmod
</UL>

<P><STRONG><a name="[33c]"></a>_ll_shift_l</STRONG> (Thumb, 0 bytes, Stack size 0 bytes, llshl.o(.text), UNUSED)

<P><STRONG><a name="[c9]"></a>__aeabi_llsr</STRONG> (Thumb, 32 bytes, Stack size 0 bytes, llushr.o(.text))
<BR><BR>[Called By]<UL><LI><a href="#[d8]">&gt;&gt;</a>&nbsp;&nbsp;&nbsp;__aeabi_d2iz
<LI><a href="#[d4]">&gt;&gt;</a>&nbsp;&nbsp;&nbsp;_double_epilogue
<LI><a href="#[c8]">&gt;&gt;</a>&nbsp;&nbsp;&nbsp;__aeabi_uldivmod
</UL>

<P><STRONG><a name="[33d]"></a>_ll_ushift_r</STRONG> (Thumb, 0 bytes, Stack size 0 bytes, llushr.o(.text), UNUSED)

<P><STRONG><a name="[cf]"></a>__rt_ctype_table</STRONG> (Thumb, 4 bytes, Stack size 0 bytes, ctype_o.o(.text))
<BR><BR>[Called By]<UL><LI><a href="#[ce]">&gt;&gt;</a>&nbsp;&nbsp;&nbsp;strtol
</UL>

<P><STRONG><a name="[d0]"></a>_strtoul</STRONG> (Thumb, 158 bytes, Stack size 40 bytes, _strtoul.o(.text))
<BR><BR>[Stack]<UL><LI>Max Depth = 40<LI>Call Chain = _strtoul
</UL>
<BR>[Calls]<UL><LI><a href="#[d1]">&gt;&gt;</a>&nbsp;&nbsp;&nbsp;__aeabi_errno_addr
<LI><a href="#[d9]">&gt;&gt;</a>&nbsp;&nbsp;&nbsp;_chval
</UL>
<BR>[Called By]<UL><LI><a href="#[ce]">&gt;&gt;</a>&nbsp;&nbsp;&nbsp;strtol
</UL>

<P><STRONG><a name="[33e]"></a>__I$use$fp</STRONG> (Thumb, 0 bytes, Stack size 8 bytes, iusefp.o(.text), UNUSED)

<P><STRONG><a name="[d6]"></a>_double_round</STRONG> (Thumb, 30 bytes, Stack size 8 bytes, depilogue.o(.text))
<BR><BR>[Stack]<UL><LI>Max Depth = 8<LI>Call Chain = _double_round
</UL>
<BR>[Called By]<UL><LI><a href="#[d5]">&gt;&gt;</a>&nbsp;&nbsp;&nbsp;__aeabi_ddiv
<LI><a href="#[d4]">&gt;&gt;</a>&nbsp;&nbsp;&nbsp;_double_epilogue
</UL>

<P><STRONG><a name="[d4]"></a>_double_epilogue</STRONG> (Thumb, 156 bytes, Stack size 32 bytes, depilogue.o(.text))
<BR><BR>[Stack]<UL><LI>Max Depth = 40<LI>Call Chain = _double_epilogue &rArr; _double_round
</UL>
<BR>[Calls]<UL><LI><a href="#[c9]">&gt;&gt;</a>&nbsp;&nbsp;&nbsp;__aeabi_llsr
<LI><a href="#[ca]">&gt;&gt;</a>&nbsp;&nbsp;&nbsp;__aeabi_llsl
<LI><a href="#[d6]">&gt;&gt;</a>&nbsp;&nbsp;&nbsp;_double_round
</UL>
<BR>[Called By]<UL><LI><a href="#[d7]">&gt;&gt;</a>&nbsp;&nbsp;&nbsp;__aeabi_ui2d
<LI><a href="#[d3]">&gt;&gt;</a>&nbsp;&nbsp;&nbsp;__aeabi_dmul
</UL>

<P><STRONG><a name="[c6]"></a>__scatterload</STRONG> (Thumb, 28 bytes, Stack size 0 bytes, init.o(.text))
<BR><BR>[Calls]<UL><LI><a href="#[da]">&gt;&gt;</a>&nbsp;&nbsp;&nbsp;__main_after_scatterload
</UL>
<BR>[Called By]<UL><LI><a href="#[c5]">&gt;&gt;</a>&nbsp;&nbsp;&nbsp;_main_scatterload
</UL>

<P><STRONG><a name="[33f]"></a>__scatterload_rt2</STRONG> (Thumb, 0 bytes, Stack size 0 bytes, init.o(.text), UNUSED)

<P><STRONG><a name="[d9]"></a>_chval</STRONG> (Thumb, 28 bytes, Stack size 0 bytes, _chval.o(.text))
<BR><BR>[Called By]<UL><LI><a href="#[d0]">&gt;&gt;</a>&nbsp;&nbsp;&nbsp;_strtoul
</UL>

<P><STRONG><a name="[340]"></a>__decompress</STRONG> (Thumb, 0 bytes, Stack size unknown bytes, __dczerorl2.o(.text), UNUSED)

<P><STRONG><a name="[341]"></a>__decompress1</STRONG> (Thumb, 86 bytes, Stack size unknown bytes, __dczerorl2.o(.text), UNUSED)

<P><STRONG><a name="[4e]"></a>main</STRONG> (Thumb, 10 bytes, Stack size 8 bytes, components.o(i.$Sub$$main))
<BR><BR>[Stack]<UL><LI>Max Depth = 444<LI>Call Chain = main &rArr; rtthread_startup &rArr; rt_thread_idle_init &rArr; rt_thread_init &rArr; _thread_init &rArr; rt_timer_init &rArr; rt_object_init &rArr; rt_exit_critical &rArr; rt_schedule &rArr; _rt_scheduler_stack_check &rArr; rt_kprintf &rArr; rt_vsnprintf &rArr; print_number
</UL>
<BR>[Calls]<UL><LI><a href="#[db]">&gt;&gt;</a>&nbsp;&nbsp;&nbsp;rtthread_startup
</UL>
<BR>[Address Reference Count : 1]<UL><LI> entry9a.o(.ARM.Collect$$$$0000000B)
</UL>
<P><STRONG><a name="[32c]"></a>APP_ChargeEventInit</STRONG> (Thumb, 62 bytes, Stack size 0 bytes, app_wanzhuang.o(i.APP_ChargeEventInit))
<BR><BR>[Called By]<UL><LI><a href="#[84]">&gt;&gt;</a>&nbsp;&nbsp;&nbsp;wztcu_thread_entry
</UL>

<P><STRONG><a name="[dc]"></a>APP_CpBmsInfo</STRONG> (Thumb, 178 bytes, Stack size 8 bytes, protocol.o(i.APP_CpBmsInfo))
<BR><BR>[Stack]<UL><LI>Max Depth = 460<LI>Call Chain = APP_CpBmsInfo &rArr; APP_FramePkt &rArr; mq_service_xxx_send_msg_to_wzgprs &rArr; mq_service_send_msg &rArr; rt_mq_send &rArr; rt_mq_send_wait &rArr; rt_timer_start &rArr; rt_schedule &rArr; _rt_scheduler_stack_check &rArr; rt_kprintf &rArr; rt_vsnprintf &rArr; print_number
</UL>
<BR>[Calls]<UL><LI><a href="#[dd]">&gt;&gt;</a>&nbsp;&nbsp;&nbsp;rt_malloc
<LI><a href="#[de]">&gt;&gt;</a>&nbsp;&nbsp;&nbsp;rt_kprintf
<LI><a href="#[e0]">&gt;&gt;</a>&nbsp;&nbsp;&nbsp;rt_free
<LI><a href="#[e1]">&gt;&gt;</a>&nbsp;&nbsp;&nbsp;APP_FramePkt
<LI><a href="#[cb]">&gt;&gt;</a>&nbsp;&nbsp;&nbsp;__aeabi_memclr
<LI><a href="#[df]">&gt;&gt;</a>&nbsp;&nbsp;&nbsp;__aeabi_memcpy
</UL>
<BR>[Called By]<UL><LI><a href="#[108]">&gt;&gt;</a>&nbsp;&nbsp;&nbsp;wztcu_task_loop
</UL>

<P><STRONG><a name="[e2]"></a>APP_CpChargeRecord</STRONG> (Thumb, 76 bytes, Stack size 16 bytes, protocol.o(i.APP_CpChargeRecord))
<BR><BR>[Stack]<UL><LI>Max Depth = 468<LI>Call Chain = APP_CpChargeRecord &rArr; APP_FramePkt &rArr; mq_service_xxx_send_msg_to_wzgprs &rArr; mq_service_send_msg &rArr; rt_mq_send &rArr; rt_mq_send_wait &rArr; rt_timer_start &rArr; rt_schedule &rArr; _rt_scheduler_stack_check &rArr; rt_kprintf &rArr; rt_vsnprintf &rArr; print_number
</UL>
<BR>[Calls]<UL><LI><a href="#[dd]">&gt;&gt;</a>&nbsp;&nbsp;&nbsp;rt_malloc
<LI><a href="#[de]">&gt;&gt;</a>&nbsp;&nbsp;&nbsp;rt_kprintf
<LI><a href="#[e0]">&gt;&gt;</a>&nbsp;&nbsp;&nbsp;rt_free
<LI><a href="#[e1]">&gt;&gt;</a>&nbsp;&nbsp;&nbsp;APP_FramePkt
<LI><a href="#[df]">&gt;&gt;</a>&nbsp;&nbsp;&nbsp;__aeabi_memcpy
</UL>
<BR>[Called By]<UL><LI><a href="#[108]">&gt;&gt;</a>&nbsp;&nbsp;&nbsp;wztcu_task_loop
</UL>

<P><STRONG><a name="[e3]"></a>APP_CpChargerRegist</STRONG> (Thumb, 118 bytes, Stack size 8 bytes, protocol.o(i.APP_CpChargerRegist))
<BR><BR>[Stack]<UL><LI>Max Depth = 460<LI>Call Chain = APP_CpChargerRegist &rArr; APP_FramePkt &rArr; mq_service_xxx_send_msg_to_wzgprs &rArr; mq_service_send_msg &rArr; rt_mq_send &rArr; rt_mq_send_wait &rArr; rt_timer_start &rArr; rt_schedule &rArr; _rt_scheduler_stack_check &rArr; rt_kprintf &rArr; rt_vsnprintf &rArr; print_number
</UL>
<BR>[Calls]<UL><LI><a href="#[dd]">&gt;&gt;</a>&nbsp;&nbsp;&nbsp;rt_malloc
<LI><a href="#[de]">&gt;&gt;</a>&nbsp;&nbsp;&nbsp;rt_kprintf
<LI><a href="#[e0]">&gt;&gt;</a>&nbsp;&nbsp;&nbsp;rt_free
<LI><a href="#[e1]">&gt;&gt;</a>&nbsp;&nbsp;&nbsp;APP_FramePkt
<LI><a href="#[e4]">&gt;&gt;</a>&nbsp;&nbsp;&nbsp;__2snprintf
<LI><a href="#[cb]">&gt;&gt;</a>&nbsp;&nbsp;&nbsp;__aeabi_memclr
</UL>
<BR>[Called By]<UL><LI><a href="#[108]">&gt;&gt;</a>&nbsp;&nbsp;&nbsp;wztcu_task_loop
</UL>

<P><STRONG><a name="[e8]"></a>APP_CpRemoteStartAck</STRONG> (Thumb, 120 bytes, Stack size 16 bytes, protocol.o(i.APP_CpRemoteStartAck))
<BR><BR>[Stack]<UL><LI>Max Depth = 468<LI>Call Chain = APP_CpRemoteStartAck &rArr; APP_FramePkt &rArr; mq_service_xxx_send_msg_to_wzgprs &rArr; mq_service_send_msg &rArr; rt_mq_send &rArr; rt_mq_send_wait &rArr; rt_timer_start &rArr; rt_schedule &rArr; _rt_scheduler_stack_check &rArr; rt_kprintf &rArr; rt_vsnprintf &rArr; print_number
</UL>
<BR>[Calls]<UL><LI><a href="#[dd]">&gt;&gt;</a>&nbsp;&nbsp;&nbsp;rt_malloc
<LI><a href="#[de]">&gt;&gt;</a>&nbsp;&nbsp;&nbsp;rt_kprintf
<LI><a href="#[e0]">&gt;&gt;</a>&nbsp;&nbsp;&nbsp;rt_free
<LI><a href="#[e1]">&gt;&gt;</a>&nbsp;&nbsp;&nbsp;APP_FramePkt
<LI><a href="#[cb]">&gt;&gt;</a>&nbsp;&nbsp;&nbsp;__aeabi_memclr
<LI><a href="#[df]">&gt;&gt;</a>&nbsp;&nbsp;&nbsp;__aeabi_memcpy
</UL>
<BR>[Called By]<UL><LI><a href="#[328]">&gt;&gt;</a>&nbsp;&nbsp;&nbsp;wzgtcu_chtask_msg_proc
<LI><a href="#[f4]">&gt;&gt;</a>&nbsp;&nbsp;&nbsp;APP_CsRemoteStart
</UL>

<P><STRONG><a name="[ea]"></a>APP_CpRequestAndOutput</STRONG> (Thumb, 146 bytes, Stack size 8 bytes, protocol.o(i.APP_CpRequestAndOutput))
<BR><BR>[Stack]<UL><LI>Max Depth = 460<LI>Call Chain = APP_CpRequestAndOutput &rArr; APP_FramePkt &rArr; mq_service_xxx_send_msg_to_wzgprs &rArr; mq_service_send_msg &rArr; rt_mq_send &rArr; rt_mq_send_wait &rArr; rt_timer_start &rArr; rt_schedule &rArr; _rt_scheduler_stack_check &rArr; rt_kprintf &rArr; rt_vsnprintf &rArr; print_number
</UL>
<BR>[Calls]<UL><LI><a href="#[dd]">&gt;&gt;</a>&nbsp;&nbsp;&nbsp;rt_malloc
<LI><a href="#[de]">&gt;&gt;</a>&nbsp;&nbsp;&nbsp;rt_kprintf
<LI><a href="#[e0]">&gt;&gt;</a>&nbsp;&nbsp;&nbsp;rt_free
<LI><a href="#[e1]">&gt;&gt;</a>&nbsp;&nbsp;&nbsp;APP_FramePkt
<LI><a href="#[cb]">&gt;&gt;</a>&nbsp;&nbsp;&nbsp;__aeabi_memclr
<LI><a href="#[df]">&gt;&gt;</a>&nbsp;&nbsp;&nbsp;__aeabi_memcpy
</UL>
<BR>[Called By]<UL><LI><a href="#[108]">&gt;&gt;</a>&nbsp;&nbsp;&nbsp;wztcu_task_loop
</UL>

<P><STRONG><a name="[ef]"></a>APP_CsChargeRecordACK</STRONG> (Thumb, 72 bytes, Stack size 56 bytes, protocol.o(i.APP_CsChargeRecordACK))
<BR><BR>[Stack]<UL><LI>Max Depth = 236<LI>Call Chain = APP_CsChargeRecordACK &rArr; rt_kprintf &rArr; rt_vsnprintf &rArr; print_number
</UL>
<BR>[Calls]<UL><LI><a href="#[de]">&gt;&gt;</a>&nbsp;&nbsp;&nbsp;rt_kprintf
<LI><a href="#[ee]">&gt;&gt;</a>&nbsp;&nbsp;&nbsp;__2sprintf
<LI><a href="#[f0]">&gt;&gt;</a>&nbsp;&nbsp;&nbsp;__aeabi_memclr4
</UL>
<BR>[Called By]<UL><LI><a href="#[fe]">&gt;&gt;</a>&nbsp;&nbsp;&nbsp;APP_InfoDecode
</UL>

<P><STRONG><a name="[f1]"></a>APP_CsFeeSet</STRONG> (Thumb, 58 bytes, Stack size 16 bytes, protocol.o(i.APP_CsFeeSet))
<BR><BR>[Stack]<UL><LI>Max Depth = 484<LI>Call Chain = APP_CsFeeSet &rArr; APP_CpFeeSetAck &rArr; APP_FramePkt &rArr; mq_service_xxx_send_msg_to_wzgprs &rArr; mq_service_send_msg &rArr; rt_mq_send &rArr; rt_mq_send_wait &rArr; rt_timer_start &rArr; rt_schedule &rArr; _rt_scheduler_stack_check &rArr; rt_kprintf &rArr; rt_vsnprintf &rArr; print_number
</UL>
<BR>[Calls]<UL><LI><a href="#[de]">&gt;&gt;</a>&nbsp;&nbsp;&nbsp;rt_kprintf
<LI><a href="#[e5]">&gt;&gt;</a>&nbsp;&nbsp;&nbsp;APP_CpFeeSetAck
<LI><a href="#[f2]">&gt;&gt;</a>&nbsp;&nbsp;&nbsp;memcmp
</UL>
<BR>[Called By]<UL><LI><a href="#[fe]">&gt;&gt;</a>&nbsp;&nbsp;&nbsp;APP_InfoDecode
</UL>

<P><STRONG><a name="[f3]"></a>APP_CsReboot</STRONG> (Thumb, 36 bytes, Stack size 16 bytes, protocol.o(i.APP_CsReboot))
<BR><BR>[Stack]<UL><LI>Max Depth = 484<LI>Call Chain = APP_CsReboot &rArr; APP_CpRebootAck &rArr; APP_FramePkt &rArr; mq_service_xxx_send_msg_to_wzgprs &rArr; mq_service_send_msg &rArr; rt_mq_send &rArr; rt_mq_send_wait &rArr; rt_timer_start &rArr; rt_schedule &rArr; _rt_scheduler_stack_check &rArr; rt_kprintf &rArr; rt_vsnprintf &rArr; print_number
</UL>
<BR>[Calls]<UL><LI><a href="#[de]">&gt;&gt;</a>&nbsp;&nbsp;&nbsp;rt_kprintf
<LI><a href="#[e6]">&gt;&gt;</a>&nbsp;&nbsp;&nbsp;APP_CpRebootAck
</UL>
<BR>[Called By]<UL><LI><a href="#[fe]">&gt;&gt;</a>&nbsp;&nbsp;&nbsp;APP_InfoDecode
</UL>

<P><STRONG><a name="[f4]"></a>APP_CsRemoteStart</STRONG> (Thumb, 264 bytes, Stack size 80 bytes, protocol.o(i.APP_CsRemoteStart))
<BR><BR>[Stack]<UL><LI>Max Depth = 548<LI>Call Chain = APP_CsRemoteStart &rArr; APP_CpRemoteStartAck &rArr; APP_FramePkt &rArr; mq_service_xxx_send_msg_to_wzgprs &rArr; mq_service_send_msg &rArr; rt_mq_send &rArr; rt_mq_send_wait &rArr; rt_timer_start &rArr; rt_schedule &rArr; _rt_scheduler_stack_check &rArr; rt_kprintf &rArr; rt_vsnprintf &rArr; print_number
</UL>
<BR>[Calls]<UL><LI><a href="#[de]">&gt;&gt;</a>&nbsp;&nbsp;&nbsp;rt_kprintf
<LI><a href="#[e8]">&gt;&gt;</a>&nbsp;&nbsp;&nbsp;APP_CpRemoteStartAck
<LI><a href="#[ee]">&gt;&gt;</a>&nbsp;&nbsp;&nbsp;__2sprintf
<LI><a href="#[f2]">&gt;&gt;</a>&nbsp;&nbsp;&nbsp;memcmp
<LI><a href="#[f0]">&gt;&gt;</a>&nbsp;&nbsp;&nbsp;__aeabi_memclr4
<LI><a href="#[df]">&gt;&gt;</a>&nbsp;&nbsp;&nbsp;__aeabi_memcpy
</UL>
<BR>[Called By]<UL><LI><a href="#[fe]">&gt;&gt;</a>&nbsp;&nbsp;&nbsp;APP_InfoDecode
</UL>

<P><STRONG><a name="[f5]"></a>APP_CsRemoteStop</STRONG> (Thumb, 82 bytes, Stack size 16 bytes, protocol.o(i.APP_CsRemoteStop))
<BR><BR>[Stack]<UL><LI>Max Depth = 484<LI>Call Chain = APP_CsRemoteStop &rArr; APP_CpRemoteStopAck &rArr; APP_FramePkt &rArr; mq_service_xxx_send_msg_to_wzgprs &rArr; mq_service_send_msg &rArr; rt_mq_send &rArr; rt_mq_send_wait &rArr; rt_timer_start &rArr; rt_schedule &rArr; _rt_scheduler_stack_check &rArr; rt_kprintf &rArr; rt_vsnprintf &rArr; print_number
</UL>
<BR>[Calls]<UL><LI><a href="#[de]">&gt;&gt;</a>&nbsp;&nbsp;&nbsp;rt_kprintf
<LI><a href="#[e9]">&gt;&gt;</a>&nbsp;&nbsp;&nbsp;APP_CpRemoteStopAck
<LI><a href="#[f2]">&gt;&gt;</a>&nbsp;&nbsp;&nbsp;memcmp
</UL>
<BR>[Called By]<UL><LI><a href="#[fe]">&gt;&gt;</a>&nbsp;&nbsp;&nbsp;APP_InfoDecode
</UL>

<P><STRONG><a name="[f6]"></a>APP_CsSetConfiguration</STRONG> (Thumb, 74 bytes, Stack size 16 bytes, protocol.o(i.APP_CsSetConfiguration))
<BR><BR>[Stack]<UL><LI>Max Depth = 508<LI>Call Chain = APP_CsSetConfiguration &rArr; APP_CpUpdataRemainenceAck &rArr; APP_FramePkt &rArr; mq_service_xxx_send_msg_to_wzgprs &rArr; mq_service_send_msg &rArr; rt_mq_send &rArr; rt_mq_send_wait &rArr; rt_timer_start &rArr; rt_schedule &rArr; _rt_scheduler_stack_check &rArr; rt_kprintf &rArr; rt_vsnprintf &rArr; print_number
</UL>
<BR>[Calls]<UL><LI><a href="#[de]">&gt;&gt;</a>&nbsp;&nbsp;&nbsp;rt_kprintf
<LI><a href="#[ed]">&gt;&gt;</a>&nbsp;&nbsp;&nbsp;APP_CpUpdataRemainenceAck
<LI><a href="#[eb]">&gt;&gt;</a>&nbsp;&nbsp;&nbsp;APP_CpSetConfigurationAck
<LI><a href="#[f2]">&gt;&gt;</a>&nbsp;&nbsp;&nbsp;memcmp
</UL>
<BR>[Called By]<UL><LI><a href="#[fe]">&gt;&gt;</a>&nbsp;&nbsp;&nbsp;APP_InfoDecode
</UL>

<P><STRONG><a name="[f7]"></a>APP_CsStartChargeAuthAck</STRONG> (Thumb, 120 bytes, Stack size 16 bytes, protocol.o(i.APP_CsStartChargeAuthAck))
<BR><BR>[Stack]<UL><LI>Max Depth = 196<LI>Call Chain = APP_CsStartChargeAuthAck &rArr; rt_kprintf &rArr; rt_vsnprintf &rArr; print_number
</UL>
<BR>[Calls]<UL><LI><a href="#[de]">&gt;&gt;</a>&nbsp;&nbsp;&nbsp;rt_kprintf
<LI><a href="#[df]">&gt;&gt;</a>&nbsp;&nbsp;&nbsp;__aeabi_memcpy
</UL>
<BR>[Called By]<UL><LI><a href="#[fe]">&gt;&gt;</a>&nbsp;&nbsp;&nbsp;APP_InfoDecode
</UL>

<P><STRONG><a name="[f8]"></a>APP_CsTimeSet</STRONG> (Thumb, 120 bytes, Stack size 48 bytes, protocol.o(i.APP_CsTimeSet))
<BR><BR>[Stack]<UL><LI>Max Depth = 516<LI>Call Chain = APP_CsTimeSet &rArr; APP_CpTimeSetAck &rArr; APP_FramePkt &rArr; mq_service_xxx_send_msg_to_wzgprs &rArr; mq_service_send_msg &rArr; rt_mq_send &rArr; rt_mq_send_wait &rArr; rt_timer_start &rArr; rt_schedule &rArr; _rt_scheduler_stack_check &rArr; rt_kprintf &rArr; rt_vsnprintf &rArr; print_number
</UL>
<BR>[Calls]<UL><LI><a href="#[de]">&gt;&gt;</a>&nbsp;&nbsp;&nbsp;rt_kprintf
<LI><a href="#[f9]">&gt;&gt;</a>&nbsp;&nbsp;&nbsp;GetApiClock
<LI><a href="#[ec]">&gt;&gt;</a>&nbsp;&nbsp;&nbsp;APP_CpTimeSetAck
</UL>
<BR>[Called By]<UL><LI><a href="#[fe]">&gt;&gt;</a>&nbsp;&nbsp;&nbsp;APP_InfoDecode
</UL>

<P><STRONG><a name="[fa]"></a>APP_CsUpdataRemainence</STRONG> (Thumb, 98 bytes, Stack size 16 bytes, protocol.o(i.APP_CsUpdataRemainence))
<BR><BR>[Stack]<UL><LI>Max Depth = 508<LI>Call Chain = APP_CsUpdataRemainence &rArr; APP_CpUpdataRemainenceAck &rArr; APP_FramePkt &rArr; mq_service_xxx_send_msg_to_wzgprs &rArr; mq_service_send_msg &rArr; rt_mq_send &rArr; rt_mq_send_wait &rArr; rt_timer_start &rArr; rt_schedule &rArr; _rt_scheduler_stack_check &rArr; rt_kprintf &rArr; rt_vsnprintf &rArr; print_number
</UL>
<BR>[Calls]<UL><LI><a href="#[de]">&gt;&gt;</a>&nbsp;&nbsp;&nbsp;rt_kprintf
<LI><a href="#[ed]">&gt;&gt;</a>&nbsp;&nbsp;&nbsp;APP_CpUpdataRemainenceAck
<LI><a href="#[f2]">&gt;&gt;</a>&nbsp;&nbsp;&nbsp;memcmp
</UL>
<BR>[Called By]<UL><LI><a href="#[fe]">&gt;&gt;</a>&nbsp;&nbsp;&nbsp;APP_InfoDecode
</UL>

<P><STRONG><a name="[e1]"></a>APP_FramePkt</STRONG> (Thumb, 212 bytes, Stack size 32 bytes, protocol.o(i.APP_FramePkt))
<BR><BR>[Stack]<UL><LI>Max Depth = 452<LI>Call Chain = APP_FramePkt &rArr; mq_service_xxx_send_msg_to_wzgprs &rArr; mq_service_send_msg &rArr; rt_mq_send &rArr; rt_mq_send_wait &rArr; rt_timer_start &rArr; rt_schedule &rArr; _rt_scheduler_stack_check &rArr; rt_kprintf &rArr; rt_vsnprintf &rArr; print_number
</UL>
<BR>[Calls]<UL><LI><a href="#[fc]">&gt;&gt;</a>&nbsp;&nbsp;&nbsp;uint16_H_to_L
<LI><a href="#[dd]">&gt;&gt;</a>&nbsp;&nbsp;&nbsp;rt_malloc
<LI><a href="#[de]">&gt;&gt;</a>&nbsp;&nbsp;&nbsp;rt_kprintf
<LI><a href="#[fd]">&gt;&gt;</a>&nbsp;&nbsp;&nbsp;mq_service_xxx_send_msg_to_wzgprs
<LI><a href="#[fb]">&gt;&gt;</a>&nbsp;&nbsp;&nbsp;LIB_Modbus_CRC
<LI><a href="#[df]">&gt;&gt;</a>&nbsp;&nbsp;&nbsp;__aeabi_memcpy
</UL>
<BR>[Called By]<UL><LI><a href="#[10d]">&gt;&gt;</a>&nbsp;&nbsp;&nbsp;App_CpUpdataAck
<LI><a href="#[10c]">&gt;&gt;</a>&nbsp;&nbsp;&nbsp;App_CpHeartbeat
<LI><a href="#[10b]">&gt;&gt;</a>&nbsp;&nbsp;&nbsp;App_CpFeeRequest
<LI><a href="#[10a]">&gt;&gt;</a>&nbsp;&nbsp;&nbsp;App_CpChargingData
<LI><a href="#[ea]">&gt;&gt;</a>&nbsp;&nbsp;&nbsp;APP_CpRequestAndOutput
<LI><a href="#[e8]">&gt;&gt;</a>&nbsp;&nbsp;&nbsp;APP_CpRemoteStartAck
<LI><a href="#[e3]">&gt;&gt;</a>&nbsp;&nbsp;&nbsp;APP_CpChargerRegist
<LI><a href="#[e2]">&gt;&gt;</a>&nbsp;&nbsp;&nbsp;APP_CpChargeRecord
<LI><a href="#[dc]">&gt;&gt;</a>&nbsp;&nbsp;&nbsp;APP_CpBmsInfo
<LI><a href="#[ed]">&gt;&gt;</a>&nbsp;&nbsp;&nbsp;APP_CpUpdataRemainenceAck
<LI><a href="#[ec]">&gt;&gt;</a>&nbsp;&nbsp;&nbsp;APP_CpTimeSetAck
<LI><a href="#[eb]">&gt;&gt;</a>&nbsp;&nbsp;&nbsp;APP_CpSetConfigurationAck
<LI><a href="#[e9]">&gt;&gt;</a>&nbsp;&nbsp;&nbsp;APP_CpRemoteStopAck
<LI><a href="#[e6]">&gt;&gt;</a>&nbsp;&nbsp;&nbsp;APP_CpRebootAck
<LI><a href="#[e5]">&gt;&gt;</a>&nbsp;&nbsp;&nbsp;APP_CpFeeSetAck
</UL>

<P><STRONG><a name="[109]"></a>AnalyProtocolFrame</STRONG> (Thumb, 184 bytes, Stack size 48 bytes, app_wanzhuang.o(i.AnalyProtocolFrame))
<BR><BR>[Stack]<UL><LI>Max Depth = 228<LI>Call Chain = AnalyProtocolFrame &rArr; rt_kprintf &rArr; rt_vsnprintf &rArr; print_number
</UL>
<BR>[Calls]<UL><LI><a href="#[de]">&gt;&gt;</a>&nbsp;&nbsp;&nbsp;rt_kprintf
</UL>
<BR>[Called By]<UL><LI><a href="#[282]">&gt;&gt;</a>&nbsp;&nbsp;&nbsp;parse_tcp_data
</UL>

<P><STRONG><a name="[10a]"></a>App_CpChargingData</STRONG> (Thumb, 248 bytes, Stack size 24 bytes, protocol.o(i.App_CpChargingData))
<BR><BR>[Stack]<UL><LI>Max Depth = 476<LI>Call Chain = App_CpChargingData &rArr; APP_FramePkt &rArr; mq_service_xxx_send_msg_to_wzgprs &rArr; mq_service_send_msg &rArr; rt_mq_send &rArr; rt_mq_send_wait &rArr; rt_timer_start &rArr; rt_schedule &rArr; _rt_scheduler_stack_check &rArr; rt_kprintf &rArr; rt_vsnprintf &rArr; print_number
</UL>
<BR>[Calls]<UL><LI><a href="#[dd]">&gt;&gt;</a>&nbsp;&nbsp;&nbsp;rt_malloc
<LI><a href="#[de]">&gt;&gt;</a>&nbsp;&nbsp;&nbsp;rt_kprintf
<LI><a href="#[e0]">&gt;&gt;</a>&nbsp;&nbsp;&nbsp;rt_free
<LI><a href="#[e1]">&gt;&gt;</a>&nbsp;&nbsp;&nbsp;APP_FramePkt
<LI><a href="#[cb]">&gt;&gt;</a>&nbsp;&nbsp;&nbsp;__aeabi_memclr
<LI><a href="#[df]">&gt;&gt;</a>&nbsp;&nbsp;&nbsp;__aeabi_memcpy
</UL>
<BR>[Called By]<UL><LI><a href="#[108]">&gt;&gt;</a>&nbsp;&nbsp;&nbsp;wztcu_task_loop
<LI><a href="#[103]">&gt;&gt;</a>&nbsp;&nbsp;&nbsp;App_CsChargingDataRequest
</UL>

<P><STRONG><a name="[10b]"></a>App_CpFeeRequest</STRONG> (Thumb, 72 bytes, Stack size 8 bytes, protocol.o(i.App_CpFeeRequest))
<BR><BR>[Stack]<UL><LI>Max Depth = 460<LI>Call Chain = App_CpFeeRequest &rArr; APP_FramePkt &rArr; mq_service_xxx_send_msg_to_wzgprs &rArr; mq_service_send_msg &rArr; rt_mq_send &rArr; rt_mq_send_wait &rArr; rt_timer_start &rArr; rt_schedule &rArr; _rt_scheduler_stack_check &rArr; rt_kprintf &rArr; rt_vsnprintf &rArr; print_number
</UL>
<BR>[Calls]<UL><LI><a href="#[dd]">&gt;&gt;</a>&nbsp;&nbsp;&nbsp;rt_malloc
<LI><a href="#[de]">&gt;&gt;</a>&nbsp;&nbsp;&nbsp;rt_kprintf
<LI><a href="#[e0]">&gt;&gt;</a>&nbsp;&nbsp;&nbsp;rt_free
<LI><a href="#[e1]">&gt;&gt;</a>&nbsp;&nbsp;&nbsp;APP_FramePkt
</UL>
<BR>[Called By]<UL><LI><a href="#[108]">&gt;&gt;</a>&nbsp;&nbsp;&nbsp;wztcu_task_loop
</UL>

<P><STRONG><a name="[10c]"></a>App_CpHeartbeat</STRONG> (Thumb, 98 bytes, Stack size 8 bytes, protocol.o(i.App_CpHeartbeat))
[...]
</UL>

<P><STRONG><a name="[26a]"></a>rt_list_isempty</STRONG> (Thumb, 16 bytes, Stack size 0 bytes, cmd.o(i.rt_list_isempty))
<BR><BR>[Called By]<UL><LI><a href="#[bc]">&gt;&gt;</a>&nbsp;&nbsp;&nbsp;list_sem
<LI><a href="#[c0]">&gt;&gt;</a>&nbsp;&nbsp;&nbsp;list_msgqueue
<LI><a href="#[bf]">&gt;&gt;</a>&nbsp;&nbsp;&nbsp;list_mailbox
<LI><a href="#[bd]">&gt;&gt;</a>&nbsp;&nbsp;&nbsp;list_event
</UL>

<P><STRONG><a name="[26b]"></a>rt_list_len</STRONG> (Thumb, 20 bytes, Stack size 0 bytes, cmd.o(i.rt_list_len))
<BR><BR>[Called By]<UL><LI><a href="#[bc]">&gt;&gt;</a>&nbsp;&nbsp;&nbsp;list_sem
<LI><a href="#[be]">&gt;&gt;</a>&nbsp;&nbsp;&nbsp;list_mutex
<LI><a href="#[c0]">&gt;&gt;</a>&nbsp;&nbsp;&nbsp;list_msgqueue
<LI><a href="#[bf]">&gt;&gt;</a>&nbsp;&nbsp;&nbsp;list_mailbox
<LI><a href="#[bd]">&gt;&gt;</a>&nbsp;&nbsp;&nbsp;list_event
</UL>

<P><STRONG><a name="[26c]"></a>show_wait_queue</STRONG> (Thumb, 42 bytes, Stack size 16 bytes, cmd.o(i.show_wait_queue))
<BR><BR>[Stack]<UL><LI>Max Depth = 196<LI>Call Chain = show_wait_queue &rArr; rt_kprintf &rArr; rt_vsnprintf &rArr; print_number
</UL>
<BR>[Calls]<UL><LI><a href="#[de]">&gt;&gt;</a>&nbsp;&nbsp;&nbsp;rt_kprintf
</UL>
<BR>[Called By]<UL><LI><a href="#[bc]">&gt;&gt;</a>&nbsp;&nbsp;&nbsp;list_sem
<LI><a href="#[c0]">&gt;&gt;</a>&nbsp;&nbsp;&nbsp;list_msgqueue
<LI><a href="#[c1]">&gt;&gt;</a>&nbsp;&nbsp;&nbsp;list_mempool
<LI><a href="#[bf]">&gt;&gt;</a>&nbsp;&nbsp;&nbsp;list_mailbox
<LI><a href="#[bd]">&gt;&gt;</a>&nbsp;&nbsp;&nbsp;list_event
</UL>

<P><STRONG><a name="[2ab]"></a>rt_defunct_execute</STRONG> (Thumb, 140 bytes, Stack size 24 bytes, idle.o(i.rt_defunct_execute))
<BR><BR>[Stack]<UL><LI>Max Depth = 340<LI>Call Chain = rt_defunct_execute &rArr; rt_object_delete &rArr; rt_free &rArr; rt_sem_take &rArr; rt_timer_start &rArr; rt_schedule &rArr; _rt_scheduler_stack_check &rArr; rt_kprintf &rArr; rt_vsnprintf &rArr; print_number
</UL>
<BR>[Calls]<UL><LI><a href="#[de]">&gt;&gt;</a>&nbsp;&nbsp;&nbsp;rt_kprintf
<LI><a href="#[e0]">&gt;&gt;</a>&nbsp;&nbsp;&nbsp;rt_free
<LI><a href="#[12f]">&gt;&gt;</a>&nbsp;&nbsp;&nbsp;rt_assert_handler
<LI><a href="#[12a]">&gt;&gt;</a>&nbsp;&nbsp;&nbsp;rt_hw_interrupt_enable
<LI><a href="#[129]">&gt;&gt;</a>&nbsp;&nbsp;&nbsp;rt_hw_interrupt_disable
<LI><a href="#[29f]">&gt;&gt;</a>&nbsp;&nbsp;&nbsp;rt_interrupt_get_nest
<LI><a href="#[157]">&gt;&gt;</a>&nbsp;&nbsp;&nbsp;rt_object_is_systemobject
<LI><a href="#[158]">&gt;&gt;</a>&nbsp;&nbsp;&nbsp;rt_object_detach
<LI><a href="#[2ad]">&gt;&gt;</a>&nbsp;&nbsp;&nbsp;rt_object_delete
<LI><a href="#[2ac]">&gt;&gt;</a>&nbsp;&nbsp;&nbsp;rt_thread_defunct_dequeue
</UL>
<BR>[Called By]<UL><LI><a href="#[7b]">&gt;&gt;</a>&nbsp;&nbsp;&nbsp;rt_thread_idle_entry
</UL>

<P><STRONG><a name="[7b]"></a>rt_thread_idle_entry</STRONG> (Thumb, 30 bytes, Stack size 0 bytes, idle.o(i.rt_thread_idle_entry))
<BR><BR>[Stack]<UL><LI>Max Depth = 340<LI>Call Chain = rt_thread_idle_entry &rArr; rt_defunct_execute &rArr; rt_object_delete &rArr; rt_free &rArr; rt_sem_take &rArr; rt_timer_start &rArr; rt_schedule &rArr; _rt_scheduler_stack_check &rArr; rt_kprintf &rArr; rt_vsnprintf &rArr; print_number
</UL>
<BR>[Calls]<UL><LI><a href="#[2ab]">&gt;&gt;</a>&nbsp;&nbsp;&nbsp;rt_defunct_execute
</UL>
<BR>[Address Reference Count : 1]<UL><LI> idle.o(i.rt_thread_idle_init)
</UL>
<P><STRONG><a name="[2ca]"></a>rt_list_insert_after</STRONG> (Thumb, 14 bytes, Stack size 0 bytes, object.o(i.rt_list_insert_after))
<BR><BR>[Called By]<UL><LI><a href="#[2b2]">&gt;&gt;</a>&nbsp;&nbsp;&nbsp;rt_object_init
<LI><a href="#[2c6]">&gt;&gt;</a>&nbsp;&nbsp;&nbsp;rt_object_allocate
</UL>

<P><STRONG><a name="[2cb]"></a>rt_list_remove</STRONG> (Thumb, 18 bytes, Stack size 0 bytes, object.o(i.rt_list_remove))
<BR><BR>[Called By]<UL><LI><a href="#[158]">&gt;&gt;</a>&nbsp;&nbsp;&nbsp;rt_object_detach
<LI><a href="#[2ad]">&gt;&gt;</a>&nbsp;&nbsp;&nbsp;rt_object_delete
</UL>

<P><STRONG><a name="[153]"></a>_thread_cleanup_execute</STRONG> (Thumb, 28 bytes, Stack size 16 bytes, thread.o(i._thread_cleanup_execute))
<BR><BR>[Stack]<UL><LI>Max Depth = 16<LI>Call Chain = _thread_cleanup_execute
</UL>
<BR>[Calls]<UL><LI><a href="#[12a]">&gt;&gt;</a>&nbsp;&nbsp;&nbsp;rt_hw_interrupt_enable
<LI><a href="#[129]">&gt;&gt;</a>&nbsp;&nbsp;&nbsp;rt_hw_interrupt_disable
</UL>
<BR>[Called By]<UL><LI><a href="#[1d4]">&gt;&gt;</a>&nbsp;&nbsp;&nbsp;rt_thread_delete
<LI><a href="#[2e6]">&gt;&gt;</a>&nbsp;&nbsp;&nbsp;rt_thread_detach
<LI><a href="#[54]">&gt;&gt;</a>&nbsp;&nbsp;&nbsp;_thread_exit
</UL>

<P><STRONG><a name="[54]"></a>_thread_exit</STRONG> (Thumb, 76 bytes, Stack size 16 bytes, thread.o(i._thread_exit))
<BR><BR>[Stack]<UL><LI>Max Depth = 236<LI>Call Chain = _thread_exit &rArr; rt_schedule &rArr; _rt_scheduler_stack_check &rArr; rt_kprintf &rArr; rt_vsnprintf &rArr; print_number
</UL>
<BR>[Calls]<UL><LI><a href="#[12a]">&gt;&gt;</a>&nbsp;&nbsp;&nbsp;rt_hw_interrupt_enable
<LI><a href="#[129]">&gt;&gt;</a>&nbsp;&nbsp;&nbsp;rt_hw_interrupt_disable
<LI><a href="#[154]">&gt;&gt;</a>&nbsp;&nbsp;&nbsp;rt_thread_self
<LI><a href="#[15a]">&gt;&gt;</a>&nbsp;&nbsp;&nbsp;rt_schedule
<LI><a href="#[156]">&gt;&gt;</a>&nbsp;&nbsp;&nbsp;rt_timer_detach
<LI><a href="#[157]">&gt;&gt;</a>&nbsp;&nbsp;&nbsp;rt_object_is_systemobject
<LI><a href="#[158]">&gt;&gt;</a>&nbsp;&nbsp;&nbsp;rt_object_detach
<LI><a href="#[159]">&gt;&gt;</a>&nbsp;&nbsp;&nbsp;rt_thread_defunct_enqueue
<LI><a href="#[155]">&gt;&gt;</a>&nbsp;&nbsp;&nbsp;rt_schedule_remove_thread
<LI><a href="#[153]">&gt;&gt;</a>&nbsp;&nbsp;&nbsp;_thread_cleanup_execute
</UL>
<BR>[Address Reference Count : 1]<UL><LI> thread.o(i._thread_init)
</UL>
<P><STRONG><a name="[15b]"></a>_thread_init</STRONG> (Thumb, 156 bytes, Stack size 48 bytes, thread.o(i._thread_init))
<BR><BR>[Stack]<UL><LI>Max Depth = 340<LI>Call Chain = _thread_init &rArr; rt_timer_init &rArr; rt_object_init &rArr; rt_exit_critical &rArr; rt_schedule &rArr; _rt_scheduler_stack_check &rArr; rt_kprintf &rArr; rt_vsnprintf &rArr; print_number
</UL>
<BR>[Calls]<UL><LI><a href="#[12f]">&gt;&gt;</a>&nbsp;&nbsp;&nbsp;rt_assert_handler
<LI><a href="#[15d]">&gt;&gt;</a>&nbsp;&nbsp;&nbsp;rt_hw_stack_init
<LI><a href="#[15c]">&gt;&gt;</a>&nbsp;&nbsp;&nbsp;rt_memset
<LI><a href="#[15e]">&gt;&gt;</a>&nbsp;&nbsp;&nbsp;rt_timer_init
</UL>
<BR>[Called By]<UL><LI><a href="#[1d2]">&gt;&gt;</a>&nbsp;&nbsp;&nbsp;rt_thread_create
<LI><a href="#[2e9]">&gt;&gt;</a>&nbsp;&nbsp;&nbsp;rt_thread_init
</UL>

<P><STRONG><a name="[2eb]"></a>rt_list_remove</STRONG> (Thumb, 18 bytes, Stack size 0 bytes, thread.o(i.rt_list_remove))
<BR><BR>[Called By]<UL><LI><a href="#[127]">&gt;&gt;</a>&nbsp;&nbsp;&nbsp;rt_thread_resume
<LI><a href="#[55]">&gt;&gt;</a>&nbsp;&nbsp;&nbsp;rt_thread_timeout
</UL>

<P><STRONG><a name="[2f0]"></a>print_number</STRONG> (Thumb, 400 bytes, Stack size 60 bytes, kservice.o(i.print_number))
<BR><BR>[Stack]<UL><LI>Max Depth = 60<LI>Call Chain = print_number
</UL>
<BR>[Called By]<UL><LI><a href="#[2c4]">&gt;&gt;</a>&nbsp;&nbsp;&nbsp;rt_vsnprintf
</UL>

<P><STRONG><a name="[2ef]"></a>skip_atoi</STRONG> (Thumb, 38 bytes, Stack size 0 bytes, kservice.o(i.skip_atoi))
<BR><BR>[Called By]<UL><LI><a href="#[2c4]">&gt;&gt;</a>&nbsp;&nbsp;&nbsp;rt_vsnprintf
</UL>

<P><STRONG><a name="[126]"></a>_ipc_list_resume</STRONG> (Thumb, 24 bytes, Stack size 16 bytes, ipc.o(i._ipc_list_resume))
<BR><BR>[Stack]<UL><LI>Max Depth = 80<LI>Call Chain = _ipc_list_resume &rArr; rt_thread_resume &rArr; rt_timer_stop &rArr; rt_object_get_type &rArr; rt_assert_handler &rArr;  rt_kprintf (Cycle)
</UL>
<BR>[Calls]<UL><LI><a href="#[127]">&gt;&gt;</a>&nbsp;&nbsp;&nbsp;rt_thread_resume
</UL>
<BR>[Called By]<UL><LI><a href="#[2c3]">&gt;&gt;</a>&nbsp;&nbsp;&nbsp;rt_mutex_release
<LI><a href="#[278]">&gt;&gt;</a>&nbsp;&nbsp;&nbsp;rt_mq_recv
<LI><a href="#[207]">&gt;&gt;</a>&nbsp;&nbsp;&nbsp;rt_sem_release
<LI><a href="#[2c7]">&gt;&gt;</a>&nbsp;&nbsp;&nbsp;rt_mq_send_wait
</UL>

<P><STRONG><a name="[128]"></a>_ipc_list_resume_all</STRONG> (Thumb, 50 bytes, Stack size 16 bytes, ipc.o(i._ipc_list_resume_all))
<BR><BR>[Stack]<UL><LI>Max Depth = 80<LI>Call Chain = _ipc_list_resume_all &rArr; rt_thread_resume &rArr; rt_timer_stop &rArr; rt_object_get_type &rArr; rt_assert_handler &rArr;  rt_kprintf (Cycle)
</UL>
<BR>[Calls]<UL><LI><a href="#[12a]">&gt;&gt;</a>&nbsp;&nbsp;&nbsp;rt_hw_interrupt_enable
<LI><a href="#[129]">&gt;&gt;</a>&nbsp;&nbsp;&nbsp;rt_hw_interrupt_disable
<LI><a href="#[127]">&gt;&gt;</a>&nbsp;&nbsp;&nbsp;rt_thread_resume
<LI><a href="#[12b]">&gt;&gt;</a>&nbsp;&nbsp;&nbsp;rt_list_isempty
</UL>
<BR>[Called By]<UL><LI><a href="#[276]">&gt;&gt;</a>&nbsp;&nbsp;&nbsp;rt_mq_delete
<LI><a href="#[2c8]">&gt;&gt;</a>&nbsp;&nbsp;&nbsp;rt_mutex_detach
</UL>

<P><STRONG><a name="[12c]"></a>_ipc_list_suspend</STRONG> (Thumb, 120 bytes, Stack size 24 bytes, ipc.o(i._ipc_list_suspend))
<BR><BR>[Stack]<UL><LI>Max Depth = 88<LI>Call Chain = _ipc_list_suspend &rArr; rt_thread_suspend &rArr; rt_timer_stop &rArr; rt_object_get_type &rArr; rt_assert_handler &rArr;  rt_kprintf (Cycle)
</UL>
<BR>[Calls]<UL><LI><a href="#[12f]">&gt;&gt;</a>&nbsp;&nbsp;&nbsp;rt_assert_handler
<LI><a href="#[12d]">&gt;&gt;</a>&nbsp;&nbsp;&nbsp;rt_thread_suspend
<LI><a href="#[12e]">&gt;&gt;</a>&nbsp;&nbsp;&nbsp;rt_list_insert_before
</UL>
<BR>[Called By]<UL><LI><a href="#[2c2]">&gt;&gt;</a>&nbsp;&nbsp;&nbsp;rt_mutex_take
<LI><a href="#[278]">&gt;&gt;</a>&nbsp;&nbsp;&nbsp;rt_mq_recv
<LI><a href="#[206]">&gt;&gt;</a>&nbsp;&nbsp;&nbsp;rt_sem_take
<LI><a href="#[2c7]">&gt;&gt;</a>&nbsp;&nbsp;&nbsp;rt_mq_send_wait
</UL>

<P><STRONG><a name="[130]"></a>_ipc_object_init</STRONG> (Thumb, 16 bytes, Stack size 8 bytes, ipc.o(i._ipc_object_init))
<BR><BR>[Stack]<UL><LI>Max Depth = 8<LI>Call Chain = _ipc_object_init
</UL>
<BR>[Calls]<UL><LI><a href="#[131]">&gt;&gt;</a>&nbsp;&nbsp;&nbsp;rt_list_init
</UL>
<BR>[Called By]<UL><LI><a href="#[2c1]">&gt;&gt;</a>&nbsp;&nbsp;&nbsp;rt_mutex_init
<LI><a href="#[275]">&gt;&gt;</a>&nbsp;&nbsp;&nbsp;rt_mq_create
<LI><a href="#[20a]">&gt;&gt;</a>&nbsp;&nbsp;&nbsp;rt_sem_init
</UL>

<P><STRONG><a name="[131]"></a>rt_list_init</STRONG> (Thumb, 6 bytes, Stack size 0 bytes, ipc.o(i.rt_list_init))
<BR><BR>[Called By]<UL><LI><a href="#[275]">&gt;&gt;</a>&nbsp;&nbsp;&nbsp;rt_mq_create
<LI><a href="#[130]">&gt;&gt;</a>&nbsp;&nbsp;&nbsp;_ipc_object_init
</UL>

<P><STRONG><a name="[12e]"></a>rt_list_insert_before</STRONG> (Thumb, 14 bytes, Stack size 0 bytes, ipc.o(i.rt_list_insert_before))
<BR><BR>[Called By]<UL><LI><a href="#[12c]">&gt;&gt;</a>&nbsp;&nbsp;&nbsp;_ipc_list_suspend
</UL>

<P><STRONG><a name="[12b]"></a>rt_list_isempty</STRONG> (Thumb, 16 bytes, Stack size 0 bytes, ipc.o(i.rt_list_isempty))
<BR><BR>[Called By]<UL><LI><a href="#[2c3]">&gt;&gt;</a>&nbsp;&nbsp;&nbsp;rt_mutex_release
<LI><a href="#[278]">&gt;&gt;</a>&nbsp;&nbsp;&nbsp;rt_mq_recv
<LI><a href="#[207]">&gt;&gt;</a>&nbsp;&nbsp;&nbsp;rt_sem_release
<LI><a href="#[2c7]">&gt;&gt;</a>&nbsp;&nbsp;&nbsp;rt_mq_send_wait
<LI><a href="#[128]">&gt;&gt;</a>&nbsp;&nbsp;&nbsp;_ipc_list_resume_all
</UL>

<P><STRONG><a name="[141]"></a>_rt_scheduler_stack_check</STRONG> (Thumb, 86 bytes, Stack size 16 bytes, scheduler.o(i._rt_scheduler_stack_check))
<BR><BR>[Stack]<UL><LI>Max Depth = 196<LI>Call Chain = _rt_scheduler_stack_check &rArr; rt_kprintf &rArr; rt_vsnprintf &rArr; print_number
</UL>
<BR>[Calls]<UL><LI><a href="#[de]">&gt;&gt;</a>&nbsp;&nbsp;&nbsp;rt_kprintf
<LI><a href="#[12f]">&gt;&gt;</a>&nbsp;&nbsp;&nbsp;rt_assert_handler
<LI><a href="#[129]">&gt;&gt;</a>&nbsp;&nbsp;&nbsp;rt_hw_interrupt_disable
</UL>
<BR>[Called By]<UL><LI><a href="#[15a]">&gt;&gt;</a>&nbsp;&nbsp;&nbsp;rt_schedule
</UL>

<P><STRONG><a name="[142]"></a>_scheduler_get_highest_priority_thread</STRONG> (Thumb, 30 bytes, Stack size 16 bytes, scheduler.o(i._scheduler_get_highest_priority_thread))
<BR><BR>[Stack]<UL><LI>Max Depth = 16<LI>Call Chain = _scheduler_get_highest_priority_thread
</UL>
<BR>[Calls]<UL><LI><a href="#[143]">&gt;&gt;</a>&nbsp;&nbsp;&nbsp;__rt_ffs
</UL>
<BR>[Called By]<UL><LI><a href="#[15a]">&gt;&gt;</a>&nbsp;&nbsp;&nbsp;rt_schedule
<LI><a href="#[2e3]">&gt;&gt;</a>&nbsp;&nbsp;&nbsp;rt_system_scheduler_start
</UL>

<P><STRONG><a name="[9c]"></a>rti_board_end</STRONG> (Thumb, 4 bytes, Stack size 0 bytes, components.o(i.rti_board_end))
<BR>[Address Reference Count : 1]<UL><LI> components.o(.rti_fn.1.end)
</UL>
<P><STRONG><a name="[98]"></a>rti_board_start</STRONG> (Thumb, 4 bytes, Stack size 0 bytes, components.o(i.rti_board_start))
<BR>[Address Reference Count : 1]<UL><LI> components.o(.rti_fn.0.end)
</UL>
<P><STRONG><a name="[a7]"></a>rti_end</STRONG> (Thumb, 4 bytes, Stack size 0 bytes, components.o(i.rti_end))
<BR>[Address Reference Count : 1]<UL><LI> components.o(.rti_fn.6.end)
</UL>
<P><STRONG><a name="[97]"></a>rti_start</STRONG> (Thumb, 4 bytes, Stack size 0 bytes, components.o(i.rti_start))
<BR>[Address Reference Count : 1]<UL><LI> components.o(.rti_fn.0)
</UL>
<P><STRONG><a name="[15f]"></a>_timer_init</STRONG> (Thumb, 66 bytes, Stack size 32 bytes, timer.o(i._timer_init))
<BR><BR>[Stack]<UL><LI>Max Depth = 32<LI>Call Chain = _timer_init
</UL>
<BR>[Calls]<UL><LI><a href="#[160]">&gt;&gt;</a>&nbsp;&nbsp;&nbsp;rt_list_init
</UL>
<BR>[Called By]<UL><LI><a href="#[1a7]">&gt;&gt;</a>&nbsp;&nbsp;&nbsp;rt_timer_create
<LI><a href="#[15e]">&gt;&gt;</a>&nbsp;&nbsp;&nbsp;rt_timer_init
</UL>

<P><STRONG><a name="[161]"></a>_timer_remove</STRONG> (Thumb, 28 bytes, Stack size 16 bytes, timer.o(i._timer_remove))
<BR><BR>[Stack]<UL><LI>Max Depth = 16<LI>Call Chain = _timer_remove
</UL>
<BR>[Calls]<UL><LI><a href="#[162]">&gt;&gt;</a>&nbsp;&nbsp;&nbsp;rt_list_remove
</UL>
<BR>[Called By]<UL><LI><a href="#[1a1]">&gt;&gt;</a>&nbsp;&nbsp;&nbsp;rt_timer_stop
<LI><a href="#[1a3]">&gt;&gt;</a>&nbsp;&nbsp;&nbsp;rt_timer_start
<LI><a href="#[156]">&gt;&gt;</a>&nbsp;&nbsp;&nbsp;rt_timer_detach
<LI><a href="#[2ec]">&gt;&gt;</a>&nbsp;&nbsp;&nbsp;rt_timer_check
</UL>

<P><STRONG><a name="[160]"></a>rt_list_init</STRONG> (Thumb, 6 bytes, Stack size 0 bytes, timer.o(i.rt_list_init))
<BR><BR>[Called By]<UL><LI><a href="#[2ec]">&gt;&gt;</a>&nbsp;&nbsp;&nbsp;rt_timer_check
<LI><a href="#[15f]">&gt;&gt;</a>&nbsp;&nbsp;&nbsp;_timer_init
<LI><a href="#[2e5]">&gt;&gt;</a>&nbsp;&nbsp;&nbsp;rt_system_timer_init
</UL>

<P><STRONG><a name="[2ed]"></a>rt_list_insert_after</STRONG> (Thumb, 14 bytes, Stack size 0 bytes, timer.o(i.rt_list_insert_after))
<BR><BR>[Called By]<UL><LI><a href="#[1a3]">&gt;&gt;</a>&nbsp;&nbsp;&nbsp;rt_timer_start
<LI><a href="#[2ec]">&gt;&gt;</a>&nbsp;&nbsp;&nbsp;rt_timer_check
</UL>

<P><STRONG><a name="[2ee]"></a>rt_list_isempty</STRONG> (Thumb, 16 bytes, Stack size 0 bytes, timer.o(i.rt_list_isempty))
<BR><BR>[Called By]<UL><LI><a href="#[2ec]">&gt;&gt;</a>&nbsp;&nbsp;&nbsp;rt_timer_check
</UL>

<P><STRONG><a name="[162]"></a>rt_list_remove</STRONG> (Thumb, 18 bytes, Stack size 0 bytes, timer.o(i.rt_list_remove))
<BR><BR>[Called By]<UL><LI><a href="#[2ec]">&gt;&gt;</a>&nbsp;&nbsp;&nbsp;rt_timer_check
<LI><a href="#[161]">&gt;&gt;</a>&nbsp;&nbsp;&nbsp;_timer_remove
</UL>

<P><STRONG><a name="[283]"></a>plug_holes</STRONG> (Thumb, 160 bytes, Stack size 16 bytes, mem.o(i.plug_holes))
<BR><BR>[Stack]<UL><LI>Max Depth = 40<LI>Call Chain = plug_holes &rArr; rt_assert_handler &rArr;  rt_kprintf (Cycle)
</UL>
<BR>[Calls]<UL><LI><a href="#[12f]">&gt;&gt;</a>&nbsp;&nbsp;&nbsp;rt_assert_handler
</UL>
<BR>[Called By]<UL><LI><a href="#[e0]">&gt;&gt;</a>&nbsp;&nbsp;&nbsp;rt_free
</UL>

<P><STRONG><a name="[24f]"></a>__isleap</STRONG> (Thumb, 52 bytes, Stack size 0 bytes, time.o(i.__isleap))
<BR><BR>[Called By]<UL><LI><a href="#[273]">&gt;&gt;</a>&nbsp;&nbsp;&nbsp;timegm
<LI><a href="#[24e]">&gt;&gt;</a>&nbsp;&nbsp;&nbsp;gmtime_r
</UL>

<P><STRONG><a name="[24c]"></a>get_timeval</STRONG> (Thumb, 108 bytes, Stack size 16 bytes, time.o(i.get_timeval))
<BR><BR>[Stack]<UL><LI>Max Depth = 284<LI>Call Chain = get_timeval &rArr; rt_device_find &rArr; rt_object_find &rArr; rt_exit_critical &rArr; rt_schedule &rArr; _rt_scheduler_stack_check &rArr; rt_kprintf &rArr; rt_vsnprintf &rArr; print_number
</UL>
<BR>[Calls]<UL><LI><a href="#[de]">&gt;&gt;</a>&nbsp;&nbsp;&nbsp;rt_kprintf
<LI><a href="#[177]">&gt;&gt;</a>&nbsp;&nbsp;&nbsp;rt_device_find
<LI><a href="#[24d]">&gt;&gt;</a>&nbsp;&nbsp;&nbsp;rt_device_control
<LI><a href="#[22b]">&gt;&gt;</a>&nbsp;&nbsp;&nbsp;rt_device_open
<LI><a href="#[22c]">&gt;&gt;</a>&nbsp;&nbsp;&nbsp;rt_device_close
</UL>
<BR>[Called By]<UL><LI><a href="#[1f0]">&gt;&gt;</a>&nbsp;&nbsp;&nbsp;time
</UL>

<P><STRONG><a name="[191]"></a>num2str</STRONG> (Thumb, 26 bytes, Stack size 0 bytes, time.o(i.num2str))
<BR><BR>[Called By]<UL><LI><a href="#[190]">&gt;&gt;</a>&nbsp;&nbsp;&nbsp;asctime_r
</UL>

<P><STRONG><a name="[2ff]"></a>system_clock_108m_hxtal</STRONG> (Thumb, 182 bytes, Stack size 0 bytes, system_gd32f10x.o(i.system_clock_108m_hxtal))
<BR><BR>[Called By]<UL><LI><a href="#[11e]">&gt;&gt;</a>&nbsp;&nbsp;&nbsp;system_clock_config
</UL>

<P><STRONG><a name="[11e]"></a>system_clock_config</STRONG> (Thumb, 8 bytes, Stack size 8 bytes, system_gd32f10x.o(i.system_clock_config))
<BR><BR>[Stack]<UL><LI>Max Depth = 8<LI>Call Chain = system_clock_config
</UL>
<BR>[Calls]<UL><LI><a href="#[2ff]">&gt;&gt;</a>&nbsp;&nbsp;&nbsp;system_clock_108m_hxtal
</UL>
<BR>[Called By]<UL><LI><a href="#[4f]">&gt;&gt;</a>&nbsp;&nbsp;&nbsp;SystemInit
</UL>

<P><STRONG><a name="[7]"></a>wz_hw_read</STRONG> (Thumb, 82 bytes, Stack size 24 bytes, wzgprs_com_drv.o(i.wz_hw_read))
<BR><BR>[Stack]<UL><LI>Max Depth = 308<LI>Call Chain = wz_hw_read &rArr; rt_sem_take &rArr; rt_timer_start &rArr; rt_schedule &rArr; _rt_scheduler_stack_check &rArr; rt_kprintf &rArr; rt_vsnprintf &rArr; print_number
</UL>
<BR>[Calls]<UL><LI><a href="#[206]">&gt;&gt;</a>&nbsp;&nbsp;&nbsp;rt_sem_take
<LI><a href="#[229]">&gt;&gt;</a>&nbsp;&nbsp;&nbsp;rt_device_read
</UL>
<BR>[Address Reference Count : 1]<UL><LI> wzgprs_com_drv.o(.data)
</UL>
<P><STRONG><a name="[6]"></a>wz_hw_write</STRONG> (Thumb, 24 bytes, Stack size 16 bytes, wzgprs_com_drv.o(i.wz_hw_write))
<BR><BR>[Stack]<UL><LI>Max Depth = 72<LI>Call Chain = wz_hw_write &rArr; rt_device_write &rArr; rt_set_errno &rArr; rt_interrupt_get_nest
</UL>
<BR>[Calls]<UL><LI><a href="#[2b4]">&gt;&gt;</a>&nbsp;&nbsp;&nbsp;rt_device_write
</UL>
<BR>[Address Reference Count : 1]<UL><LI> wzgprs_com_drv.o(.data)
</UL>
<P><STRONG><a name="[121]"></a>_printf_core</STRONG> (Thumb, 996 bytes, Stack size 104 bytes, printf8.o(i._printf_core), UNUSED)
<BR><BR>[Calls]<UL><LI><a href="#[13f]">&gt;&gt;</a>&nbsp;&nbsp;&nbsp;_printf_pre_padding
<LI><a href="#[140]">&gt;&gt;</a>&nbsp;&nbsp;&nbsp;_printf_post_padding
<LI><a href="#[c8]">&gt;&gt;</a>&nbsp;&nbsp;&nbsp;__aeabi_uldivmod
</UL>
<BR>[Called By]<UL><LI><a href="#[123]">&gt;&gt;</a>&nbsp;&nbsp;&nbsp;__0sprintf$8
<LI><a href="#[122]">&gt;&gt;</a>&nbsp;&nbsp;&nbsp;__0snprintf$8
<LI><a href="#[120]">&gt;&gt;</a>&nbsp;&nbsp;&nbsp;__0printf$8
</UL>

<P><STRONG><a name="[140]"></a>_printf_post_padding</STRONG> (Thumb, 36 bytes, Stack size 24 bytes, printf8.o(i._printf_post_padding), UNUSED)
<BR><BR>[Called By]<UL><LI><a href="#[121]">&gt;&gt;</a>&nbsp;&nbsp;&nbsp;_printf_core
</UL>

<P><STRONG><a name="[13f]"></a>_printf_pre_padding</STRONG> (Thumb, 46 bytes, Stack size 24 bytes, printf8.o(i._printf_pre_padding), UNUSED)
<BR><BR>[Called By]<UL><LI><a href="#[121]">&gt;&gt;</a>&nbsp;&nbsp;&nbsp;_printf_core
</UL>

<P><STRONG><a name="[52]"></a>_snputc</STRONG> (Thumb, 22 bytes, Stack size 0 bytes, printf8.o(i._snputc))
<BR>[Address Reference Count : 1]<UL><LI> printf8.o(i.__0snprintf$8)
</UL>
<P><STRONG><a name="[53]"></a>_sputc</STRONG> (Thumb, 10 bytes, Stack size 0 bytes, printf8.o(i._sputc))
<BR><BR>[Called By]<UL><LI><a href="#[123]">&gt;&gt;</a>&nbsp;&nbsp;&nbsp;__0sprintf$8
</UL>
<BR>[Address Reference Count : 1]<UL><LI> printf8.o(i.__0sprintf$8)
</UL><P>
<H3>
Undefined Global Symbols
</H3><HR></body></html>
